Archive member included to satisfy reference by file (symbol)

C:/RMdiankong/STM32CubeCLT/STM32CubeCLT_1.16.0/GNU-tools-for-STM32/bin/../lib/gcc/arm-none-eabi/12.3.1/thumb/v7e-m/nofp\libgcc.a(_arm_mulsf3.o)
                              CMakeFiles/homework1.elf.dir/Core/Src/PID.cpp.obj (__aeabi_fmul)
C:/RMdiankong/STM32CubeCLT/STM32CubeCLT_1.16.0/GNU-tools-for-STM32/bin/../lib/gcc/arm-none-eabi/12.3.1/thumb/v7e-m/nofp\libgcc.a(_arm_addsubsf3.o)
                              CMakeFiles/homework1.elf.dir/Core/Src/PID.cpp.obj (__aeabi_fsub)
C:/RMdiankong/STM32CubeCLT/STM32CubeCLT_1.16.0/GNU-tools-for-STM32/bin/../lib/gcc/arm-none-eabi/12.3.1/thumb/v7e-m/nofp\libgcc.a(_arm_cmpsf2.o)
                              CMakeFiles/homework1.elf.dir/Core/Src/PID.cpp.obj (__aeabi_fcmplt)
C:/RMdiankong/STM32CubeCLT/STM32CubeCLT_1.16.0/GNU-tools-for-STM32/bin/../lib/gcc/arm-none-eabi/12.3.1/thumb/v7e-m/nofp\libgcc.a(_arm_fixsfsi.o)
                              CMakeFiles/homework1.elf.dir/Core/Src/callback.cpp.obj (__aeabi_f2iz)
C:/RMdiankong/STM32CubeCLT/STM32CubeCLT_1.16.0/GNU-tools-for-STM32/bin/../lib/gcc/arm-none-eabi/12.3.1/thumb/v7e-m/nofp\libgcc.a(_arm_fixunssfsi.o)
                              CMakeFiles/homework1.elf.dir/Core/Src/callback.cpp.obj (__aeabi_f2uiz)
C:/RMdiankong/STM32CubeCLT/STM32CubeCLT_1.16.0/GNU-tools-for-STM32/bin/../lib/gcc/arm-none-eabi/12.3.1/thumb/v7e-m/nofp\libgcc.a(_aeabi_uldivmod.o)
                              CMakeFiles/homework1.elf.dir/Drivers/STM32F4xx_HAL_Driver/Src/stm32f4xx_hal_rcc.c.obj (__aeabi_uldivmod)
C:/RMdiankong/STM32CubeCLT/STM32CubeCLT_1.16.0/GNU-tools-for-STM32/bin/../lib/gcc/arm-none-eabi/12.3.1/thumb/v7e-m/nofp\libgcc.a(_udivmoddi4.o)
                              C:/RMdiankong/STM32CubeCLT/STM32CubeCLT_1.16.0/GNU-tools-for-STM32/bin/../lib/gcc/arm-none-eabi/12.3.1/thumb/v7e-m/nofp\libgcc.a(_aeabi_uldivmod.o) (__udivmoddi4)
C:/RMdiankong/STM32CubeCLT/STM32CubeCLT_1.16.0/GNU-tools-for-STM32/bin/../lib/gcc/arm-none-eabi/12.3.1/thumb/v7e-m/nofp\libgcc.a(unwind-arm.o)
                              CMakeFiles/homework1.elf.dir/Core/Src/callback.cpp.obj (__aeabi_unwind_cpp_pr0)
C:/RMdiankong/STM32CubeCLT/STM32CubeCLT_1.16.0/GNU-tools-for-STM32/bin/../lib/gcc/arm-none-eabi/12.3.1/thumb/v7e-m/nofp\libgcc.a(libunwind.o)
                              C:/RMdiankong/STM32CubeCLT/STM32CubeCLT_1.16.0/GNU-tools-for-STM32/bin/../lib/gcc/arm-none-eabi/12.3.1/thumb/v7e-m/nofp\libgcc.a(unwind-arm.o) (restore_core_regs)
C:/RMdiankong/STM32CubeCLT/STM32CubeCLT_1.16.0/GNU-tools-for-STM32/bin/../lib/gcc/arm-none-eabi/12.3.1/thumb/v7e-m/nofp\libgcc.a(pr-support.o)
                              C:/RMdiankong/STM32CubeCLT/STM32CubeCLT_1.16.0/GNU-tools-for-STM32/bin/../lib/gcc/arm-none-eabi/12.3.1/thumb/v7e-m/nofp\libgcc.a(unwind-arm.o) (__gnu_unwind_execute)
C:/RMdiankong/STM32CubeCLT/STM32CubeCLT_1.16.0/GNU-tools-for-STM32/bin/../lib/gcc/arm-none-eabi/12.3.1/thumb/v7e-m/nofp\libgcc.a(_dvmd_tls.o)
                              C:/RMdiankong/STM32CubeCLT/STM32CubeCLT_1.16.0/GNU-tools-for-STM32/bin/../lib/gcc/arm-none-eabi/12.3.1/thumb/v7e-m/nofp\libgcc.a(_aeabi_uldivmod.o) (__aeabi_ldiv0)
C:/RMdiankong/STM32CubeCLT/STM32CubeCLT_1.16.0/GNU-tools-for-STM32/bin/../lib/gcc/arm-none-eabi/12.3.1/../../../../arm-none-eabi/lib/thumb/v7e-m/nofp\libg.a(libc_a-abort.o)
                              C:/RMdiankong/STM32CubeCLT/STM32CubeCLT_1.16.0/GNU-tools-for-STM32/bin/../lib/gcc/arm-none-eabi/12.3.1/thumb/v7e-m/nofp\libgcc.a(unwind-arm.o) (abort)
C:/RMdiankong/STM32CubeCLT/STM32CubeCLT_1.16.0/GNU-tools-for-STM32/bin/../lib/gcc/arm-none-eabi/12.3.1/../../../../arm-none-eabi/lib/thumb/v7e-m/nofp\libg.a(libc_a-exit.o)
                              C:/RMdiankong/STM32CubeCLT/STM32CubeCLT_1.16.0/GNU-tools-for-STM32/bin/../lib/gcc/arm-none-eabi/12.3.1/../../../../arm-none-eabi/lib/thumb/v7e-m/nofp/crt0.o (exit)
C:/RMdiankong/STM32CubeCLT/STM32CubeCLT_1.16.0/GNU-tools-for-STM32/bin/../lib/gcc/arm-none-eabi/12.3.1/../../../../arm-none-eabi/lib/thumb/v7e-m/nofp\libg.a(libc_a-findfp.o)
                              C:/RMdiankong/STM32CubeCLT/STM32CubeCLT_1.16.0/GNU-tools-for-STM32/bin/../lib/gcc/arm-none-eabi/12.3.1/../../../../arm-none-eabi/lib/thumb/v7e-m/nofp\libg.a(libc_a-exit.o) (__stdio_exit_handler)
C:/RMdiankong/STM32CubeCLT/STM32CubeCLT_1.16.0/GNU-tools-for-STM32/bin/../lib/gcc/arm-none-eabi/12.3.1/../../../../arm-none-eabi/lib/thumb/v7e-m/nofp\libg.a(libc_a-fwalk.o)
                              C:/RMdiankong/STM32CubeCLT/STM32CubeCLT_1.16.0/GNU-tools-for-STM32/bin/../lib/gcc/arm-none-eabi/12.3.1/../../../../arm-none-eabi/lib/thumb/v7e-m/nofp\libg.a(libc_a-findfp.o) (_fwalk_sglue)
C:/RMdiankong/STM32CubeCLT/STM32CubeCLT_1.16.0/GNU-tools-for-STM32/bin/../lib/gcc/arm-none-eabi/12.3.1/../../../../arm-none-eabi/lib/thumb/v7e-m/nofp\libg.a(libc_a-stdio.o)
[...]
Memory Configuration

Name             Origin             Length             Attributes
CCMRAM           0x10000000         0x00010000         xrw
RAM              0x20000000         0x00030000         xrw
FLASH            0x08000000         0x00200000         xr
*default*        0x00000000         0xffffffff

Linker script and memory map

LOAD C:/RMdiankong/STM32CubeCLT/STM32CubeCLT_1.16.0/GNU-tools-for-STM32/bin/../lib/gcc/arm-none-eabi/12.3.1/thumb/v7e-m/nofp/crti.o
LOAD C:/RMdiankong/STM32CubeCLT/STM32CubeCLT_1.16.0/GNU-tools-for-STM32/bin/../lib/gcc/arm-none-eabi/12.3.1/thumb/v7e-m/nofp/crtbegin.o
LOAD C:/RMdiankong/STM32CubeCLT/STM32CubeCLT_1.16.0/GNU-tools-for-STM32/bin/../lib/gcc/arm-none-eabi/12.3.1/../../../../arm-none-eabi/lib/thumb/v7e-m/nofp/crt0.o
LOAD CMakeFiles/homework1.elf.dir/Core/Src/PID.cpp.obj
LOAD CMakeFiles/homework1.elf.dir/Core/Src/callback.cpp.obj
LOAD CMakeFiles/homework1.elf.dir/Core/Src/can.c.obj
LOAD CMakeFiles/homework1.elf.dir/Core/Src/dma.c.obj
LOAD CMakeFiles/homework1.elf.dir/Core/Src/gpio.c.obj
LOAD CMakeFiles/homework1.elf.dir/Core/Src/main.c.obj
LOAD CMakeFiles/homework1.elf.dir/Core/Src/stm32f4xx_hal_msp.c.obj
LOAD CMakeFiles/homework1.elf.dir/Core/Src/stm32f4xx_it.c.obj
LOAD CMakeFiles/homework1.elf.dir/Core/Src/syscalls.c.obj
LOAD CMakeFiles/homework1.elf.dir/Core/Src/sysmem.c.obj
LOAD CMakeFiles/homework1.elf.dir/Core/Src/system_stm32f4xx.c.obj
LOAD CMakeFiles/homework1.elf.dir/Core/Src/tim.c.obj
LOAD CMakeFiles/homework1.elf.dir/Core/Src/usart.c.obj
LOAD CMakeFiles/homework1.elf.dir/Core/Startup/startup_stm32f427iihx.s.obj
LOAD CMakeFiles/homework1.elf.dir/Drivers/STM32F4xx_HAL_Driver/Src/stm32f4xx_hal.c.obj
LOAD CMakeFiles/homework1.elf.dir/Drivers/STM32F4xx_HAL_Driver/Src/stm32f4xx_hal_can.c.obj
LOAD CMakeFiles/homework1.elf.dir/Drivers/STM32F4xx_HAL_Driver/Src/stm32f4xx_hal_cortex.c.obj
LOAD CMakeFiles/homework1.elf.dir/Drivers/STM32F4xx_HAL_Driver/Src/stm32f4xx_hal_dma.c.obj
LOAD CMakeFiles/homework1.elf.dir/Drivers/STM32F4xx_HAL_Driver/Src/stm32f4xx_hal_dma_ex.c.obj
LOAD CMakeFiles/homework1.elf.dir/Drivers/STM32F4xx_HAL_Driver/Src/stm32f4xx_hal_exti.c.obj
LOAD CMakeFiles/homework1.elf.dir/Drivers/STM32F4xx_HAL_Driver/Src/stm32f4xx_hal_flash.c.obj
LOAD CMakeFiles/homework1.elf.dir/Drivers/STM32F4xx_HAL_Driver/Src/stm32f4xx_hal_flash_ex.c.obj
LOAD CMakeFiles/homework1.elf.dir/Drivers/STM32F4xx_HAL_Driver/Src/stm32f4xx_hal_flash_ramfunc.c.obj
LOAD CMakeFiles/homework1.elf.dir/Drivers/STM32F4xx_HAL_Driver/Src/stm32f4xx_hal_gpio.c.obj
LOAD CMakeFiles/homework1.elf.dir/Drivers/STM32F4xx_HAL_Driver/Src/stm32f4xx_hal_pwr.c.obj
LOAD CMakeFiles/homework1.elf.dir/Drivers/STM32F4xx_HAL_Driver/Src/stm32f4xx_hal_pwr_ex.c.obj
LOAD CMakeFiles/homework1.elf.dir/Drivers/STM32F4xx_HAL_Driver/Src/stm32f4xx_hal_rcc.c.obj
LOAD CMakeFiles/homework1.elf.dir/Drivers/STM32F4xx_HAL_Driver/Src/stm32f4xx_hal_rcc_ex.c.obj
LOAD CMakeFiles/homework1.elf.dir/Drivers/STM32F4xx_HAL_Driver/Src/stm32f4xx_hal_tim.c.obj
LOAD CMakeFiles/homework1.elf.dir/Drivers/STM32F4xx_HAL_Driver/Src/stm32f4xx_hal_tim_ex.c.obj
LOAD CMakeFiles/homework1.elf.dir/Drivers/STM32F4xx_HAL_Driver/Src/stm32f4xx_hal_uart.c.obj
LOAD C:/RMdiankong/STM32CubeCLT/STM32CubeCLT_1.16.0/GNU-tools-for-STM32/bin/../lib/gcc/arm-none-eabi/12.3.1/../../../../arm-none-eabi/lib/thumb/v7e-m/nofp\libstdc++.a
LOAD C:/RMdiankong/STM32CubeCLT/STM32CubeCLT_1.16.0/GNU-tools-for-STM32/bin/../lib/gcc/arm-none-eabi/12.3.1/../../../../arm-none-eabi/lib/thumb/v7e-m/nofp\libm.a
START GROUP
LOAD C:/RMdiankong/STM32CubeCLT/STM32CubeCLT_1.16.0/GNU-tools-for-STM32/bin/../lib/gcc/arm-none-eabi/12.3.1/thumb/v7e-m/nofp\libgcc.a
LOAD C:/RMdiankong/STM32CubeCLT/STM32CubeCLT_1.16.0/GNU-tools-for-STM32/bin/../lib/gcc/arm-none-eabi/12.3.1/../../../../arm-none-eabi/lib/thumb/v7e-m/nofp\libg.a
LOAD C:/RMdiankong/STM32CubeCLT/STM32CubeCLT_1.16.0/GNU-tools-for-STM32/bin/../lib/gcc/arm-none-eabi/12.3.1/../../../../arm-none-eabi/lib/thumb/v7e-m/nofp\libc.a
END GROUP
LOAD C:/RMdiankong/STM32CubeCLT/STM32CubeCLT_1.16.0/GNU-tools-for-STM32/bin/../lib/gcc/arm-none-eabi/12.3.1/thumb/v7e-m/nofp/crtend.o
LOAD C:/RMdiankong/STM32CubeCLT/STM32CubeCLT_1.16.0/GNU-tools-for-STM32/bin/../lib/gcc/arm-none-eabi/12.3.1/thumb/v7e-m/nofp/crtn.o
                0x20030000                        _estack = (ORIGIN (RAM) + LENGTH (RAM))
                0x00000200                        _Min_Heap_Size = 0x200
                0x00000400                        _Min_Stack_Size = 0x400

.isr_vector     0x08000000      0x1ac
                0x08000000                        . = ALIGN (0x4)
 *(.isr_vector)
 .isr_vector    0x08000000      0x1ac CMakeFiles/homework1.elf.dir/Core/Startup/startup_stm32f427iihx.s.obj
                0x08000000                g_pfnVectors
                0x080001ac                        . = ALIGN (0x4)

.text           0x080001ac     0x4c14
                0x080001ac                        . = ALIGN (0x4)
 *(.text)
 .text          0x080001ac       0x40 C:/RMdiankong/STM32CubeCLT/STM32CubeCLT_1.16.0/GNU-tools-for-STM32/bin/../lib/gcc/arm-none-eabi/12.3.1/thumb/v7e-m/nofp/crtbegin.o
 .text          0x080001ec      0x168 C:/RMdiankong/STM32CubeCLT/STM32CubeCLT_1.16.0/GNU-tools-for-STM32/bin/../lib/gcc/arm-none-eabi/12.3.1/thumb/v7e-m/nofp\libgcc.a(_arm_mulsf3.o)
                0x080001ec                __aeabi_fmul
                0x080001ec                __mulsf3
 .text          0x08000354      0x21c C:/RMdiankong/STM32CubeCLT/STM32CubeCLT_1.16.0/GNU-tools-for-STM32/bin/../lib/gcc/arm-none-eabi/12.3.1/thumb/v7e-m/nofp\libgcc.a(_arm_addsubsf3.o)
                0x08000354                __aeabi_frsub
                0x0800035c                __subsf3
                0x0800035c                __aeabi_fsub
                0x08000360                __aeabi_fadd
                0x08000360                __addsf3
                0x080004c0                __aeabi_ui2f
                0x080004c0                __floatunsisf
                0x080004c8                __aeabi_i2f
                0x080004c8                __floatsisf
                0x080004e4                __aeabi_ul2f
                0x080004e4                __floatundisf
                0x080004f4                __aeabi_l2f
                0x080004f4                __floatdisf
 .text          0x08000570       0xec C:/RMdiankong/STM32CubeCLT/STM32CubeCLT_1.16.0/GNU-tools-for-STM32/bin/../lib/gcc/arm-none-eabi/12.3.1/thumb/v7e-m/nofp\libgcc.a(_arm_cmpsf2.o)
                0x08000570                __gesf2
                0x08000570                __gtsf2
                0x08000578                __lesf2
                0x08000578                __ltsf2
                0x08000580                __nesf2
                0x08000580                __eqsf2
                0x08000580                __cmpsf2
                0x080005e0                __aeabi_cfrcmple
                0x080005e8                __aeabi_cfcmpeq
                0x080005e8                __aeabi_cfcmple
                0x080005f8                __aeabi_fcmpeq
                0x0800060c                __aeabi_fcmplt
                0x08000620                __aeabi_fcmple
                0x08000634                __aeabi_fcmpge
                0x08000648                __aeabi_fcmpgt
 .text          0x0800065c       0x4c C:/RMdiankong/STM32CubeCLT/STM32CubeCLT_1.16.0/GNU-tools-for-STM32/bin/../lib/gcc/arm-none-eabi/12.3.1/thumb/v7e-m/nofp\libgcc.a(_arm_fixsfsi.o)
                0x0800065c                __aeabi_f2iz
                0x0800065c                __fixsfsi
 .text          0x080006a8       0x40 C:/RMdiankong/STM32CubeCLT/STM32CubeCLT_1.16.0/GNU-tools-for-STM32/bin/../lib/gcc/arm-none-eabi/12.3.1/thumb/v7e-m/nofp\libgcc.a(_arm_fixunssfsi.o)
                0x080006a8                __fixunssfsi
                0x080006a8                __aeabi_f2uiz
 .text          0x080006e8       0x30 C:/RMdiankong/STM32CubeCLT/STM32CubeCLT_1.16.0/GNU-tools-for-STM32/bin/../lib/gcc/arm-none-eabi/12.3.1/thumb/v7e-m/nofp\libgcc.a(_aeabi_uldivmod.o)
                0x080006e8                __aeabi_uldivmod
 .text          0x08000718      0x2bc C:/RMdiankong/STM32CubeCLT/STM32CubeCLT_1.16.0/GNU-tools-for-STM32/bin/../lib/gcc/arm-none-eabi/12.3.1/thumb/v7e-m/nofp\libgcc.a(_udivmoddi4.o)
                0x08000718                __udivmoddi4
 .text          0x080009d4      0x9f4 C:/RMdiankong/STM32CubeCLT/STM32CubeCLT_1.16.0/GNU-tools-for-STM32/bin/../lib/gcc/arm-none-eabi/12.3.1/thumb/v7e-m/nofp\libgcc.a(unwind-arm.o)
                0x08000c84                _Unwind_GetCFA
                0x08000c88                __gnu_Unwind_RaiseException
                0x08000cf0                __gnu_Unwind_ForcedUnwind
                0x08000d00                __gnu_Unwind_Resume
                0x08000d44                __gnu_Unwind_Resume_or_Rethrow
                0x08000d54                _Unwind_Complete
                0x08000d58                _Unwind_DeleteException
                0x08000d64                _Unwind_VRS_Get
                0x08000db0                _Unwind_VRS_Set
                0x08000df8                __gnu_Unwind_Backtrace
                0x08001114                __aeabi_unwind_cpp_pr0
                0x08001118                __aeabi_unwind_cpp_pr1
                0x0800111c                __aeabi_unwind_cpp_pr2
                0x08001120                _Unwind_VRS_Pop
 .text          0x080013c8      0x1ac C:/RMdiankong/STM32CubeCLT/STM32CubeCLT_1.16.0/GNU-tools-for-STM32/bin/../lib/gcc/arm-none-eabi/12.3.1/thumb/v7e-m/nofp\libgcc.a(libunwind.o)
                0x080013c8                __restore_core_regs
                0x080013c8                restore_core_regs
                0x080013e0                __gnu_Unwind_Restore_VFP
                0x080013e8                __gnu_Unwind_Save_VFP
                0x080013f0                __gnu_Unwind_Restore_VFP_D
                0x080013f8                __gnu_Unwind_Save_VFP_D
                0x08001400                __gnu_Unwind_Restore_VFP_D_16_to_31
                0x08001408                __gnu_Unwind_Save_VFP_D_16_to_31
                0x08001410                __gnu_Unwind_Restore_WMMXD
                0x08001454                __gnu_Unwind_Save_WMMXD
                0x08001498                __gnu_Unwind_Restore_WMMXC
                0x080014ac                __gnu_Unwind_Save_WMMXC
                0x080014c0                ___Unwind_RaiseException
                0x080014c0                _Unwind_RaiseException
                0x080014e4                _Unwind_Resume
                0x080014e4                ___Unwind_Resume
                0x08001508                _Unwind_Resume_or_Rethrow
                0x08001508                ___Unwind_Resume_or_Rethrow
                0x0800152c                _Unwind_ForcedUnwind
                0x0800152c                ___Unwind_ForcedUnwind
                0x08001550                ___Unwind_Backtrace
                0x08001550                _Unwind_Backtrace
 .text          0x08001574      0x378 C:/RMdiankong/STM32CubeCLT/STM32CubeCLT_1.16.0/GNU-tools-for-STM32/bin/../lib/gcc/arm-none-eabi/12.3.1/thumb/v7e-m/nofp\libgcc.a(pr-support.o)
                0x080015cc                __gnu_unwind_execute
                0x080018a0                __gnu_unwind_frame
                0x080018cc                _Unwind_GetRegionStart
                0x080018d8                _Unwind_GetLanguageSpecificData
 .text          0x080018ec        0x4 C:/RMdiankong/STM32CubeCLT/STM32CubeCLT_1.16.0/GNU-tools-for-STM32/bin/../lib/gcc/arm-none-eabi/12.3.1/thumb/v7e-m/nofp\libgcc.a(_dvmd_tls.o)
                0x080018ec                __aeabi_idiv0
                0x080018ec                __aeabi_ldiv0
 *(.text*)
 .text._ZN3PIDC2Efffff
                0x080018f0       0x10 CMakeFiles/homework1.elf.dir/Core/Src/PID.cpp.obj
                0x080018f0                PID::PID(float, float, float, float, float)
                0x080018f0                PID::PID(float, float, float, float, float)
 .text._ZN3PID9calculateEff
                0x08001900       0xa2 CMakeFiles/homework1.elf.dir/Core/Src/PID.cpp.obj
                0x08001900                PID::calculate(float, float)
 *fill*         0x080019a2        0x2 
 .text._Z41__static_initialization_and_destruction_0ii
                0x080019a4       0x4c CMakeFiles/homework1.elf.dir/Core/Src/callback.cpp.obj
 .text._Z8GetSpeedhh
                0x080019f0        0x8 CMakeFiles/homework1.elf.dir/Core/Src/callback.cpp.obj
                0x080019f0                GetSpeed(unsigned char, unsigned char)
 .text.HAL_CAN_RxFifo0MsgPendingCallback
                0x080019f8       0xc0 CMakeFiles/homework1.elf.dir/Core/Src/callback.cpp.obj
                0x080019f8                HAL_CAN_RxFifo0MsgPendingCallback
 .text._GLOBAL__sub_I_rxHeader
                0x08001ab8        0xe CMakeFiles/homework1.elf.dir/Core/Src/callback.cpp.obj
 *fill*         0x08001ac6        0x2 
 .text.MX_CAN1_Init
                0x08001ac8       0x40 CMakeFiles/homework1.elf.dir/Core/Src/can.c.obj
                0x08001ac8                MX_CAN1_Init
 .text.HAL_CAN_MspInit
                0x08001b08       0x7c CMakeFiles/homework1.elf.dir/Core/Src/can.c.obj
                0x08001b08                HAL_CAN_MspInit
 .text.MX_DMA_Init
                0x08001b84       0x34 CMakeFiles/homework1.elf.dir/Core/Src/dma.c.obj
                0x08001b84                MX_DMA_Init
 .text.MX_GPIO_Init
                0x08001bb8       0xd0 CMakeFiles/homework1.elf.dir/Core/Src/gpio.c.obj
                0x08001bb8                MX_GPIO_Init
 .text.Error_Handler
                0x08001c88        0x4 CMakeFiles/homework1.elf.dir/Core/Src/main.c.obj
                0x08001c88                Error_Handler
 .text.SystemClock_Config
                0x08001c8c       0xb4 CMakeFiles/homework1.elf.dir/Core/Src/main.c.obj
                0x08001c8c                SystemClock_Config
 .text.main     0x08001d40       0xa4 CMakeFiles/homework1.elf.dir/Core/Src/main.c.obj
                0x08001d40                main
 .text.HAL_MspInit
                0x08001de4       0x38 CMakeFiles/homework1.elf.dir/Core/Src/stm32f4xx_hal_msp.c.obj
                0x08001de4                HAL_MspInit
 .text.NMI_Handler
                0x08001e1c        0x2 CMakeFiles/homework1.elf.dir/Core/Src/stm32f4xx_it.c.obj
                0x08001e1c                NMI_Handler
 .text.HardFault_Handler
                0x08001e1e        0x2 CMakeFiles/homework1.elf.dir/Core/Src/stm32f4xx_it.c.obj
                0x08001e1e                HardFault_Handler
 .text.MemManage_Handler
                0x08001e20        0x2 CMakeFiles/homework1.elf.dir/Core/Src/stm32f4xx_it.c.obj
                0x08001e20                MemManage_Handler
 .text.BusFault_Handler
                0x08001e22        0x2 CMakeFiles/homework1.elf.dir/Core/Src/stm32f4xx_it.c.obj
                0x08001e22                BusFault_Handler
 .text.UsageFault_Handler
                0x08001e24        0x2 CMakeFiles/homework1.elf.dir/Core/Src/stm32f4xx_it.c.obj
                0x08001e24                UsageFault_Handler
 .text.SVC_Handler
                0x08001e26        0x2 CMakeFiles/homework1.elf.dir/Core/Src/stm32f4xx_it.c.obj
                0x08001e26                SVC_Handler
 .text.DebugMon_Handler
                0x08001e28        0x2 CMakeFiles/homework1.elf.dir/Core/Src/stm32f4xx_it.c.obj
                0x08001e28                DebugMon_Handler
 .text.PendSV_Handler
                0x08001e2a        0x2 CMakeFiles/homework1.elf.dir/Core/Src/stm32f4xx_it.c.obj
                0x08001e2a                PendSV_Handler
 .text.SysTick_Handler
                0x08001e2c        0x8 CMakeFiles/homework1.elf.dir/Core/Src/stm32f4xx_it.c.obj
                0x08001e2c                SysTick_Handler
 .text.CAN1_RX0_IRQHandler
                0x08001e34       0x10 CMakeFiles/homework1.elf.dir/Core/Src/stm32f4xx_it.c.obj
                0x08001e34                CAN1_RX0_IRQHandler
 .text.TIM1_BRK_TIM9_IRQHandler
                0x08001e44       0x10 CMakeFiles/homework1.elf.dir/Core/Src/stm32f4xx_it.c.obj
                0x08001e44                TIM1_BRK_TIM9_IRQHandler
 .text.TIM1_UP_TIM10_IRQHandler
                0x08001e54       0x10 CMakeFiles/homework1.elf.dir/Core/Src/stm32f4xx_it.c.obj
                0x08001e54                TIM1_UP_TIM10_IRQHandler
 .text.TIM1_TRG_COM_TIM11_IRQHandler
                0x08001e64       0x10 CMakeFiles/homework1.elf.dir/Core/Src/stm32f4xx_it.c.obj
                0x08001e64                TIM1_TRG_COM_TIM11_IRQHandler
 .text.TIM1_CC_IRQHandler
                0x08001e74       0x10 CMakeFiles/homework1.elf.dir/Core/Src/stm32f4xx_it.c.obj
                0x08001e74                TIM1_CC_IRQHandler
 .text.USART1_IRQHandler
                0x08001e84       0x10 CMakeFiles/homework1.elf.dir/Core/Src/stm32f4xx_it.c.obj
                0x08001e84                USART1_IRQHandler
 .text.TIM6_DAC_IRQHandler
                0x08001e94       0x10 CMakeFiles/homework1.elf.dir/Core/Src/stm32f4xx_it.c.obj
                0x08001e94                TIM6_DAC_IRQHandler
 .text.DMA2_Stream2_IRQHandler
                0x08001ea4       0x10 CMakeFiles/homework1.elf.dir/Core/Src/stm32f4xx_it.c.obj
                0x08001ea4                DMA2_Stream2_IRQHandler
 .text.USART6_IRQHandler
                0x08001eb4       0x10 CMakeFiles/homework1.elf.dir/Core/Src/stm32f4xx_it.c.obj
                0x08001eb4                USART6_IRQHandler
 .text._getpid  0x08001ec4        0x4 CMakeFiles/homework1.elf.dir/Core/Src/syscalls.c.obj
                0x08001ec4                _getpid
 .text._kill    0x08001ec8       0x10 CMakeFiles/homework1.elf.dir/Core/Src/syscalls.c.obj
                0x08001ec8                _kill
 .text._exit    0x08001ed8        0xc CMakeFiles/homework1.elf.dir/Core/Src/syscalls.c.obj
                0x08001ed8                _exit
 .text.SystemInit
                0x08001ee4        0x2 CMakeFiles/homework1.elf.dir/Core/Src/system_stm32f4xx.c.obj
                0x08001ee4                SystemInit
 *fill*         0x08001ee6        0x2 
 .text.MX_TIM6_Init
                0x08001ee8       0x50 CMakeFiles/homework1.elf.dir/Core/Src/tim.c.obj
                0x08001ee8                MX_TIM6_Init
 .text.HAL_TIM_Base_MspInit
                0x08001f38       0xa4 CMakeFiles/homework1.elf.dir/Core/Src/tim.c.obj
                0x08001f38                HAL_TIM_Base_MspInit
 .text.HAL_TIM_MspPostInit
                0x08001fdc       0x5c CMakeFiles/homework1.elf.dir/Core/Src/tim.c.obj
                0x08001fdc                HAL_TIM_MspPostInit
 .text.MX_TIM1_Init
                0x08002038       0xec CMakeFiles/homework1.elf.dir/Core/Src/tim.c.obj
                0x08002038                MX_TIM1_Init
 .text.MX_USART1_UART_Init
                0x08002124       0x40 CMakeFiles/homework1.elf.dir/Core/Src/usart.c.obj
                0x08002124                MX_USART1_UART_Init
 .text.MX_USART6_UART_Init
                0x08002164       0x38 CMakeFiles/homework1.elf.dir/Core/Src/usart.c.obj
                0x08002164                MX_USART6_UART_Init
 .text.HAL_UART_MspInit
                0x0800219c      0x128 CMakeFiles/homework1.elf.dir/Core/Src/usart.c.obj
                0x0800219c                HAL_UART_MspInit
 .text.Reset_Handler
                0x080022c4       0x50 CMakeFiles/homework1.elf.dir/Core/Startup/startup_stm32f427iihx.s.obj
                0x080022c4                Reset_Handler
 .text.Default_Handler
                0x08002314        0x2 CMakeFiles/homework1.elf.dir/Core/Startup/startup_stm32f427iihx.s.obj
                0x08002314                RTC_Alarm_IRQHandler
                0x08002314                HASH_RNG_IRQHandler
                0x08002314                EXTI2_IRQHandler
                0x08002314                TIM8_CC_IRQHandler
                0x08002314                UART8_IRQHandler
                0x08002314                SPI4_IRQHandler
                0x08002314                DMA2_Stream5_IRQHandler
                0x08002314                DMA1_Stream5_IRQHandler
                0x08002314                PVD_IRQHandler
                0x08002314                SDIO_IRQHandler
                0x08002314                TAMP_STAMP_IRQHandler
                0x08002314                CAN2_RX1_IRQHandler
                0x08002314                EXTI3_IRQHandler
                0x08002314                TIM8_TRG_COM_TIM14_IRQHandler
                0x08002314                TIM8_UP_TIM13_IRQHandler
                0x08002314                I2C3_ER_IRQHandler
                0x08002314                EXTI0_IRQHandler
                0x08002314                I2C2_EV_IRQHandler
                0x08002314                DMA1_Stream2_IRQHandler
                0x08002314                FPU_IRQHandler
                0x08002314                OTG_HS_WKUP_IRQHandler
                0x08002314                CAN2_SCE_IRQHandler
                0x08002314                SPI1_IRQHandler
                0x08002314                DCMI_IRQHandler
                0x08002314                CAN2_RX0_IRQHandler
                0x08002314                DMA2_Stream3_IRQHandler
                0x08002314                USART3_IRQHandler
                0x08002314                CAN1_RX1_IRQHandler
                0x08002314                UART5_IRQHandler
                0x08002314                DMA2_Stream0_IRQHandler
                0x08002314                TIM4_IRQHandler
                0x08002314                I2C1_EV_IRQHandler
                0x08002314                DMA1_Stream6_IRQHandler
                0x08002314                DMA1_Stream1_IRQHandler
                0x08002314                UART4_IRQHandler
                0x08002314                TIM3_IRQHandler
                0x08002314                RCC_IRQHandler
                0x08002314                TIM8_BRK_TIM12_IRQHandler
                0x08002314                Default_Handler
                0x08002314                EXTI15_10_IRQHandler
                0x08002314                ADC_IRQHandler
                0x08002314                DMA1_Stream7_IRQHandler
                0x08002314                SPI5_IRQHandler
                0x08002314                TIM7_IRQHandler
                0x08002314                CAN2_TX_IRQHandler
                0x08002314                TIM5_IRQHandler
                0x08002314                DMA2_Stream7_IRQHandler
                0x08002314                I2C3_EV_IRQHandler
                0x08002314                EXTI9_5_IRQHandler
                0x08002314                RTC_WKUP_IRQHandler
                0x08002314                ETH_WKUP_IRQHandler
                0x08002314                SPI2_IRQHandler
                0x08002314                OTG_HS_EP1_IN_IRQHandler
                0x08002314                DMA1_Stream0_IRQHandler
                0x08002314                CAN1_TX_IRQHandler
                0x08002314                EXTI4_IRQHandler
                0x08002314                ETH_IRQHandler
                0x08002314                OTG_HS_EP1_OUT_IRQHandler
                0x08002314                WWDG_IRQHandler
                0x08002314                SPI6_IRQHandler
                0x08002314                TIM2_IRQHandler
                0x08002314                OTG_FS_WKUP_IRQHandler
                0x08002314                OTG_HS_IRQHandler
                0x08002314                DMA2D_IRQHandler
                0x08002314                EXTI1_IRQHandler
                0x08002314                UART7_IRQHandler
                0x08002314                USART2_IRQHandler
                0x08002314                I2C2_ER_IRQHandler
                0x08002314                DMA2_Stream1_IRQHandler
                0x08002314                CAN1_SCE_IRQHandler
                0x08002314                FLASH_IRQHandler
                0x08002314                DMA2_Stream4_IRQHandler
                0x08002314                OTG_FS_IRQHandler
                0x08002314                SPI3_IRQHandler
                0x08002314                DMA1_Stream4_IRQHandler
                0x08002314                I2C1_ER_IRQHandler
                0x08002314                FMC_IRQHandler
                0x08002314                DMA2_Stream6_IRQHandler
                0x08002314                SAI1_IRQHandler
                0x08002314                DMA1_Stream3_IRQHandler
 *fill*         0x08002316        0x2 
 .text.HAL_InitTick
                0x08002318       0x4c CMakeFiles/homework1.elf.dir/Drivers/STM32F4xx_HAL_Driver/Src/stm32f4xx_hal.c.obj
                0x08002318                HAL_InitTick
 .text.HAL_Init
                0x08002364       0x34 CMakeFiles/homework1.elf.dir/Drivers/STM32F4xx_HAL_Driver/Src/stm32f4xx_hal.c.obj
                0x08002364                HAL_Init
 .text.HAL_IncTick
                0x08002398       0x18 CMakeFiles/homework1.elf.dir/Drivers/STM32F4xx_HAL_Driver/Src/stm32f4xx_hal.c.obj
                0x08002398                HAL_IncTick
 .text.HAL_GetTick
                0x080023b0        0xc CMakeFiles/homework1.elf.dir/Drivers/STM32F4xx_HAL_Driver/Src/stm32f4xx_hal.c.obj
                0x080023b0                HAL_GetTick
 .text.HAL_CAN_Init
                0x080023bc      0x14c CMakeFiles/homework1.elf.dir/Drivers/STM32F4xx_HAL_Driver/Src/stm32f4xx_hal_can.c.obj
                0x080023bc                HAL_CAN_Init
 .text.HAL_CAN_ConfigFilter
                0x08002508      0x13c CMakeFiles/homework1.elf.dir/Drivers/STM32F4xx_HAL_Driver/Src/stm32f4xx_hal_can.c.obj
                0x08002508                HAL_CAN_ConfigFilter
 .text.HAL_CAN_Start
                0x08002644       0x5c CMakeFiles/homework1.elf.dir/Drivers/STM32F4xx_HAL_Driver/Src/stm32f4xx_hal_can.c.obj
                0x08002644                HAL_CAN_Start
 .text.HAL_CAN_AddTxMessage
                0x080026a0       0xea CMakeFiles/homework1.elf.dir/Drivers/STM32F4xx_HAL_Driver/Src/stm32f4xx_hal_can.c.obj
                0x080026a0                HAL_CAN_AddTxMessage
 .text.HAL_CAN_GetRxMessage
                0x0800278a      0x16a CMakeFiles/homework1.elf.dir/Drivers/STM32F4xx_HAL_Driver/Src/stm32f4xx_hal_can.c.obj
                0x0800278a                HAL_CAN_GetRxMessage
 .text.HAL_CAN_ActivateNotification
                0x080028f4       0x24 CMakeFiles/homework1.elf.dir/Drivers/STM32F4xx_HAL_Driver/Src/stm32f4xx_hal_can.c.obj
                0x080028f4                HAL_CAN_ActivateNotification
 .text.HAL_CAN_TxMailbox0CompleteCallback
                0x08002918        0x2 CMakeFiles/homework1.elf.dir/Drivers/STM32F4xx_HAL_Driver/Src/stm32f4xx_hal_can.c.obj
                0x08002918                HAL_CAN_TxMailbox0CompleteCallback
 .text.HAL_CAN_TxMailbox1CompleteCallback
                0x0800291a        0x2 CMakeFiles/homework1.elf.dir/Drivers/STM32F4xx_HAL_Driver/Src/stm32f4xx_hal_can.c.obj
                0x0800291a                HAL_CAN_TxMailbox1CompleteCallback
 .text.HAL_CAN_TxMailbox2CompleteCallback
                0x0800291c        0x2 CMakeFiles/homework1.elf.dir/Drivers/STM32F4xx_HAL_Driver/Src/stm32f4xx_hal_can.c.obj
                0x0800291c                HAL_CAN_TxMailbox2CompleteCallback
 .text.HAL_CAN_TxMailbox0AbortCallback
                0x0800291e        0x2 CMakeFiles/homework1.elf.dir/Drivers/STM32F4xx_HAL_Driver/Src/stm32f4xx_hal_can.c.obj
                0x0800291e                HAL_CAN_TxMailbox0AbortCallback
 .text.HAL_CAN_TxMailbox1AbortCallback
                0x08002920        0x2 CMakeFiles/homework1.elf.dir/Drivers/STM32F4xx_HAL_Driver/Src/stm32f4xx_hal_can.c.obj
                0x08002920                HAL_CAN_TxMailbox1AbortCallback
 .text.HAL_CAN_TxMailbox2AbortCallback
                0x08002922        0x2 CMakeFiles/homework1.elf.dir/Drivers/STM32F4xx_HAL_Driver/Src/stm32f4xx_hal_can.c.obj
                0x08002922                HAL_CAN_TxMailbox2AbortCallback
 .text.HAL_CAN_RxFifo0FullCallback
                0x08002924        0x2 CMakeFiles/homework1.elf.dir/Drivers/STM32F4xx_HAL_Driver/Src/stm32f4xx_hal_can.c.obj
                0x08002924                HAL_CAN_RxFifo0FullCallback
 .text.HAL_CAN_RxFifo1MsgPendingCallback
                0x08002926        0x2 CMakeFiles/homework1.elf.dir/Drivers/STM32F4xx_HAL_Driver/Src/stm32f4xx_hal_can.c.obj
                0x08002926                HAL_CAN_RxFifo1MsgPendingCallback
 .text.HAL_CAN_RxFifo1FullCallback
                0x08002928        0x2 CMakeFiles/homework1.elf.dir/Drivers/STM32F4xx_HAL_Driver/Src/stm32f4xx_hal_can.c.obj
                0x08002928                HAL_CAN_RxFifo1FullCallback
 .text.HAL_CAN_SleepCallback
                0x0800292a        0x2 CMakeFiles/homework1.elf.dir/Drivers/STM32F4xx_HAL_Driver/Src/stm32f4xx_hal_can.c.obj
                0x0800292a                HAL_CAN_SleepCallback
 .text.HAL_CAN_WakeUpFromRxMsgCallback
                0x0800292c        0x2 CMakeFiles/homework1.elf.dir/Drivers/STM32F4xx_HAL_Driver/Src/stm32f4xx_hal_can.c.obj
                0x0800292c                HAL_CAN_WakeUpFromRxMsgCallback
 .text.HAL_CAN_ErrorCallback
                0x0800292e        0x2 CMakeFiles/homework1.elf.dir/Drivers/STM32F4xx_HAL_Driver/Src/stm32f4xx_hal_can.c.obj
                0x0800292e                HAL_CAN_ErrorCallback
 .text.HAL_CAN_IRQHandler
                0x08002930      0x24a CMakeFiles/homework1.elf.dir/Drivers/STM32F4xx_HAL_Driver/Src/stm32f4xx_hal_can.c.obj
                0x08002930                HAL_CAN_IRQHandler
 *fill*         0x08002b7a        0x2 
 .text.__NVIC_EnableIRQ
                0x08002b7c       0x1c CMakeFiles/homework1.elf.dir/Drivers/STM32F4xx_HAL_Driver/Src/stm32f4xx_hal_cortex.c.obj
 .text.__NVIC_SetPriority
                0x08002b98       0x28 CMakeFiles/homework1.elf.dir/Drivers/STM32F4xx_HAL_Driver/Src/stm32f4xx_hal_cortex.c.obj
 .text.NVIC_EncodePriority
                0x08002bc0       0x3e CMakeFiles/homework1.elf.dir/Drivers/STM32F4xx_HAL_Driver/Src/stm32f4xx_hal_cortex.c.obj
 *fill*         0x08002bfe        0x2 
 .text.HAL_NVIC_SetPriorityGrouping
                0x08002c00       0x24 CMakeFiles/homework1.elf.dir/Drivers/STM32F4xx_HAL_Driver/Src/stm32f4xx_hal_cortex.c.obj
                0x08002c00                HAL_NVIC_SetPriorityGrouping
 .text.HAL_NVIC_SetPriority
                0x08002c24       0x20 CMakeFiles/homework1.elf.dir/Drivers/STM32F4xx_HAL_Driver/Src/stm32f4xx_hal_cortex.c.obj
                0x08002c24                HAL_NVIC_SetPriority
 .text.HAL_NVIC_EnableIRQ
                0x08002c44        0x8 CMakeFiles/homework1.elf.dir/Drivers/STM32F4xx_HAL_Driver/Src/stm32f4xx_hal_cortex.c.obj
                0x08002c44                HAL_NVIC_EnableIRQ
 .text.HAL_SYSTICK_Config
                0x08002c4c       0x28 CMakeFiles/homework1.elf.dir/Drivers/STM32F4xx_HAL_Driver/Src/stm32f4xx_hal_cortex.c.obj
                0x08002c4c                HAL_SYSTICK_Config
 .text.DMA_SetConfig
                0x08002c74       0x2c CMakeFiles/homework1.elf.dir/Drivers/STM32F4xx_HAL_Driver/Src/stm32f4xx_hal_dma.c.obj
 .text.DMA_CalcBaseAndBitshift
                0x08002ca0       0x40 CMakeFiles/homework1.elf.dir/Drivers/STM32F4xx_HAL_Driver/Src/stm32f4xx_hal_dma.c.obj
 .text.DMA_CheckFifoParam
                0x08002ce0       0x8e CMakeFiles/homework1.elf.dir/Drivers/STM32F4xx_HAL_Driver/Src/stm32f4xx_hal_dma.c.obj
 *fill*         0x08002d6e        0x2 
 .text.HAL_DMA_Init
                0x08002d70       0xcc CMakeFiles/homework1.elf.dir/Drivers/STM32F4xx_HAL_Driver/Src/stm32f4xx_hal_dma.c.obj
                0x08002d70                HAL_DMA_Init
 .text.HAL_DMA_Start_IT
                0x08002e3c       0x6a CMakeFiles/homework1.elf.dir/Drivers/STM32F4xx_HAL_Driver/Src/stm32f4xx_hal_dma.c.obj
                0x08002e3c                HAL_DMA_Start_IT
 .text.HAL_DMA_Abort
                0x08002ea6       0x94 CMakeFiles/homework1.elf.dir/Drivers/STM32F4xx_HAL_Driver/Src/stm32f4xx_hal_dma.c.obj
                0x08002ea6                HAL_DMA_Abort
 .text.HAL_DMA_Abort_IT
                0x08002f3a       0x26 CMakeFiles/homework1.elf.dir/Drivers/STM32F4xx_HAL_Driver/Src/stm32f4xx_hal_dma.c.obj
                0x08002f3a                HAL_DMA_Abort_IT
 .text.HAL_DMA_IRQHandler
                0x08002f60      0x1dc CMakeFiles/homework1.elf.dir/Drivers/STM32F4xx_HAL_Driver/Src/stm32f4xx_hal_dma.c.obj
                0x08002f60                HAL_DMA_IRQHandler
 .text.HAL_GPIO_Init
                0x0800313c      0x20c CMakeFiles/homework1.elf.dir/Drivers/STM32F4xx_HAL_Driver/Src/stm32f4xx_hal_gpio.c.obj
                0x0800313c                HAL_GPIO_Init
 .text.HAL_GPIO_WritePin
                0x08003348        0xc CMakeFiles/homework1.elf.dir/Drivers/STM32F4xx_HAL_Driver/Src/stm32f4xx_hal_gpio.c.obj
                0x08003348                HAL_GPIO_WritePin
 .text.HAL_PWREx_EnableOverDrive
                0x08003354       0x7c CMakeFiles/homework1.elf.dir/Drivers/STM32F4xx_HAL_Driver/Src/stm32f4xx_hal_pwr_ex.c.obj
                0x08003354                HAL_PWREx_EnableOverDrive
 .text.HAL_RCC_OscConfig
                0x080033d0      0x3f8 CMakeFiles/homework1.elf.dir/Drivers/STM32F4xx_HAL_Driver/Src/stm32f4xx_hal_rcc.c.obj
                0x080033d0                HAL_RCC_OscConfig
 .text.HAL_RCC_GetSysClockFreq
                0x080037c8       0xa8 CMakeFiles/homework1.elf.dir/Drivers/STM32F4xx_HAL_Driver/Src/stm32f4xx_hal_rcc.c.obj
                0x080037c8                HAL_RCC_GetSysClockFreq
 .text.HAL_RCC_ClockConfig
                0x08003870      0x160 CMakeFiles/homework1.elf.dir/Drivers/STM32F4xx_HAL_Driver/Src/stm32f4xx_hal_rcc.c.obj
                0x08003870                HAL_RCC_ClockConfig
 .text.HAL_RCC_GetHCLKFreq
                0x080039d0        0xc CMakeFiles/homework1.elf.dir/Drivers/STM32F4xx_HAL_Driver/Src/stm32f4xx_hal_rcc.c.obj
                0x080039d0                HAL_RCC_GetHCLKFreq
 .text.HAL_RCC_GetPCLK1Freq
                0x080039dc       0x20 CMakeFiles/homework1.elf.dir/Drivers/STM32F4xx_HAL_Driver/Src/stm32f4xx_hal_rcc.c.obj
                0x080039dc                HAL_RCC_GetPCLK1Freq
 .text.HAL_RCC_GetPCLK2Freq
                0x080039fc       0x20 CMakeFiles/homework1.elf.dir/Drivers/STM32F4xx_HAL_Driver/Src/stm32f4xx_hal_rcc.c.obj
                0x080039fc                HAL_RCC_GetPCLK2Freq
 .text.TIM_OC1_SetConfig
                0x08003a1c       0x70 CMakeFiles/homework1.elf.dir/Drivers/STM32F4xx_HAL_Driver/Src/stm32f4xx_hal_tim.c.obj
 .text.TIM_OC3_SetConfig
                0x08003a8c       0x70 CMakeFiles/homework1.elf.dir/Drivers/STM32F4xx_HAL_Driver/Src/stm32f4xx_hal_tim.c.obj
 .text.TIM_OC4_SetConfig
                0x08003afc       0x50 CMakeFiles/homework1.elf.dir/Drivers/STM32F4xx_HAL_Driver/Src/stm32f4xx_hal_tim.c.obj
 .text.TIM_TI1_ConfigInputStage
                0x08003b4c       0x24 CMakeFiles/homework1.elf.dir/Drivers/STM32F4xx_HAL_Driver/Src/stm32f4xx_hal_tim.c.obj
 .text.TIM_TI2_ConfigInputStage
                0x08003b70       0x26 CMakeFiles/homework1.elf.dir/Drivers/STM32F4xx_HAL_Driver/Src/stm32f4xx_hal_tim.c.obj
 .text.TIM_ITRx_SetConfig
                0x08003b96       0x10 CMakeFiles/homework1.elf.dir/Drivers/STM32F4xx_HAL_Driver/Src/stm32f4xx_hal_tim.c.obj
 *fill*         0x08003ba6        0x2 
 .text.HAL_TIM_Base_Start_IT
                0x08003ba8       0x88 CMakeFiles/homework1.elf.dir/Drivers/STM32F4xx_HAL_Driver/Src/stm32f4xx_hal_tim.c.obj
                0x08003ba8                HAL_TIM_Base_Start_IT
 .text.HAL_TIM_PWM_MspInit
                0x08003c30        0x2 CMakeFiles/homework1.elf.dir/Drivers/STM32F4xx_HAL_Driver/Src/stm32f4xx_hal_tim.c.obj
                0x08003c30                HAL_TIM_PWM_MspInit
 .text.HAL_TIM_PeriodElapsedCallback
                0x08003c32        0x2 CMakeFiles/homework1.elf.dir/Drivers/STM32F4xx_HAL_Driver/Src/stm32f4xx_hal_tim.c.obj
                0x08003c32                HAL_TIM_PeriodElapsedCallback
 .text.HAL_TIM_OC_DelayElapsedCallback
                0x08003c34        0x2 CMakeFiles/homework1.elf.dir/Drivers/STM32F4xx_HAL_Driver/Src/stm32f4xx_hal_tim.c.obj
                0x08003c34                HAL_TIM_OC_DelayElapsedCallback
 .text.HAL_TIM_IC_CaptureCallback
                0x08003c36        0x2 CMakeFiles/homework1.elf.dir/Drivers/STM32F4xx_HAL_Driver/Src/stm32f4xx_hal_tim.c.obj
                0x08003c36                HAL_TIM_IC_CaptureCallback
 .text.HAL_TIM_PWM_PulseFinishedCallback
                0x08003c38        0x2 CMakeFiles/homework1.elf.dir/Drivers/STM32F4xx_HAL_Driver/Src/stm32f4xx_hal_tim.c.obj
                0x08003c38                HAL_TIM_PWM_PulseFinishedCallback
 .text.HAL_TIM_TriggerCallback
                0x08003c3a        0x2 CMakeFiles/homework1.elf.dir/Drivers/STM32F4xx_HAL_Driver/Src/stm32f4xx_hal_tim.c.obj
                0x08003c3a                HAL_TIM_TriggerCallback
 .text.HAL_TIM_IRQHandler
                0x08003c3c      0x15e CMakeFiles/homework1.elf.dir/Drivers/STM32F4xx_HAL_Driver/Src/stm32f4xx_hal_tim.c.obj
                0x08003c3c                HAL_TIM_IRQHandler
 *fill*         0x08003d9a        0x2 
 .text.TIM_Base_SetConfig
                0x08003d9c       0xd8 CMakeFiles/homework1.elf.dir/Drivers/STM32F4xx_HAL_Driver/Src/stm32f4xx_hal_tim.c.obj
                0x08003d9c                TIM_Base_SetConfig
 .text.HAL_TIM_Base_Init
                0x08003e74       0x58 CMakeFiles/homework1.elf.dir/Drivers/STM32F4xx_HAL_Driver/Src/stm32f4xx_hal_tim.c.obj
                0x08003e74                HAL_TIM_Base_Init
 .text.HAL_TIM_PWM_Init
                0x08003ecc       0x58 CMakeFiles/homework1.elf.dir/Drivers/STM32F4xx_HAL_Driver/Src/stm32f4xx_hal_tim.c.obj
                0x08003ecc                HAL_TIM_PWM_Init
 .text.TIM_OC2_SetConfig
                0x08003f24       0x70 CMakeFiles/homework1.elf.dir/Drivers/STM32F4xx_HAL_Driver/Src/stm32f4xx_hal_tim.c.obj
                0x08003f24                TIM_OC2_SetConfig
 .text.HAL_TIM_PWM_ConfigChannel
                0x08003f94       0xdc CMakeFiles/homework1.elf.dir/Drivers/STM32F4xx_HAL_Driver/Src/stm32f4xx_hal_tim.c.obj
                0x08003f94                HAL_TIM_PWM_ConfigChannel
 .text.TIM_ETR_SetConfig
                0x08004070       0x18 CMakeFiles/homework1.elf.dir/Drivers/STM32F4xx_HAL_Driver/Src/stm32f4xx_hal_tim.c.obj
                0x08004070                TIM_ETR_SetConfig
 .text.HAL_TIM_ConfigClockSource
                0x08004088       0xfe CMakeFiles/homework1.elf.dir/Drivers/STM32F4xx_HAL_Driver/Src/stm32f4xx_hal_tim.c.obj
                0x08004088                HAL_TIM_ConfigClockSource
 .text.TIM_CCxChannelCmd
                0x08004186       0x1e CMakeFiles/homework1.elf.dir/Drivers/STM32F4xx_HAL_Driver/Src/stm32f4xx_hal_tim.c.obj
                0x08004186                TIM_CCxChannelCmd
 .text.HAL_TIM_PWM_Start_IT
                0x080041a4      0x174 CMakeFiles/homework1.elf.dir/Drivers/STM32F4xx_HAL_Driver/Src/stm32f4xx_hal_tim.c.obj
                0x080041a4                HAL_TIM_PWM_Start_IT
 .text.HAL_TIMEx_MasterConfigSynchronization
                0x08004318       0x8c CMakeFiles/homework1.elf.dir/Drivers/STM32F4xx_HAL_Driver/Src/stm32f4xx_hal_tim_ex.c.obj
                0x08004318                HAL_TIMEx_MasterConfigSynchronization
 .text.HAL_TIMEx_ConfigBreakDeadTime
                0x080043a4       0x52 CMakeFiles/homework1.elf.dir/Drivers/STM32F4xx_HAL_Driver/Src/stm32f4xx_hal_tim_ex.c.obj
                0x080043a4                HAL_TIMEx_ConfigBreakDeadTime
 .text.HAL_TIMEx_CommutCallback
                0x080043f6        0x2 CMakeFiles/homework1.elf.dir/Drivers/STM32F4xx_HAL_Driver/Src/stm32f4xx_hal_tim_ex.c.obj
                0x080043f6                HAL_TIMEx_CommutCallback
 .text.HAL_TIMEx_BreakCallback
                0x080043f8        0x2 CMakeFiles/homework1.elf.dir/Drivers/STM32F4xx_HAL_Driver/Src/stm32f4xx_hal_tim_ex.c.obj
                0x080043f8                HAL_TIMEx_BreakCallback
 .text.UART_EndTxTransfer
                0x080043fa       0x20 CMakeFiles/homework1.elf.dir/Drivers/STM32F4xx_HAL_Driver/Src/stm32f4xx_hal_uart.c.obj
 .text.UART_EndRxTransfer
                0x0800441a       0x5c CMakeFiles/homework1.elf.dir/Drivers/STM32F4xx_HAL_Driver/Src/stm32f4xx_hal_uart.c.obj
 .text.UART_Transmit_IT
                0x08004476       0x60 CMakeFiles/homework1.elf.dir/Drivers/STM32F4xx_HAL_Driver/Src/stm32f4xx_hal_uart.c.obj
 *fill*         0x080044d6        0x2 
 .text.UART_SetConfig
                0x080044d8      0x110 CMakeFiles/homework1.elf.dir/Drivers/STM32F4xx_HAL_Driver/Src/stm32f4xx_hal_uart.c.obj
 .text.HAL_UART_Init
                0x080045e8       0x60 CMakeFiles/homework1.elf.dir/Drivers/STM32F4xx_HAL_Driver/Src/stm32f4xx_hal_uart.c.obj
                0x080045e8                HAL_UART_Init
 .text.HAL_UART_TxCpltCallback
                0x08004648        0x2 CMakeFiles/homework1.elf.dir/Drivers/STM32F4xx_HAL_Driver/Src/stm32f4xx_hal_uart.c.obj
                0x08004648                HAL_UART_TxCpltCallback
 .text.UART_EndTransmit_IT
                0x0800464a       0x1a CMakeFiles/homework1.elf.dir/Drivers/STM32F4xx_HAL_Driver/Src/stm32f4xx_hal_uart.c.obj
 .text.HAL_UART_RxCpltCallback
                0x08004664        0x2 CMakeFiles/homework1.elf.dir/Drivers/STM32F4xx_HAL_Driver/Src/stm32f4xx_hal_uart.c.obj
                0x08004664                HAL_UART_RxCpltCallback
 .text.HAL_UART_RxHalfCpltCallback
                0x08004666        0x2 CMakeFiles/homework1.elf.dir/Drivers/STM32F4xx_HAL_Driver/Src/stm32f4xx_hal_uart.c.obj
                0x08004666                HAL_UART_RxHalfCpltCallback
 .text.HAL_UART_ErrorCallback
                0x08004668        0x2 CMakeFiles/homework1.elf.dir/Drivers/STM32F4xx_HAL_Driver/Src/stm32f4xx_hal_uart.c.obj
                0x08004668                HAL_UART_ErrorCallback
 .text.UART_DMAError
                0x0800466a       0x58 CMakeFiles/homework1.elf.dir/Drivers/STM32F4xx_HAL_Driver/Src/stm32f4xx_hal_uart.c.obj
 .text.UART_DMAAbortOnError
                0x080046c2       0x10 CMakeFiles/homework1.elf.dir/Drivers/STM32F4xx_HAL_Driver/Src/stm32f4xx_hal_uart.c.obj
 .text.HAL_UARTEx_RxEventCallback
                0x080046d2        0x2 CMakeFiles/homework1.elf.dir/Drivers/STM32F4xx_HAL_Driver/Src/stm32f4xx_hal_uart.c.obj
                0x080046d2                HAL_UARTEx_RxEventCallback
 .text.UART_Receive_IT
                0x080046d4       0xe6 CMakeFiles/homework1.elf.dir/Drivers/STM32F4xx_HAL_Driver/Src/stm32f4xx_hal_uart.c.obj
 *fill*         0x080047ba        0x2 
 .text.HAL_UART_IRQHandler
                0x080047bc      0x284 CMakeFiles/homework1.elf.dir/Drivers/STM32F4xx_HAL_Driver/Src/stm32f4xx_hal_uart.c.obj
                0x080047bc                HAL_UART_IRQHandler
 .text.UART_DMARxHalfCplt
                0x08004a40       0x1e CMakeFiles/homework1.elf.dir/Drivers/STM32F4xx_HAL_Driver/Src/stm32f4xx_hal_uart.c.obj
 .text.UART_DMAReceiveCplt
                0x08004a5e       0x9a CMakeFiles/homework1.elf.dir/Drivers/STM32F4xx_HAL_Driver/Src/stm32f4xx_hal_uart.c.obj
 .text.UART_Start_Receive_DMA
                0x08004af8       0xa4 CMakeFiles/homework1.elf.dir/Drivers/STM32F4xx_HAL_Driver/Src/stm32f4xx_hal_uart.c.obj
                0x08004af8                UART_Start_Receive_DMA
 .text.HAL_UART_Receive_DMA
                0x08004b9c       0x26 CMakeFiles/homework1.elf.dir/Drivers/STM32F4xx_HAL_Driver/Src/stm32f4xx_hal_uart.c.obj
                0x08004b9c                HAL_UART_Receive_DMA
 .text.abort    0x08004bc2        0xe C:/RMdiankong/STM32CubeCLT/STM32CubeCLT_1.16.0/GNU-tools-for-STM32/bin/../lib/gcc/arm-none-eabi/12.3.1/../../../../arm-none-eabi/lib/thumb/v7e-m/nofp\libg.a(libc_a-abort.o)
                0x08004bc2                abort
 .text.memset   0x08004bd0       0x10 C:/RMdiankong/STM32CubeCLT/STM32CubeCLT_1.16.0/GNU-tools-for-STM32/bin/../lib/gcc/arm-none-eabi/12.3.1/../../../../arm-none-eabi/lib/thumb/v7e-m/nofp\libg.a(libc_a-memset.o)
                0x08004bd0                memset
 .text._raise_r
                0x08004be0       0x52 C:/RMdiankong/STM32CubeCLT/STM32CubeCLT_1.16.0/GNU-tools-for-STM32/bin/../lib/gcc/arm-none-eabi/12.3.1/../../../../arm-none-eabi/lib/thumb/v7e-m/nofp\libg.a(libc_a-signal.o)
                0x08004be0                _raise_r
 *fill*         0x08004c32        0x2 
 .text.raise    0x08004c34       0x10 C:/RMdiankong/STM32CubeCLT/STM32CubeCLT_1.16.0/GNU-tools-for-STM32/bin/../lib/gcc/arm-none-eabi/12.3.1/../../../../arm-none-eabi/lib/thumb/v7e-m/nofp\libg.a(libc_a-signal.o)
                0x08004c34                raise
 .text._kill_r  0x08004c44       0x24 C:/RMdiankong/STM32CubeCLT/STM32CubeCLT_1.16.0/GNU-tools-for-STM32/bin/../lib/gcc/arm-none-eabi/12.3.1/../../../../arm-none-eabi/lib/thumb/v7e-m/nofp\libg.a(libc_a-signalr.o)
                0x08004c44                _kill_r
 .text._getpid_r
                0x08004c68        0x4 C:/RMdiankong/STM32CubeCLT/STM32CubeCLT_1.16.0/GNU-tools-for-STM32/bin/../lib/gcc/arm-none-eabi/12.3.1/../../../../arm-none-eabi/lib/thumb/v7e-m/nofp\libg.a(libc_a-signalr.o)
                0x08004c68                _getpid_r
 .text.__errno  0x08004c6c        0xc C:/RMdiankong/STM32CubeCLT/STM32CubeCLT_1.16.0/GNU-tools-for-STM32/bin/../lib/gcc/arm-none-eabi/12.3.1/../../../../arm-none-eabi/lib/thumb/v7e-m/nofp\libg.a(libc_a-errno.o)
                0x08004c6c                __errno
 .text.__libc_init_array
                0x08004c78       0x48 C:/RMdiankong/STM32CubeCLT/STM32CubeCLT_1.16.0/GNU-tools-for-STM32/bin/../lib/gcc/arm-none-eabi/12.3.1/../../../../arm-none-eabi/lib/thumb/v7e-m/nofp\libg.a(libc_a-init.o)
                0x08004c78                __libc_init_array
 .text.__retarget_lock_acquire_recursive
                0x08004cc0        0x2 C:/RMdiankong/STM32CubeCLT/STM32CubeCLT_1.16.0/GNU-tools-for-STM32/bin/../lib/gcc/arm-none-eabi/12.3.1/../../../../arm-none-eabi/lib/thumb/v7e-m/nofp\libg.a(libc_a-lock.o)
                0x08004cc0                __retarget_lock_acquire_recursive
 .text.__retarget_lock_release_recursive
                0x08004cc2        0x2 C:/RMdiankong/STM32CubeCLT/STM32CubeCLT_1.16.0/GNU-tools-for-STM32/bin/../lib/gcc/arm-none-eabi/12.3.1/../../../../arm-none-eabi/lib/thumb/v7e-m/nofp\libg.a(libc_a-lock.o)
                0x08004cc2                __retarget_lock_release_recursive
 .text.memcpy   0x08004cc4       0x1c C:/RMdiankong/STM32CubeCLT/STM32CubeCLT_1.16.0/GNU-tools-for-STM32/bin/../lib/gcc/arm-none-eabi/12.3.1/../../../../arm-none-eabi/lib/thumb/v7e-m/nofp\libg.a(libc_a-memcpy-stub.o)
                0x08004cc4                memcpy
 .text.startup.register_fini
                0x08004ce0       0x14 C:/RMdiankong/STM32CubeCLT/STM32CubeCLT_1.16.0/GNU-tools-for-STM32/bin/../lib/gcc/arm-none-eabi/12.3.1/../../../../arm-none-eabi/lib/thumb/v7e-m/nofp\libg.a(libc_a-__call_atexit.o)
 .text.atexit   0x08004cf4        0xc C:/RMdiankong/STM32CubeCLT/STM32CubeCLT_1.16.0/GNU-tools-for-STM32/bin/../lib/gcc/arm-none-eabi/12.3.1/../../../../arm-none-eabi/lib/thumb/v7e-m/nofp\libg.a(libc_a-atexit.o)
                0x08004cf4                atexit
 .text.__libc_fini_array
                0x08004d00       0x28 C:/RMdiankong/STM32CubeCLT/STM32CubeCLT_1.16.0/GNU-tools-for-STM32/bin/../lib/gcc/arm-none-eabi/12.3.1/../../../../arm-none-eabi/lib/thumb/v7e-m/nofp\libg.a(libc_a-fini.o)
                0x08004d00                __libc_fini_array
 .text.__register_exitproc
                0x08004d28       0x80 C:/RMdiankong/STM32CubeCLT/STM32CubeCLT_1.16.0/GNU-tools-for-STM32/bin/../lib/gcc/arm-none-eabi/12.3.1/../../../../arm-none-eabi/lib/thumb/v7e-m/nofp\libg.a(libc_a-__atexit.o)
                0x08004d28                __register_exitproc
 *(.glue_7)
 .glue_7        0x08004da8        0x0 linker stubs
 *(.glue_7t)
 .glue_7t       0x08004da8        0x0 linker stubs
 *(.eh_frame)
 .eh_frame      0x08004da8        0x0 C:/RMdiankong/STM32CubeCLT/STM32CubeCLT_1.16.0/GNU-tools-for-STM32/bin/../lib/gcc/arm-none-eabi/12.3.1/thumb/v7e-m/nofp/crtbegin.o
 *(.init)
 .init          0x08004da8        0x4 C:/RMdiankong/STM32CubeCLT/STM32CubeCLT_1.16.0/GNU-tools-for-STM32/bin/../lib/gcc/arm-none-eabi/12.3.1/thumb/v7e-m/nofp/crti.o
                0x08004da8                _init
 .init          0x08004dac        0x8 C:/RMdiankong/STM32CubeCLT/STM32CubeCLT_1.16.0/GNU-tools-for-STM32/bin/../lib/gcc/arm-none-eabi/12.3.1/thumb/v7e-m/nofp/crtn.o
 *(.fini)
 .fini          0x08004db4        0x4 C:/RMdiankong/STM32CubeCLT/STM32CubeCLT_1.16.0/GNU-tools-for-STM32/bin/../lib/gcc/arm-none-eabi/12.3.1/thumb/v7e-m/nofp/crti.o
                0x08004db4                _fini
 .fini          0x08004db8        0x8 C:/RMdiankong/STM32CubeCLT/STM32CubeCLT_1.16.0/GNU-tools-for-STM32/bin/../lib/gcc/arm-none-eabi/12.3.1/thumb/v7e-m/nofp/crtn.o
                0x08004dc0                        . = ALIGN (0x4)
                0x08004dc0                        _etext = .

.vfp11_veneer   0x08004dc0        0x0
 .vfp11_veneer  0x08004dc0        0x0 linker stubs

.v4_bx          0x08004dc0        0x0
 .v4_bx         0x08004dc0        0x0 linker stubs

.iplt           0x08004dc0        0x0
 .iplt          0x08004dc0        0x0 C:/RMdiankong/STM32CubeCLT/STM32CubeCLT_1.16.0/GNU-tools-for-STM32/bin/../lib/gcc/arm-none-eabi/12.3.1/thumb/v7e-m/nofp/crtbegin.o

.rodata         0x08004dc0       0x58
                0x08004dc0                        . = ALIGN (0x4)
 *(.rodata)
 .rodata        0x08004dc0       0x28 CMakeFiles/homework1.elf.dir/Core/Src/main.c.obj
 *(.rodata*)
 .rodata.main.str1.4
                0x08004de8        0xd CMakeFiles/homework1.elf.dir/Core/Src/main.c.obj
 *fill*         0x08004df5        0x3 
 .rodata.APBPrescTable
                0x08004df8        0x8 CMakeFiles/homework1.elf.dir/Core/Src/system_stm32f4xx.c.obj
                0x08004df8                APBPrescTable
 .rodata.AHBPrescTable
                0x08004e00       0x10 CMakeFiles/homework1.elf.dir/Core/Src/system_stm32f4xx.c.obj
                0x08004e00                AHBPrescTable
 .rodata.flagBitshiftOffset.0
                0x08004e10        0x8 CMakeFiles/homework1.elf.dir/Drivers/STM32F4xx_HAL_Driver/Src/stm32f4xx_hal_dma.c.obj
                0x08004e18                        . = ALIGN (0x4)

.ARM.extab      0x08004e18       0x18
                0x08004e18                        . = ALIGN (0x4)
 *(.ARM.extab* .gnu.linkonce.armextab.*)
 .ARM.extab     0x08004e18       0x18 C:/RMdiankong/STM32CubeCLT/STM32CubeCLT_1.16.0/GNU-tools-for-STM32/bin/../lib/gcc/arm-none-eabi/12.3.1/thumb/v7e-m/nofp\libgcc.a(pr-support.o)
                0x08004e30                        . = ALIGN (0x4)

.ARM            0x08004e30       0xc8
                0x08004e30                        . = ALIGN (0x4)
                0x08004e30                        __exidx_start = .
 *(.ARM.exidx*)
 .ARM.exidx     0x08004e30        0x8 C:/RMdiankong/STM32CubeCLT/STM32CubeCLT_1.16.0/GNU-tools-for-STM32/bin/../lib/gcc/arm-none-eabi/12.3.1/thumb/v7e-m/nofp\libgcc.a(_udivmoddi4.o)
 .ARM.exidx     0x08004e38       0x78 C:/RMdiankong/STM32CubeCLT/STM32CubeCLT_1.16.0/GNU-tools-for-STM32/bin/../lib/gcc/arm-none-eabi/12.3.1/thumb/v7e-m/nofp\libgcc.a(unwind-arm.o)
                                 0xd8 (size before relaxing)
 .ARM.exidx     0x08004eb0       0x38 C:/RMdiankong/STM32CubeCLT/STM32CubeCLT_1.16.0/GNU-tools-for-STM32/bin/../lib/gcc/arm-none-eabi/12.3.1/thumb/v7e-m/nofp\libgcc.a(pr-support.o)
 .ARM.exidx.text._ZN3PIDC2Efffff
                0x08004ee8        0x0 CMakeFiles/homework1.elf.dir/Core/Src/PID.cpp.obj
                                  0x8 (size before relaxing)
 .ARM.exidx.text._ZN3PID9calculateEff
                0x08004ee8        0x0 CMakeFiles/homework1.elf.dir/Core/Src/PID.cpp.obj
                                  0x8 (size before relaxing)
 .ARM.exidx.text._Z41__static_initialization_and_destruction_0ii
                0x08004ee8        0x0 CMakeFiles/homework1.elf.dir/Core/Src/callback.cpp.obj
                                  0x8 (size before relaxing)
 .ARM.exidx.text._Z8GetSpeedhh
                0x08004ee8        0x0 CMakeFiles/homework1.elf.dir/Core/Src/callback.cpp.obj
                                  0x8 (size before relaxing)
 .ARM.exidx.text.HAL_CAN_RxFifo0MsgPendingCallback
                0x08004ee8        0x8 CMakeFiles/homework1.elf.dir/Core/Src/callback.cpp.obj
 .ARM.exidx.text._GLOBAL__sub_I_rxHeader
                0x08004ef0        0x8 CMakeFiles/homework1.elf.dir/Core/Src/callback.cpp.obj
                0x08004ef8                        __exidx_end = .
                0x08004ef8                        . = ALIGN (0x4)

.preinit_array  0x08004ef8        0x0
                0x08004ef8                        . = ALIGN (0x4)
                0x08004ef8                        PROVIDE (__preinit_array_start = .)
 *(.preinit_array*)
                0x08004ef8                        PROVIDE (__preinit_array_end = .)
                0x08004ef8                        . = ALIGN (0x4)

.init_array     0x08004ef8        0xc
                0x08004ef8                        . = ALIGN (0x4)
                0x08004ef8                        PROVIDE (__init_array_start = .)
 *(SORT_BY_NAME(.init_array.*))
 .init_array.00000
                0x08004ef8        0x4 C:/RMdiankong/STM32CubeCLT/STM32CubeCLT_1.16.0/GNU-tools-for-STM32/bin/../lib/gcc/arm-none-eabi/12.3.1/../../../../arm-none-eabi/lib/thumb/v7e-m/nofp\libg.a(libc_a-__call_atexit.o)
 *(.init_array*)
 .init_array    0x08004efc        0x4 C:/RMdiankong/STM32CubeCLT/STM32CubeCLT_1.16.0/GNU-tools-for-STM32/bin/../lib/gcc/arm-none-eabi/12.3.1/thumb/v7e-m/nofp/crtbegin.o
 .init_array    0x08004f00        0x4 CMakeFiles/homework1.elf.dir/Core/Src/callback.cpp.obj
                0x08004f04                        PROVIDE (__init_array_end = .)
                0x08004f04                        . = ALIGN (0x4)

.fini_array     0x08004f04        0x4
                0x08004f04                        . = ALIGN (0x4)
                0x08004f04                        PROVIDE (__fini_array_start = .)
 *(SORT_BY_NAME(.fini_array.*))
 *(.fini_array*)
 .fini_array    0x08004f04        0x4 C:/RMdiankong/STM32CubeCLT/STM32CubeCLT_1.16.0/GNU-tools-for-STM32/bin/../lib/gcc/arm-none-eabi/12.3.1/thumb/v7e-m/nofp/crtbegin.o
                0x08004f08                        PROVIDE (__fini_array_end = .)
                0x08004f08                        . = ALIGN (0x4)
                0x08004f08                        _sidata = LOADADDR (.data)

.rel.dyn        0x08004f08        0x0
 .rel.iplt      0x08004f08        0x0 C:/RMdiankong/STM32CubeCLT/STM32CubeCLT_1.16.0/GNU-tools-for-STM32/bin/../lib/gcc/arm-none-eabi/12.3.1/thumb/v7e-m/nofp/crtbegin.o

.data           0x20000000      0x154 load address 0x08004f08
                0x20000000                        . = ALIGN (0x4)
                0x20000000                        _sdata = .
 *(.data)
 *(.data*)
 .data.rxHeader
                0x20000000       0x1c CMakeFiles/homework1.elf.dir/Core/Src/callback.cpp.obj
                0x20000000                rxHeader
 .data.SystemCoreClock
                0x2000001c        0x4 CMakeFiles/homework1.elf.dir/Core/Src/system_stm32f4xx.c.obj
                0x2000001c                SystemCoreClock
 .data.uwTickFreq
                0x20000020        0x1 CMakeFiles/homework1.elf.dir/Drivers/STM32F4xx_HAL_Driver/Src/stm32f4xx_hal.c.obj
                0x20000020                uwTickFreq
 *fill*         0x20000021        0x3 
 .data.uwTickPrio
                0x20000024        0x4 CMakeFiles/homework1.elf.dir/Drivers/STM32F4xx_HAL_Driver/Src/stm32f4xx_hal.c.obj
                0x20000024                uwTickPrio
 .data._impure_ptr
                0x20000028        0x4 C:/RMdiankong/STM32CubeCLT/STM32CubeCLT_1.16.0/GNU-tools-for-STM32/bin/../lib/gcc/arm-none-eabi/12.3.1/../../../../arm-none-eabi/lib/thumb/v7e-m/nofp\libg.a(libc_a-impure.o)
                0x20000028                _impure_ptr
 *fill*         0x2000002c        0x4 
 .data._impure_data
                0x20000030      0x120 C:/RMdiankong/STM32CubeCLT/STM32CubeCLT_1.16.0/GNU-tools-for-STM32/bin/../lib/gcc/arm-none-eabi/12.3.1/../../../../arm-none-eabi/lib/thumb/v7e-m/nofp\libg.a(libc_a-impure.o)
                0x20000030                _impure_data
 .data.__atexit_recursive_mutex
                0x20000150        0x4 C:/RMdiankong/STM32CubeCLT/STM32CubeCLT_1.16.0/GNU-tools-for-STM32/bin/../lib/gcc/arm-none-eabi/12.3.1/../../../../arm-none-eabi/lib/thumb/v7e-m/nofp\libg.a(libc_a-__call_atexit.o)
                0x20000150                __atexit_recursive_mutex
 *(.RamFunc)
 *(.RamFunc*)
                0x20000154                        . = ALIGN (0x4)
                0x20000154                        _edata = .
                0x0800505c                        _siccmram = LOADADDR (.ccmram)

.igot.plt       0x20000154        0x0 load address 0x0800505c
 .igot.plt      0x20000154        0x0 C:/RMdiankong/STM32CubeCLT/STM32CubeCLT_1.16.0/GNU-tools-for-STM32/bin/../lib/gcc/arm-none-eabi/12.3.1/thumb/v7e-m/nofp/crtbegin.o

.ccmram         0x10000000        0x0 load address 0x0800505c
                0x10000000                        . = ALIGN (0x4)
                0x10000000                        _sccmram = .
 *(.ccmram)
 *(.ccmram*)
                0x10000000                        . = ALIGN (0x4)
                0x10000000                        _eccmram = .
                0x10000000                        . = ALIGN (0x4)

.bss            0x20000154      0x4f8
                0x20000154                        _sbss = .
                0x20000154                        __bss_start__ = _sbss
 *(.bss)
 .bss           0x20000154       0x1c C:/RMdiankong/STM32CubeCLT/STM32CubeCLT_1.16.0/GNU-tools-for-STM32/bin/../lib/gcc/arm-none-eabi/12.3.1/thumb/v7e-m/nofp/crtbegin.o
 *(.bss*)
 .bss.pid       0x20000170       0x30 CMakeFiles/homework1.elf.dir/Core/Src/callback.cpp.obj
                0x20000170                pid
 .bss.pp        0x200001a0        0x4 CMakeFiles/homework1.elf.dir/Core/Src/callback.cpp.obj
                0x200001a0                pp
 .bss.set_speed
                0x200001a4        0x4 CMakeFiles/homework1.elf.dir/Core/Src/callback.cpp.obj
                0x200001a4                set_speed
 .bss.ki        0x200001a8        0x4 CMakeFiles/homework1.elf.dir/Core/Src/callback.cpp.obj
                0x200001a8                ki
 .bss.kd        0x200001ac        0x4 CMakeFiles/homework1.elf.dir/Core/Src/callback.cpp.obj
                0x200001ac                kd
 .bss.kp        0x200001b0        0x4 CMakeFiles/homework1.elf.dir/Core/Src/callback.cpp.obj
                0x200001b0                kp
 .bss.Speed     0x200001b4        0x4 CMakeFiles/homework1.elf.dir/Core/Src/callback.cpp.obj
                0x200001b4                Speed
 .bss.TxMAilBox
                0x200001b8        0x4 CMakeFiles/homework1.elf.dir/Core/Src/callback.cpp.obj
                0x200001b8                TxMAilBox
 .bss.txData    0x200001bc        0x8 CMakeFiles/homework1.elf.dir/Core/Src/callback.cpp.obj
                0x200001bc                txData
 .bss.rxData    0x200001c4        0x8 CMakeFiles/homework1.elf.dir/Core/Src/callback.cpp.obj
                0x200001c4                rxData
 .bss.hcan1     0x200001cc       0x28 CMakeFiles/homework1.elf.dir/Core/Src/can.c.obj
                0x200001cc                hcan1
 .bss.htim6     0x200001f4       0x48 CMakeFiles/homework1.elf.dir/Core/Src/tim.c.obj
                0x200001f4                htim6
 .bss.htim1     0x2000023c       0x48 CMakeFiles/homework1.elf.dir/Core/Src/tim.c.obj
                0x2000023c                htim1
 .bss.hdma_usart1_rx
                0x20000284       0x60 CMakeFiles/homework1.elf.dir/Core/Src/usart.c.obj
                0x20000284                hdma_usart1_rx
 .bss.huart6    0x200002e4       0x48 CMakeFiles/homework1.elf.dir/Core/Src/usart.c.obj
                0x200002e4                huart6
 .bss.huart1    0x2000032c       0x48 CMakeFiles/homework1.elf.dir/Core/Src/usart.c.obj
                0x2000032c                huart1
 .bss.uwTick    0x20000374        0x4 CMakeFiles/homework1.elf.dir/Drivers/STM32F4xx_HAL_Driver/Src/stm32f4xx_hal.c.obj
                0x20000374                uwTick
 .bss.__sf      0x20000378      0x138 C:/RMdiankong/STM32CubeCLT/STM32CubeCLT_1.16.0/GNU-tools-for-STM32/bin/../lib/gcc/arm-none-eabi/12.3.1/../../../../arm-none-eabi/lib/thumb/v7e-m/nofp\libg.a(libc_a-findfp.o)
                0x20000378                __sf
 .bss.errno     0x200004b0        0x4 C:/RMdiankong/STM32CubeCLT/STM32CubeCLT_1.16.0/GNU-tools-for-STM32/bin/../lib/gcc/arm-none-eabi/12.3.1/../../../../arm-none-eabi/lib/thumb/v7e-m/nofp\libg.a(libc_a-reent.o)
                0x200004b0                errno
 .bss.__lock___atexit_recursive_mutex
                0x200004b4        0x1 C:/RMdiankong/STM32CubeCLT/STM32CubeCLT_1.16.0/GNU-tools-for-STM32/bin/../lib/gcc/arm-none-eabi/12.3.1/../../../../arm-none-eabi/lib/thumb/v7e-m/nofp\libg.a(libc_a-lock.o)
                0x200004b4                __lock___atexit_recursive_mutex
 *fill*         0x200004b5        0x3 
 .bss.__atexit  0x200004b8        0x4 C:/RMdiankong/STM32CubeCLT/STM32CubeCLT_1.16.0/GNU-tools-for-STM32/bin/../lib/gcc/arm-none-eabi/12.3.1/../../../../arm-none-eabi/lib/thumb/v7e-m/nofp\libg.a(libc_a-__call_atexit.o)
                0x200004b8                __atexit
 .bss.__atexit0
                0x200004bc      0x190 C:/RMdiankong/STM32CubeCLT/STM32CubeCLT_1.16.0/GNU-tools-for-STM32/bin/../lib/gcc/arm-none-eabi/12.3.1/../../../../arm-none-eabi/lib/thumb/v7e-m/nofp\libg.a(libc_a-__atexit.o)
                0x200004bc                __atexit0
 *(COMMON)
                0x2000064c                        . = ALIGN (0x4)
                0x2000064c                        _ebss = .
                0x2000064c                        __bss_end__ = _ebss

._user_heap_stack
                0x2000064c      0x604
                0x20000650                        . = ALIGN (0x8)
 *fill*         0x2000064c        0x4 
                [!provide]                        PROVIDE (end = .)
                0x20000650                        PROVIDE (_end = .)
                0x20000850                        . = (. + _Min_Heap_Size)
 *fill*         0x20000650      0x200 
                0x20000c50                        . = (. + _Min_Stack_Size)
 *fill*         0x20000850      0x400 
                0x20000c50                        . = ALIGN (0x8)

/DISCARD/
 libc.a(*)
 libm.a(*)
 libgcc.a(*)

.ARM.attributes
                0x00000000       0x2a
 *(.ARM.attributes)
 .ARM.attributes
                0x00000000       0x1e C:/RMdiankong/STM32CubeCLT/STM32CubeCLT_1.16.0/GNU-tools-for-STM32/bin/../lib/gcc/arm-none-eabi/12.3.1/thumb/v7e-m/nofp/crti.o
 .ARM.attributes
                0x0000001e       0x2e C:/RMdiankong/STM32CubeCLT/STM32CubeCLT_1.16.0/GNU-tools-for-STM32/bin/../lib/gcc/arm-none-eabi/12.3.1/thumb/v7e-m/nofp/crtbegin.o
 .ARM.attributes
                0x0000004c       0x2e CMakeFiles/homework1.elf.dir/Core/Src/PID.cpp.obj
 .ARM.attributes
                0x0000007a       0x2e CMakeFiles/homework1.elf.dir/Core/Src/callback.cpp.obj
 .ARM.attributes
                0x000000a8       0x2e CMakeFiles/homework1.elf.dir/Core/Src/can.c.obj
 .ARM.attributes
                0x000000d6       0x2e CMakeFiles/homework1.elf.dir/Core/Src/dma.c.obj
 .ARM.attributes
                0x00000104       0x2e CMakeFiles/homework1.elf.dir/Core/Src/gpio.c.obj
 .ARM.attributes
                0x00000132       0x2e CMakeFiles/homework1.elf.dir/Core/Src/main.c.obj
 .ARM.attributes
                0x00000160       0x2e CMakeFiles/homework1.elf.dir/Core/Src/stm32f4xx_hal_msp.c.obj
 .ARM.attributes
                0x0000018e       0x2e CMakeFiles/homework1.elf.dir/Core/Src/stm32f4xx_it.c.obj
 .ARM.attributes
                0x000001bc       0x2e CMakeFiles/homework1.elf.dir/Core/Src/syscalls.c.obj
 .ARM.attributes
                0x000001ea       0x2e CMakeFiles/homework1.elf.dir/Core/Src/system_stm32f4xx.c.obj
 .ARM.attributes
                0x00000218       0x2e CMakeFiles/homework1.elf.dir/Core/Src/tim.c.obj
 .ARM.attributes
                0x00000246       0x2e CMakeFiles/homework1.elf.dir/Core/Src/usart.c.obj
 .ARM.attributes
                0x00000274       0x21 CMakeFiles/homework1.elf.dir/Core/Startup/startup_stm32f427iihx.s.obj
 .ARM.attributes
                0x00000295       0x2e CMakeFiles/homework1.elf.dir/Drivers/STM32F4xx_HAL_Driver/Src/stm32f4xx_hal.c.obj
 .ARM.attributes
                0x000002c3       0x2e CMakeFiles/homework1.elf.dir/Drivers/STM32F4xx_HAL_Driver/Src/stm32f4xx_hal_can.c.obj
 .ARM.attributes
                0x000002f1       0x2e CMakeFiles/homework1.elf.dir/Drivers/STM32F4xx_HAL_Driver/Src/stm32f4xx_hal_cortex.c.obj
 .ARM.attributes
                0x0000031f       0x2e CMakeFiles/homework1.elf.dir/Drivers/STM32F4xx_HAL_Driver/Src/stm32f4xx_hal_dma.c.obj
 .ARM.attributes
                0x0000034d       0x2e CMakeFiles/homework1.elf.dir/Drivers/STM32F4xx_HAL_Driver/Src/stm32f4xx_hal_gpio.c.obj
 .ARM.attributes
                0x0000037b       0x2e CMakeFiles/homework1.elf.dir/Drivers/STM32F4xx_HAL_Driver/Src/stm32f4xx_hal_pwr_ex.c.obj
 .ARM.attributes
                0x000003a9       0x2e CMakeFiles/homework1.elf.dir/Drivers/STM32F4xx_HAL_Driver/Src/stm32f4xx_hal_rcc.c.obj
 .ARM.attributes
                0x000003d7       0x2e CMakeFiles/homework1.elf.dir/Drivers/STM32F4xx_HAL_Driver/Src/stm32f4xx_hal_tim.c.obj
 .ARM.attributes
                0x00000405       0x2e CMakeFiles/homework1.elf.dir/Drivers/STM32F4xx_HAL_Driver/Src/stm32f4xx_hal_tim_ex.c.obj
 .ARM.attributes
                0x00000433       0x2e CMakeFiles/homework1.elf.dir/Drivers/STM32F4xx_HAL_Driver/Src/stm32f4xx_hal_uart.c.obj
 .ARM.attributes
                0x00000461       0x1e C:/RMdiankong/STM32CubeCLT/STM32CubeCLT_1.16.0/GNU-tools-for-STM32/bin/../lib/gcc/arm-none-eabi/12.3.1/thumb/v7e-m/nofp\libgcc.a(_arm_mulsf3.o)
 .ARM.attributes
                0x0000047f       0x1e C:/RMdiankong/STM32CubeCLT/STM32CubeCLT_1.16.0/GNU-tools-for-STM32/bin/../lib/gcc/arm-none-eabi/12.3.1/thumb/v7e-m/nofp\libgcc.a(_arm_addsubsf3.o)
 .ARM.attributes
                0x0000049d       0x1e C:/RMdiankong/STM32CubeCLT/STM32CubeCLT_1.16.0/GNU-tools-for-STM32/bin/../lib/gcc/arm-none-eabi/12.3.1/thumb/v7e-m/nofp\libgcc.a(_arm_cmpsf2.o)
 .ARM.attributes
                0x000004bb       0x1e C:/RMdiankong/STM32CubeCLT/STM32CubeCLT_1.16.0/GNU-tools-for-STM32/bin/../lib/gcc/arm-none-eabi/12.3.1/thumb/v7e-m/nofp\libgcc.a(_arm_fixsfsi.o)
 .ARM.attributes
                0x000004d9       0x1e C:/RMdiankong/STM32CubeCLT/STM32CubeCLT_1.16.0/GNU-tools-for-STM32/bin/../lib/gcc/arm-none-eabi/12.3.1/thumb/v7e-m/nofp\libgcc.a(_arm_fixunssfsi.o)
 .ARM.attributes
                0x000004f7       0x1e C:/RMdiankong/STM32CubeCLT/STM32CubeCLT_1.16.0/GNU-tools-for-STM32/bin/../lib/gcc/arm-none-eabi/12.3.1/thumb/v7e-m/nofp\libgcc.a(_aeabi_uldivmod.o)
 .ARM.attributes
                0x00000515       0x2e C:/RMdiankong/STM32CubeCLT/STM32CubeCLT_1.16.0/GNU-tools-for-STM32/bin/../lib/gcc/arm-none-eabi/12.3.1/thumb/v7e-m/nofp\libgcc.a(_udivmoddi4.o)
 .ARM.attributes
                0x00000543       0x2e C:/RMdiankong/STM32CubeCLT/STM32CubeCLT_1.16.0/GNU-tools-for-STM32/bin/../lib/gcc/arm-none-eabi/12.3.1/thumb/v7e-m/nofp\libgcc.a(unwind-arm.o)
 .ARM.attributes
                0x00000571       0x1e C:/RMdiankong/STM32CubeCLT/STM32CubeCLT_1.16.0/GNU-tools-for-STM32/bin/../lib/gcc/arm-none-eabi/12.3.1/thumb/v7e-m/nofp\libgcc.a(libunwind.o)
 .ARM.attributes
                0x0000058f       0x2e C:/RMdiankong/STM32CubeCLT/STM32CubeCLT_1.16.0/GNU-tools-for-STM32/bin/../lib/gcc/arm-none-eabi/12.3.1/thumb/v7e-m/nofp\libgcc.a(pr-support.o)
 .ARM.attributes
                0x000005bd       0x1e C:/RMdiankong/STM32CubeCLT/STM32CubeCLT_1.16.0/GNU-tools-for-STM32/bin/../lib/gcc/arm-none-eabi/12.3.1/thumb/v7e-m/nofp\libgcc.a(_dvmd_tls.o)
 .ARM.attributes
                0x000005db       0x2e C:/RMdiankong/STM32CubeCLT/STM32CubeCLT_1.16.0/GNU-tools-for-STM32/bin/../lib/gcc/arm-none-eabi/12.3.1/../../../../arm-none-eabi/lib/thumb/v7e-m/nofp\libg.a(libc_a-abort.o)
 .ARM.attributes
                0x00000609       0x2e C:/RMdiankong/STM32CubeCLT/STM32CubeCLT_1.16.0/GNU-tools-for-STM32/bin/../lib/gcc/arm-none-eabi/12.3.1/../../../../arm-none-eabi/lib/thumb/v7e-m/nofp\libg.a(libc_a-findfp.o)
 .ARM.attributes
                0x00000637       0x2e C:/RMdiankong/STM32CubeCLT/STM32CubeCLT_1.16.0/GNU-tools-for-STM32/bin/../lib/gcc/arm-none-eabi/12.3.1/../../../../arm-none-eabi/lib/thumb/v7e-m/nofp\libg.a(libc_a-memset.o)
 .ARM.attributes
                0x00000665       0x2e C:/RMdiankong/STM32CubeCLT/STM32CubeCLT_1.16.0/GNU-tools-for-STM32/bin/../lib/gcc/arm-none-eabi/12.3.1/../../../../arm-none-eabi/lib/thumb/v7e-m/nofp\libg.a(libc_a-signal.o)
 .ARM.attributes
                0x00000693       0x2e C:/RMdiankong/STM32CubeCLT/STM32CubeCLT_1.16.0/GNU-tools-for-STM32/bin/../lib/gcc/arm-none-eabi/12.3.1/../../../../arm-none-eabi/lib/thumb/v7e-m/nofp\libg.a(libc_a-reent.o)
 .ARM.attributes
                0x000006c1       0x2e C:/RMdiankong/STM32CubeCLT/STM32CubeCLT_1.16.0/GNU-tools-for-STM32/bin/../lib/gcc/arm-none-eabi/12.3.1/../../../../arm-none-eabi/lib/thumb/v7e-m/nofp\libg.a(libc_a-impure.o)
 .ARM.attributes
                0x000006ef       0x2e C:/RMdiankong/STM32CubeCLT/STM32CubeCLT_1.16.0/GNU-tools-for-STM32/bin/../lib/gcc/arm-none-eabi/12.3.1/../../../../arm-none-eabi/lib/thumb/v7e-m/nofp\libg.a(libc_a-signalr.o)
 .ARM.attributes
                0x0000071d       0x2e C:/RMdiankong/STM32CubeCLT/STM32CubeCLT_1.16.0/GNU-tools-for-STM32/bin/../lib/gcc/arm-none-eabi/12.3.1/../../../../arm-none-eabi/lib/thumb/v7e-m/nofp\libg.a(libc_a-errno.o)
 .ARM.attributes
                0x0000074b       0x2e C:/RMdiankong/STM32CubeCLT/STM32CubeCLT_1.16.0/GNU-tools-for-STM32/bin/../lib/gcc/arm-none-eabi/12.3.1/../../../../arm-none-eabi/lib/thumb/v7e-m/nofp\libg.a(libc_a-init.o)
 .ARM.attributes
                0x00000779       0x2e C:/RMdiankong/STM32CubeCLT/STM32CubeCLT_1.16.0/GNU-tools-for-STM32/bin/../lib/gcc/arm-none-eabi/12.3.1/../../../../arm-none-eabi/lib/thumb/v7e-m/nofp\libg.a(libc_a-lock.o)
 .ARM.attributes
                0x000007a7       0x2e C:/RMdiankong/STM32CubeCLT/STM32CubeCLT_1.16.0/GNU-tools-for-STM32/bin/../lib/gcc/arm-none-eabi/12.3.1/../../../../arm-none-eabi/lib/thumb/v7e-m/nofp\libg.a(libc_a-memcpy-stub.o)
 .ARM.attributes
                0x000007d5       0x2e C:/RMdiankong/STM32CubeCLT/STM32CubeCLT_1.16.0/GNU-tools-for-STM32/bin/../lib/gcc/arm-none-eabi/12.3.1/../../../../arm-none-eabi/lib/thumb/v7e-m/nofp\libg.a(libc_a-__call_atexit.o)
 .ARM.attributes
                0x00000803       0x2e C:/RMdiankong/STM32CubeCLT/STM32CubeCLT_1.16.0/GNU-tools-for-STM32/bin/../lib/gcc/arm-none-eabi/12.3.1/../../../../arm-none-eabi/lib/thumb/v7e-m/nofp\libg.a(libc_a-atexit.o)
 .ARM.attributes
                0x00000831       0x2e C:/RMdiankong/STM32CubeCLT/STM32CubeCLT_1.16.0/GNU-tools-for-STM32/bin/../lib/gcc/arm-none-eabi/12.3.1/../../../../arm-none-eabi/lib/thumb/v7e-m/nofp\libg.a(libc_a-fini.o)
 .ARM.attributes
                0x0000085f       0x2e C:/RMdiankong/STM32CubeCLT/STM32CubeCLT_1.16.0/GNU-tools-for-STM32/bin/../lib/gcc/arm-none-eabi/12.3.1/../../../../arm-none-eabi/lib/thumb/v7e-m/nofp\libg.a(libc_a-__atexit.o)
 .ARM.attributes
                0x0000088d       0x1e C:/RMdiankong/STM32CubeCLT/STM32CubeCLT_1.16.0/GNU-tools-for-STM32/bin/../lib/gcc/arm-none-eabi/12.3.1/thumb/v7e-m/nofp/crtn.o
OUTPUT(homework1.elf elf32-littlearm)
LOAD linker stubs
LOAD C:/RMdiankong/STM32CubeCLT/STM32CubeCLT_1.16.0/GNU-tools-for-STM32/bin/../lib/gcc/arm-none-eabi/12.3.1/../../../../arm-none-eabi/lib/thumb/v7e-m/nofp\libc.a
LOAD C:/RMdiankong/STM32CubeCLT/STM32CubeCLT_1.16.0/GNU-tools-for-STM32/bin/../lib/gcc/arm-none-eabi/12.3.1/../../../../arm-none-eabi/lib/thumb/v7e-m/nofp\libm.a
LOAD C:/RMdiankong/STM32CubeCLT/STM32CubeCLT_1.16.0/GNU-tools-for-STM32/bin/../lib/gcc/arm-none-eabi/12.3.1/thumb/v7e-m/nofp\libgcc.a

.debug_info     0x00000000    0x19f7a
 .debug_info    0x00000000      0x2bb CMakeFiles/homework1.elf.dir/Core/Src/PID.cpp.obj
 .debug_info    0x000002bb      0xacb CMakeFiles/homework1.elf.dir/Core/Src/callback.cpp.obj
 .debug_info    0x00000d86      0xba0 CMakeFiles/homework1.elf.dir/Core/Src/can.c.obj
 .debug_info    0x00001926      0x524 CMakeFiles/homework1.elf.dir/Core/Src/dma.c.obj
 .debug_info    0x00001e4a      0x4ac CMakeFiles/homework1.elf.dir/Core/Src/gpio.c.obj
 .debug_info    0x000022f6     0x142d CMakeFiles/homework1.elf.dir/Core/Src/main.c.obj
 .debug_info    0x00003723      0x27d CMakeFiles/homework1.elf.dir/Core/Src/stm32f4xx_hal_msp.c.obj
 .debug_info    0x000039a0      0xe9e CMakeFiles/homework1.elf.dir/Core/Src/stm32f4xx_it.c.obj
 .debug_info    0x0000483e      0x783 CMakeFiles/homework1.elf.dir/Core/Src/syscalls.c.obj
 .debug_info    0x00004fc1      0x34c CMakeFiles/homework1.elf.dir/Core/Src/system_stm32f4xx.c.obj
 .debug_info    0x0000530d     0x128c CMakeFiles/homework1.elf.dir/Core/Src/tim.c.obj
 .debug_info    0x00006599      0xddc CMakeFiles/homework1.elf.dir/Core/Src/usart.c.obj
 .debug_info    0x00007375       0x30 CMakeFiles/homework1.elf.dir/Core/Startup/startup_stm32f427iihx.s.obj
 .debug_info    0x000073a5      0xa4c CMakeFiles/homework1.elf.dir/Drivers/STM32F4xx_HAL_Driver/Src/stm32f4xx_hal.c.obj
 .debug_info    0x00007df1     0x11f0 CMakeFiles/homework1.elf.dir/Drivers/STM32F4xx_HAL_Driver/Src/stm32f4xx_hal_can.c.obj
 .debug_info    0x00008fe1      0xfe5 CMakeFiles/homework1.elf.dir/Drivers/STM32F4xx_HAL_Driver/Src/stm32f4xx_hal_cortex.c.obj
 .debug_info    0x00009fc6      0xad9 CMakeFiles/homework1.elf.dir/Drivers/STM32F4xx_HAL_Driver/Src/stm32f4xx_hal_dma.c.obj
 .debug_info    0x0000aa9f      0x71c CMakeFiles/homework1.elf.dir/Drivers/STM32F4xx_HAL_Driver/Src/stm32f4xx_hal_gpio.c.obj
 .debug_info    0x0000b1bb      0x78a CMakeFiles/homework1.elf.dir/Drivers/STM32F4xx_HAL_Driver/Src/stm32f4xx_hal_pwr_ex.c.obj
 .debug_info    0x0000b945      0xa85 CMakeFiles/homework1.elf.dir/Drivers/STM32F4xx_HAL_Driver/Src/stm32f4xx_hal_rcc.c.obj
 .debug_info    0x0000c3ca     0x3be0 CMakeFiles/homework1.elf.dir/Drivers/STM32F4xx_HAL_Driver/Src/stm32f4xx_hal_tim.c.obj
 .debug_info    0x0000ffaa     0x1ac8 CMakeFiles/homework1.elf.dir/Drivers/STM32F4xx_HAL_Driver/Src/stm32f4xx_hal_tim_ex.c.obj
 .debug_info    0x00011a72     0x3fcf CMakeFiles/homework1.elf.dir/Drivers/STM32F4xx_HAL_Driver/Src/stm32f4xx_hal_uart.c.obj
 .debug_info    0x00015a41       0xd8 C:/RMdiankong/STM32CubeCLT/STM32CubeCLT_1.16.0/GNU-tools-for-STM32/bin/../lib/gcc/arm-none-eabi/12.3.1/../../../../arm-none-eabi/lib/thumb/v7e-m/nofp\libg.a(libc_a-abort.o)
 .debug_info    0x00015b19      0xfc5 C:/RMdiankong/STM32CubeCLT/STM32CubeCLT_1.16.0/GNU-tools-for-STM32/bin/../lib/gcc/arm-none-eabi/12.3.1/../../../../arm-none-eabi/lib/thumb/v7e-m/nofp\libg.a(libc_a-findfp.o)
 .debug_info    0x00016ade       0xe0 C:/RMdiankong/STM32CubeCLT/STM32CubeCLT_1.16.0/GNU-tools-for-STM32/bin/../lib/gcc/arm-none-eabi/12.3.1/../../../../arm-none-eabi/lib/thumb/v7e-m/nofp\libg.a(libc_a-memset.o)
 .debug_info    0x00016bbe      0xa0d C:/RMdiankong/STM32CubeCLT/STM32CubeCLT_1.16.0/GNU-tools-for-STM32/bin/../lib/gcc/arm-none-eabi/12.3.1/../../../../arm-none-eabi/lib/thumb/v7e-m/nofp\libg.a(libc_a-signal.o)
 .debug_info    0x000175cb      0x7e7 C:/RMdiankong/STM32CubeCLT/STM32CubeCLT_1.16.0/GNU-tools-for-STM32/bin/../lib/gcc/arm-none-eabi/12.3.1/../../../../arm-none-eabi/lib/thumb/v7e-m/nofp\libg.a(libc_a-reent.o)
 .debug_info    0x00017db2      0x733 C:/RMdiankong/STM32CubeCLT/STM32CubeCLT_1.16.0/GNU-tools-for-STM32/bin/../lib/gcc/arm-none-eabi/12.3.1/../../../../arm-none-eabi/lib/thumb/v7e-m/nofp\libg.a(libc_a-impure.o)
 .debug_info    0x000184e5      0x7fb C:/RMdiankong/STM32CubeCLT/STM32CubeCLT_1.16.0/GNU-tools-for-STM32/bin/../lib/gcc/arm-none-eabi/12.3.1/../../../../arm-none-eabi/lib/thumb/v7e-m/nofp\libg.a(libc_a-signalr.o)
 .debug_info    0x00018ce0      0x719 C:/RMdiankong/STM32CubeCLT/STM32CubeCLT_1.16.0/GNU-tools-for-STM32/bin/../lib/gcc/arm-none-eabi/12.3.1/../../../../arm-none-eabi/lib/thumb/v7e-m/nofp\libg.a(libc_a-errno.o)
 .debug_info    0x000193f9      0x10b C:/RMdiankong/STM32CubeCLT/STM32CubeCLT_1.16.0/GNU-tools-for-STM32/bin/../lib/gcc/arm-none-eabi/12.3.1/../../../../arm-none-eabi/lib/thumb/v7e-m/nofp\libg.a(libc_a-init.o)
 .debug_info    0x00019504      0x20a C:/RMdiankong/STM32CubeCLT/STM32CubeCLT_1.16.0/GNU-tools-for-STM32/bin/../lib/gcc/arm-none-eabi/12.3.1/../../../../arm-none-eabi/lib/thumb/v7e-m/nofp\libg.a(libc_a-lock.o)
 .debug_info    0x0001970e      0x121 C:/RMdiankong/STM32CubeCLT/STM32CubeCLT_1.16.0/GNU-tools-for-STM32/bin/../lib/gcc/arm-none-eabi/12.3.1/../../../../arm-none-eabi/lib/thumb/v7e-m/nofp\libg.a(libc_a-memcpy-stub.o)
 .debug_info    0x0001982f      0x2dd C:/RMdiankong/STM32CubeCLT/STM32CubeCLT_1.16.0/GNU-tools-for-STM32/bin/../lib/gcc/arm-none-eabi/12.3.1/../../../../arm-none-eabi/lib/thumb/v7e-m/nofp\libg.a(libc_a-__call_atexit.o)
 .debug_info    0x00019b0c      0x118 C:/RMdiankong/STM32CubeCLT/STM32CubeCLT_1.16.0/GNU-tools-for-STM32/bin/../lib/gcc/arm-none-eabi/12.3.1/../../../../arm-none-eabi/lib/thumb/v7e-m/nofp\libg.a(libc_a-atexit.o)
 .debug_info    0x00019c24       0xf7 C:/RMdiankong/STM32CubeCLT/STM32CubeCLT_1.16.0/GNU-tools-for-STM32/bin/../lib/gcc/arm-none-eabi/12.3.1/../../../../arm-none-eabi/lib/thumb/v7e-m/nofp\libg.a(libc_a-fini.o)
 .debug_info    0x00019d1b      0x25f C:/RMdiankong/STM32CubeCLT/STM32CubeCLT_1.16.0/GNU-tools-for-STM32/bin/../lib/gcc/arm-none-eabi/12.3.1/../../../../arm-none-eabi/lib/thumb/v7e-m/nofp\libg.a(libc_a-__atexit.o)

.debug_abbrev   0x00000000     0x4755
 .debug_abbrev  0x00000000      0x168 CMakeFiles/homework1.elf.dir/Core/Src/PID.cpp.obj
 .debug_abbrev  0x00000168      0x2fa CMakeFiles/homework1.elf.dir/Core/Src/callback.cpp.obj
 .debug_abbrev  0x00000462      0x23d CMakeFiles/homework1.elf.dir/Core/Src/can.c.obj
 .debug_abbrev  0x0000069f      0x12b CMakeFiles/homework1.elf.dir/Core/Src/dma.c.obj
 .debug_abbrev  0x000007ca      0x164 CMakeFiles/homework1.elf.dir/Core/Src/gpio.c.obj
 .debug_abbrev  0x0000092e      0x285 CMakeFiles/homework1.elf.dir/Core/Src/main.c.obj
 .debug_abbrev  0x00000bb3       0xd6 CMakeFiles/homework1.elf.dir/Core/Src/stm32f4xx_hal_msp.c.obj
 .debug_abbrev  0x00000c89      0x206 CMakeFiles/homework1.elf.dir/Core/Src/stm32f4xx_it.c.obj
 .debug_abbrev  0x00000e8f      0x1c1 CMakeFiles/homework1.elf.dir/Core/Src/syscalls.c.obj
 .debug_abbrev  0x00001050      0x120 CMakeFiles/homework1.elf.dir/Core/Src/system_stm32f4xx.c.obj
 .debug_abbrev  0x00001170      0x242 CMakeFiles/homework1.elf.dir/Core/Src/tim.c.obj
 .debug_abbrev  0x000013b2      0x24e CMakeFiles/homework1.elf.dir/Core/Src/usart.c.obj
 .debug_abbrev  0x00001600       0x24 CMakeFiles/homework1.elf.dir/Core/Startup/startup_stm32f427iihx.s.obj
 .debug_abbrev  0x00001624      0x240 CMakeFiles/homework1.elf.dir/Drivers/STM32F4xx_HAL_Driver/Src/stm32f4xx_hal.c.obj
 .debug_abbrev  0x00001864      0x27d CMakeFiles/homework1.elf.dir/Drivers/STM32F4xx_HAL_Driver/Src/stm32f4xx_hal_can.c.obj
 .debug_abbrev  0x00001ae1      0x391 CMakeFiles/homework1.elf.dir/Drivers/STM32F4xx_HAL_Driver/Src/stm32f4xx_hal_cortex.c.obj
 .debug_abbrev  0x00001e72      0x2c0 CMakeFiles/homework1.elf.dir/Drivers/STM32F4xx_HAL_Driver/Src/stm32f4xx_hal_dma.c.obj
 .debug_abbrev  0x00002132      0x202 CMakeFiles/homework1.elf.dir/Drivers/STM32F4xx_HAL_Driver/Src/stm32f4xx_hal_gpio.c.obj
 .debug_abbrev  0x00002334      0x1e6 CMakeFiles/homework1.elf.dir/Drivers/STM32F4xx_HAL_Driver/Src/stm32f4xx_hal_pwr_ex.c.obj
 .debug_abbrev  0x0000251a      0x2c7 CMakeFiles/homework1.elf.dir/Drivers/STM32F4xx_HAL_Driver/Src/stm32f4xx_hal_rcc.c.obj
 .debug_abbrev  0x000027e1      0x271 CMakeFiles/homework1.elf.dir/Drivers/STM32F4xx_HAL_Driver/Src/stm32f4xx_hal_tim.c.obj
 .debug_abbrev  0x00002a52      0x26f CMakeFiles/homework1.elf.dir/Drivers/STM32F4xx_HAL_Driver/Src/stm32f4xx_hal_tim_ex.c.obj
 .debug_abbrev  0x00002cc1      0x32f CMakeFiles/homework1.elf.dir/Drivers/STM32F4xx_HAL_Driver/Src/stm32f4xx_hal_uart.c.obj
 .debug_abbrev  0x00002ff0       0x99 C:/RMdiankong/STM32CubeCLT/STM32CubeCLT_1.16.0/GNU-tools-for-STM32/bin/../lib/gcc/arm-none-eabi/12.3.1/../../../../arm-none-eabi/lib/thumb/v7e-m/nofp\libg.a(libc_a-abort.o)
 .debug_abbrev  0x00003089      0x462 C:/RMdiankong/STM32CubeCLT/STM32CubeCLT_1.16.0/GNU-tools-for-STM32/bin/../lib/gcc/arm-none-eabi/12.3.1/../../../../arm-none-eabi/lib/thumb/v7e-m/nofp\libg.a(libc_a-findfp.o)
 .debug_abbrev  0x000034eb       0x9e C:/RMdiankong/STM32CubeCLT/STM32CubeCLT_1.16.0/GNU-tools-for-STM32/bin/../lib/gcc/arm-none-eabi/12.3.1/../../../../arm-none-eabi/lib/thumb/v7e-m/nofp\libg.a(libc_a-memset.o)
 .debug_abbrev  0x00003589      0x28a C:/RMdiankong/STM32CubeCLT/STM32CubeCLT_1.16.0/GNU-tools-for-STM32/bin/../lib/gcc/arm-none-eabi/12.3.1/../../../../arm-none-eabi/lib/thumb/v7e-m/nofp\libg.a(libc_a-signal.o)
 .debug_abbrev  0x00003813      0x229 C:/RMdiankong/STM32CubeCLT/STM32CubeCLT_1.16.0/GNU-tools-for-STM32/bin/../lib/gcc/arm-none-eabi/12.3.1/../../../../arm-none-eabi/lib/thumb/v7e-m/nofp\libg.a(libc_a-reent.o)
 .debug_abbrev  0x00003a3c      0x185 C:/RMdiankong/STM32CubeCLT/STM32CubeCLT_1.16.0/GNU-tools-for-STM32/bin/../lib/gcc/arm-none-eabi/12.3.1/../../../../arm-none-eabi/lib/thumb/v7e-m/nofp\libg.a(libc_a-impure.o)
 .debug_abbrev  0x00003bc1      0x239 C:/RMdiankong/STM32CubeCLT/STM32CubeCLT_1.16.0/GNU-tools-for-STM32/bin/../lib/gcc/arm-none-eabi/12.3.1/../../../../arm-none-eabi/lib/thumb/v7e-m/nofp\libg.a(libc_a-signalr.o)
 .debug_abbrev  0x00003dfa      0x19a C:/RMdiankong/STM32CubeCLT/STM32CubeCLT_1.16.0/GNU-tools-for-STM32/bin/../lib/gcc/arm-none-eabi/12.3.1/../../../../arm-none-eabi/lib/thumb/v7e-m/nofp\libg.a(libc_a-errno.o)
 .debug_abbrev  0x00003f94       0xc9 C:/RMdiankong/STM32CubeCLT/STM32CubeCLT_1.16.0/GNU-tools-for-STM32/bin/../lib/gcc/arm-none-eabi/12.3.1/../../../../arm-none-eabi/lib/thumb/v7e-m/nofp\libg.a(libc_a-init.o)
 .debug_abbrev  0x0000405d      0x115 C:/RMdiankong/STM32CubeCLT/STM32CubeCLT_1.16.0/GNU-tools-for-STM32/bin/../lib/gcc/arm-none-eabi/12.3.1/../../../../arm-none-eabi/lib/thumb/v7e-m/nofp\libg.a(libc_a-lock.o)
 .debug_abbrev  0x00004172       0xc1 C:/RMdiankong/STM32CubeCLT/STM32CubeCLT_1.16.0/GNU-tools-for-STM32/bin/../lib/gcc/arm-none-eabi/12.3.1/../../../../arm-none-eabi/lib/thumb/v7e-m/nofp\libg.a(libc_a-memcpy-stub.o)
 .debug_abbrev  0x00004233      0x20c C:/RMdiankong/STM32CubeCLT/STM32CubeCLT_1.16.0/GNU-tools-for-STM32/bin/../lib/gcc/arm-none-eabi/12.3.1/../../../../arm-none-eabi/lib/thumb/v7e-m/nofp\libg.a(libc_a-__call_atexit.o)
 .debug_abbrev  0x0000443f       0xc1 C:/RMdiankong/STM32CubeCLT/STM32CubeCLT_1.16.0/GNU-tools-for-STM32/bin/../lib/gcc/arm-none-eabi/12.3.1/../../../../arm-none-eabi/lib/thumb/v7e-m/nofp\libg.a(libc_a-atexit.o)
 .debug_abbrev  0x00004500       0xcc C:/RMdiankong/STM32CubeCLT/STM32CubeCLT_1.16.0/GNU-tools-for-STM32/bin/../lib/gcc/arm-none-eabi/12.3.1/../../../../arm-none-eabi/lib/thumb/v7e-m/nofp\libg.a(libc_a-fini.o)
 .debug_abbrev  0x000045cc      0x189 C:/RMdiankong/STM32CubeCLT/STM32CubeCLT_1.16.0/GNU-tools-for-STM32/bin/../lib/gcc/arm-none-eabi/12.3.1/../../../../arm-none-eabi/lib/thumb/v7e-m/nofp\libg.a(libc_a-__atexit.o)

.debug_loclists
                0x00000000     0x9b18
 .debug_loclists
                0x00000000       0x71 CMakeFiles/homework1.elf.dir/Core/Src/PID.cpp.obj
 .debug_loclists
                0x00000071       0x66 CMakeFiles/homework1.elf.dir/Core/Src/callback.cpp.obj
 .debug_loclists
                0x000000d7       0x5c CMakeFiles/homework1.elf.dir/Core/Src/can.c.obj
 .debug_loclists
                0x00000133      0x25b CMakeFiles/homework1.elf.dir/Core/Src/syscalls.c.obj
 .debug_loclists
                0x0000038e       0xdb CMakeFiles/homework1.elf.dir/Core/Src/system_stm32f4xx.c.obj
 .debug_loclists
                0x00000469       0xa9 CMakeFiles/homework1.elf.dir/Core/Src/tim.c.obj
 .debug_loclists
                0x00000512       0x7d CMakeFiles/homework1.elf.dir/Core/Src/usart.c.obj
 .debug_loclists
                0x0000058f       0xc9 CMakeFiles/homework1.elf.dir/Drivers/STM32F4xx_HAL_Driver/Src/stm32f4xx_hal.c.obj
 .debug_loclists
                0x00000658      0x85b CMakeFiles/homework1.elf.dir/Drivers/STM32F4xx_HAL_Driver/Src/stm32f4xx_hal_can.c.obj
 .debug_loclists
                0x00000eb3      0x439 CMakeFiles/homework1.elf.dir/Drivers/STM32F4xx_HAL_Driver/Src/stm32f4xx_hal_cortex.c.obj
 .debug_loclists
                0x000012ec      0x763 CMakeFiles/homework1.elf.dir/Drivers/STM32F4xx_HAL_Driver/Src/stm32f4xx_hal_dma.c.obj
 .debug_loclists
                0x00001a4f      0x356 CMakeFiles/homework1.elf.dir/Drivers/STM32F4xx_HAL_Driver/Src/stm32f4xx_hal_gpio.c.obj
 .debug_loclists
                0x00001da5      0x14e CMakeFiles/homework1.elf.dir/Drivers/STM32F4xx_HAL_Driver/Src/stm32f4xx_hal_pwr_ex.c.obj
 .debug_loclists
                0x00001ef3      0x3a9 CMakeFiles/homework1.elf.dir/Drivers/STM32F4xx_HAL_Driver/Src/stm32f4xx_hal_rcc.c.obj
 .debug_loclists
                0x0000229c     0x3331 CMakeFiles/homework1.elf.dir/Drivers/STM32F4xx_HAL_Driver/Src/stm32f4xx_hal_tim.c.obj
 .debug_loclists
                0x000055cd     0x129a CMakeFiles/homework1.elf.dir/Drivers/STM32F4xx_HAL_Driver/Src/stm32f4xx_hal_tim_ex.c.obj
 .debug_loclists
                0x00006867     0x29f1 CMakeFiles/homework1.elf.dir/Drivers/STM32F4xx_HAL_Driver/Src/stm32f4xx_hal_uart.c.obj
 .debug_loclists
                0x00009258      0x252 C:/RMdiankong/STM32CubeCLT/STM32CubeCLT_1.16.0/GNU-tools-for-STM32/bin/../lib/gcc/arm-none-eabi/12.3.1/../../../../arm-none-eabi/lib/thumb/v7e-m/nofp\libg.a(libc_a-findfp.o)
 .debug_loclists
                0x000094aa       0x47 C:/RMdiankong/STM32CubeCLT/STM32CubeCLT_1.16.0/GNU-tools-for-STM32/bin/../lib/gcc/arm-none-eabi/12.3.1/../../../../arm-none-eabi/lib/thumb/v7e-m/nofp\libg.a(libc_a-memset.o)
 .debug_loclists
                0x000094f1      0x281 C:/RMdiankong/STM32CubeCLT/STM32CubeCLT_1.16.0/GNU-tools-for-STM32/bin/../lib/gcc/arm-none-eabi/12.3.1/../../../../arm-none-eabi/lib/thumb/v7e-m/nofp\libg.a(libc_a-signal.o)
 .debug_loclists
                0x00009772       0x68 C:/RMdiankong/STM32CubeCLT/STM32CubeCLT_1.16.0/GNU-tools-for-STM32/bin/../lib/gcc/arm-none-eabi/12.3.1/../../../../arm-none-eabi/lib/thumb/v7e-m/nofp\libg.a(libc_a-reent.o)
 .debug_loclists
                0x000097da       0x81 C:/RMdiankong/STM32CubeCLT/STM32CubeCLT_1.16.0/GNU-tools-for-STM32/bin/../lib/gcc/arm-none-eabi/12.3.1/../../../../arm-none-eabi/lib/thumb/v7e-m/nofp\libg.a(libc_a-signalr.o)
 .debug_loclists
                0x0000985b       0x44 C:/RMdiankong/STM32CubeCLT/STM32CubeCLT_1.16.0/GNU-tools-for-STM32/bin/../lib/gcc/arm-none-eabi/12.3.1/../../../../arm-none-eabi/lib/thumb/v7e-m/nofp\libg.a(libc_a-init.o)
 .debug_loclists
                0x0000989f       0x23 C:/RMdiankong/STM32CubeCLT/STM32CubeCLT_1.16.0/GNU-tools-for-STM32/bin/../lib/gcc/arm-none-eabi/12.3.1/../../../../arm-none-eabi/lib/thumb/v7e-m/nofp\libg.a(libc_a-lock.o)
 .debug_loclists
                0x000098c2       0x8f C:/RMdiankong/STM32CubeCLT/STM32CubeCLT_1.16.0/GNU-tools-for-STM32/bin/../lib/gcc/arm-none-eabi/12.3.1/../../../../arm-none-eabi/lib/thumb/v7e-m/nofp\libg.a(libc_a-memcpy-stub.o)
 .debug_loclists
                0x00009951       0xd4 C:/RMdiankong/STM32CubeCLT/STM32CubeCLT_1.16.0/GNU-tools-for-STM32/bin/../lib/gcc/arm-none-eabi/12.3.1/../../../../arm-none-eabi/lib/thumb/v7e-m/nofp\libg.a(libc_a-__call_atexit.o)
 .debug_loclists
                0x00009a25       0x2a C:/RMdiankong/STM32CubeCLT/STM32CubeCLT_1.16.0/GNU-tools-for-STM32/bin/../lib/gcc/arm-none-eabi/12.3.1/../../../../arm-none-eabi/lib/thumb/v7e-m/nofp\libg.a(libc_a-atexit.o)
 .debug_loclists
                0x00009a4f       0x3b C:/RMdiankong/STM32CubeCLT/STM32CubeCLT_1.16.0/GNU-tools-for-STM32/bin/../lib/gcc/arm-none-eabi/12.3.1/../../../../arm-none-eabi/lib/thumb/v7e-m/nofp\libg.a(libc_a-fini.o)
 .debug_loclists
                0x00009a8a       0x8e C:/RMdiankong/STM32CubeCLT/STM32CubeCLT_1.16.0/GNU-tools-for-STM32/bin/../lib/gcc/arm-none-eabi/12.3.1/../../../../arm-none-eabi/lib/thumb/v7e-m/nofp\libg.a(libc_a-__atexit.o)

.debug_aranges  0x00000000     0x1238
 .debug_aranges
                0x00000000       0x28 CMakeFiles/homework1.elf.dir/Core/Src/PID.cpp.obj
 .debug_aranges
                0x00000028       0x38 CMakeFiles/homework1.elf.dir/Core/Src/callback.cpp.obj
 .debug_aranges
                0x00000060       0x30 CMakeFiles/homework1.elf.dir/Core/Src/can.c.obj
 .debug_aranges
                0x00000090       0x20 CMakeFiles/homework1.elf.dir/Core/Src/dma.c.obj
 .debug_aranges
                0x000000b0       0x20 CMakeFiles/homework1.elf.dir/Core/Src/gpio.c.obj
 .debug_aranges
                0x000000d0       0x30 CMakeFiles/homework1.elf.dir/Core/Src/main.c.obj
 .debug_aranges
                0x00000100       0x20 CMakeFiles/homework1.elf.dir/Core/Src/stm32f4xx_hal_msp.c.obj
 .debug_aranges
                0x00000120       0xa8 CMakeFiles/homework1.elf.dir/Core/Src/stm32f4xx_it.c.obj
 .debug_aranges
                0x000001c8       0xa8 CMakeFiles/homework1.elf.dir/Core/Src/syscalls.c.obj
 .debug_aranges
                0x00000270       0x28 CMakeFiles/homework1.elf.dir/Core/Src/system_stm32f4xx.c.obj
 .debug_aranges
                0x00000298       0x40 CMakeFiles/homework1.elf.dir/Core/Src/tim.c.obj
 .debug_aranges
                0x000002d8       0x38 CMakeFiles/homework1.elf.dir/Core/Src/usart.c.obj
 .debug_aranges
                0x00000310       0x28 CMakeFiles/homework1.elf.dir/Core/Startup/startup_stm32f427iihx.s.obj
 .debug_aranges
                0x00000338      0x100 CMakeFiles/homework1.elf.dir/Drivers/STM32F4xx_HAL_Driver/Src/stm32f4xx_hal.c.obj
 .debug_aranges
                0x00000438      0x138 CMakeFiles/homework1.elf.dir/Drivers/STM32F4xx_HAL_Driver/Src/stm32f4xx_hal_can.c.obj
 .debug_aranges
                0x00000570       0xf8 CMakeFiles/homework1.elf.dir/Drivers/STM32F4xx_HAL_Driver/Src/stm32f4xx_hal_cortex.c.obj
 .debug_aranges
                0x00000668       0x90 CMakeFiles/homework1.elf.dir/Drivers/STM32F4xx_HAL_Driver/Src/stm32f4xx_hal_dma.c.obj
 .debug_aranges
                0x000006f8       0x58 CMakeFiles/homework1.elf.dir/Drivers/STM32F4xx_HAL_Driver/Src/stm32f4xx_hal_gpio.c.obj
 .debug_aranges
                0x00000750       0x60 CMakeFiles/homework1.elf.dir/Drivers/STM32F4xx_HAL_Driver/Src/stm32f4xx_hal_pwr_ex.c.obj
 .debug_aranges
                0x000007b0       0x88 CMakeFiles/homework1.elf.dir/Drivers/STM32F4xx_HAL_Driver/Src/stm32f4xx_hal_rcc.c.obj
 .debug_aranges
                0x00000838      0x3d0 CMakeFiles/homework1.elf.dir/Drivers/STM32F4xx_HAL_Driver/Src/stm32f4xx_hal_tim.c.obj
 .debug_aranges
                0x00000c08      0x168 CMakeFiles/homework1.elf.dir/Drivers/STM32F4xx_HAL_Driver/Src/stm32f4xx_hal_tim_ex.c.obj
 .debug_aranges
                0x00000d70      0x208 CMakeFiles/homework1.elf.dir/Drivers/STM32F4xx_HAL_Driver/Src/stm32f4xx_hal_uart.c.obj
 .debug_aranges
                0x00000f78       0x20 C:/RMdiankong/STM32CubeCLT/STM32CubeCLT_1.16.0/GNU-tools-for-STM32/bin/../lib/gcc/arm-none-eabi/12.3.1/../../../../arm-none-eabi/lib/thumb/v7e-m/nofp\libg.a(libc_a-abort.o)
 .debug_aranges
                0x00000f98       0x78 C:/RMdiankong/STM32CubeCLT/STM32CubeCLT_1.16.0/GNU-tools-for-STM32/bin/../lib/gcc/arm-none-eabi/12.3.1/../../../../arm-none-eabi/lib/thumb/v7e-m/nofp\libg.a(libc_a-findfp.o)
 .debug_aranges
                0x00001010       0x20 C:/RMdiankong/STM32CubeCLT/STM32CubeCLT_1.16.0/GNU-tools-for-STM32/bin/../lib/gcc/arm-none-eabi/12.3.1/../../../../arm-none-eabi/lib/thumb/v7e-m/nofp\libg.a(libc_a-memset.o)
 .debug_aranges
                0x00001030       0x58 C:/RMdiankong/STM32CubeCLT/STM32CubeCLT_1.16.0/GNU-tools-for-STM32/bin/../lib/gcc/arm-none-eabi/12.3.1/../../../../arm-none-eabi/lib/thumb/v7e-m/nofp\libg.a(libc_a-signal.o)
 .debug_aranges
                0x00001088       0x20 C:/RMdiankong/STM32CubeCLT/STM32CubeCLT_1.16.0/GNU-tools-for-STM32/bin/../lib/gcc/arm-none-eabi/12.3.1/../../../../arm-none-eabi/lib/thumb/v7e-m/nofp\libg.a(libc_a-reent.o)
 .debug_aranges
                0x000010a8       0x18 C:/RMdiankong/STM32CubeCLT/STM32CubeCLT_1.16.0/GNU-tools-for-STM32/bin/../lib/gcc/arm-none-eabi/12.3.1/../../../../arm-none-eabi/lib/thumb/v7e-m/nofp\libg.a(libc_a-impure.o)
 .debug_aranges
                0x000010c0       0x28 C:/RMdiankong/STM32CubeCLT/STM32CubeCLT_1.16.0/GNU-tools-for-STM32/bin/../lib/gcc/arm-none-eabi/12.3.1/../../../../arm-none-eabi/lib/thumb/v7e-m/nofp\libg.a(libc_a-signalr.o)
 .debug_aranges
                0x000010e8       0x20 C:/RMdiankong/STM32CubeCLT/STM32CubeCLT_1.16.0/GNU-tools-for-STM32/bin/../lib/gcc/arm-none-eabi/12.3.1/../../../../arm-none-eabi/lib/thumb/v7e-m/nofp\libg.a(libc_a-errno.o)
 .debug_aranges
                0x00001108       0x20 C:/RMdiankong/STM32CubeCLT/STM32CubeCLT_1.16.0/GNU-tools-for-STM32/bin/../lib/gcc/arm-none-eabi/12.3.1/../../../../arm-none-eabi/lib/thumb/v7e-m/nofp\libg.a(libc_a-init.o)
 .debug_aranges
                0x00001128       0x68 C:/RMdiankong/STM32CubeCLT/STM32CubeCLT_1.16.0/GNU-tools-for-STM32/bin/../lib/gcc/arm-none-eabi/12.3.1/../../../../arm-none-eabi/lib/thumb/v7e-m/nofp\libg.a(libc_a-lock.o)
 .debug_aranges
                0x00001190       0x20 C:/RMdiankong/STM32CubeCLT/STM32CubeCLT_1.16.0/GNU-tools-for-STM32/bin/../lib/gcc/arm-none-eabi/12.3.1/../../../../arm-none-eabi/lib/thumb/v7e-m/nofp\libg.a(libc_a-memcpy-stub.o)
 .debug_aranges
                0x000011b0       0x28 C:/RMdiankong/STM32CubeCLT/STM32CubeCLT_1.16.0/GNU-tools-for-STM32/bin/../lib/gcc/arm-none-eabi/12.3.1/../../../../arm-none-eabi/lib/thumb/v7e-m/nofp\libg.a(libc_a-__call_atexit.o)
 .debug_aranges
                0x000011d8       0x20 C:/RMdiankong/STM32CubeCLT/STM32CubeCLT_1.16.0/GNU-tools-for-STM32/bin/../lib/gcc/arm-none-eabi/12.3.1/../../../../arm-none-eabi/lib/thumb/v7e-m/nofp\libg.a(libc_a-atexit.o)
 .debug_aranges
                0x000011f8       0x20 C:/RMdiankong/STM32CubeCLT/STM32CubeCLT_1.16.0/GNU-tools-for-STM32/bin/../lib/gcc/arm-none-eabi/12.3.1/../../../../arm-none-eabi/lib/thumb/v7e-m/nofp\libg.a(libc_a-fini.o)
 .debug_aranges