Archive member included to satisfy reference by file (symbol)

C:/RMdiankong/STM32CubeCLT/STM32CubeCLT_1.16.0/GNU-tools-for-STM32/bin/../lib/gcc/arm-none-eabi/12.3.1/thumb/v7e-m/nofp\libgcc.a(_arm_mulsf3.o)
                              CMakeFiles/homework1.elf.dir/Core/Src/callback.c.obj (__aeabi_fmul)
C:/RMdiankong/STM32CubeCLT/STM32CubeCLT_1.16.0/GNU-tools-for-STM32/bin/../lib/gcc/arm-none-eabi/12.3.1/thumb/v7e-m/nofp\libgcc.a(_arm_addsubsf3.o)
                              CMakeFiles/homework1.elf.dir/Core/Src/callback.c.obj (__aeabi_i2f)
C:/RMdiankong/STM32CubeCLT/STM32CubeCLT_1.16.0/GNU-tools-for-STM32/bin/../lib/gcc/arm-none-eabi/12.3.1/thumb/v7e-m/nofp\libgcc.a(_aeabi_uldivmod.o)
                              CMakeFiles/homework1.elf.dir/Drivers/STM32F4xx_HAL_Driver/Src/stm32f4xx_hal_rcc.c.obj (__aeabi_uldivmod)
C:/RMdiankong/STM32CubeCLT/STM32CubeCLT_1.16.0/GNU-tools-for-STM32/bin/../lib/gcc/arm-none-eabi/12.3.1/thumb/v7e-m/nofp\libgcc.a(_udivmoddi4.o)
                              C:/RMdiankong/STM32CubeCLT/STM32CubeCLT_1.16.0/GNU-tools-for-STM32/bin/../lib/gcc/arm-none-eabi/12.3.1/thumb/v7e-m/nofp\libgcc.a(_aeabi_uldivmod.o) (__udivmoddi4)
C:/RMdiankong/STM32CubeCLT/STM32CubeCLT_1.16.0/GNU-tools-for-STM32/bin/../lib/gcc/arm-none-eabi/12.3.1/thumb/v7e-m/nofp\libgcc.a(_dvmd_tls.o)
                              C:/RMdiankong/STM32CubeCLT/STM32CubeCLT_1.16.0/GNU-tools-for-STM32/bin/../lib/gcc/arm-none-eabi/12.3.1/thumb/v7e-m/nofp\libgcc.a(_aeabi_uldivmod.o) (__aeabi_ldiv0)
C:/RMdiankong/STM32CubeCLT/STM32CubeCLT_1.16.0/GNU-tools-for-STM32/bin/../lib/gcc/arm-none-eabi/12.3.1/../../../../arm-none-eabi/lib/thumb/v7e-m/nofp\libg.a(libc_a-exit.o)
                              C:/RMdiankong/STM32CubeCLT/STM32CubeCLT_1.16.0/GNU-tools-for-STM32/bin/../lib/gcc/arm-none-eabi/12.3.1/../../../../arm-none-eabi/lib/thumb/v7e-m/nofp/crt0.o (exit)
C:/RMdiankong/STM32CubeCLT/STM32CubeCLT_1.16.0/GNU-tools-for-STM32/bin/../lib/gcc/arm-none-eabi/12.3.1/../../../../arm-none-eabi/lib/thumb/v7e-m/nofp\libg.a(libc_a-findfp.o)
                              C:/RMdiankong/STM32CubeCLT/STM32CubeCLT_1.16.0/GNU-tools-for-STM32/bin/../lib/gcc/arm-none-eabi/12.3.1/../../../../arm-none-eabi/lib/thumb/v7e-m/nofp\libg.a(libc_a-exit.o) (__stdio_exit_handler)
C:/RMdiankong/STM32CubeCLT/STM32CubeCLT_1.16.0/GNU-tools-for-STM32/bin/../lib/gcc/arm-none-eabi/12.3.1/../../../../arm-none-eabi/lib/thumb/v7e-m/nofp\libg.a(libc_a-fwalk.o)
                              C:/RMdiankong/STM32CubeCLT/STM32CubeCLT_1.16.0/GNU-tools-for-STM32/bin/../lib/gcc/arm-none-eabi/12.3.1/../../../../arm-none-eabi/lib/thumb/v7e-m/nofp\libg.a(libc_a-findfp.o) (_fwalk_sglue)
C:/RMdiankong/STM32CubeCLT/STM32CubeCLT_1.16.0/GNU-tools-for-STM32/bin/../lib/gcc/arm-none-eabi/12.3.1/../../../../arm-none-eabi/lib/thumb/v7e-m/nofp\libg.a(libc_a-stdio.o)
                              C:/RMdiankong/STM32CubeCLT/STM32CubeCLT_1.16.0/GNU-tools-for-STM32/bin/../lib/gcc/arm-none-eabi/12.3.1/../../../../arm-none-eabi/lib/thumb/v7e-m/nofp\libg.a(libc_a-findfp.o) (__sread)
C:/RMdiankong/STM32CubeCLT/STM32CubeCLT_1.16.0/GNU-tools-for-STM32/bin/../lib/gcc/arm-none-eabi/12.3.1/../../../../arm-none-eabi/lib/thumb/v7e-m/nofp\libg.a(libc_a-memset.o)
                              C:/RMdiankong/STM32CubeCLT/STM32CubeCLT_1.16.0/GNU-tools-for-STM32/bin/../lib/gcc/arm-none-eabi/12.3.1/../../../../arm-none-eabi/lib/thumb/v7e-m/nofp/crt0.o (memset)
C:/RMdiankong/STM32CubeCLT/STM32CubeCLT_1.16.0/GNU-tools-for-STM32/bin/../lib/gcc/arm-none-eabi/12.3.1/../../../../arm-none-eabi/lib/thumb/v7e-m/nofp\libg.a(libc_a-closer.o)
                              C:/RMdiankong/STM32CubeCLT/STM32CubeCLT_1.16.0/GNU-tools-for-STM32/bin/../lib/gcc/arm-none-eabi/12.3.1/../../../../arm-none-eabi/lib/thumb/v7e-m/nofp\libg.a(libc_a-stdio.o) (_close_r)
C:/RMdiankong/STM32CubeCLT/STM32CubeCLT_1.16.0/GNU-tools-for-STM32/bin/../lib/gcc/arm-none-eabi/12.3.1/../../../../arm-none-eabi/lib/thumb/v7e-m/nofp\libg.a(libc_a-reent.o)
                              C:/RMdiankong/STM32CubeCLT/STM32CubeCLT_1.16.0/GNU-tools-for-STM32/bin/../lib/gcc/arm-none-eabi/12.3.1/../../../../arm-none-eabi/lib/thumb/v7e-m/nofp\libg.a(libc_a-closer.o) (errno)
C:/RMdiankong/STM32CubeCLT/STM32CubeCLT_1.16.0/GNU-tools-for-STM32/bin/../lib/gcc/arm-none-eabi/12.3.1/../../../../arm-none-eabi/lib/thumb/v7e-m/nofp\libg.a(libc_a-impure.o)
                              C:/RMdiankong/STM32CubeCLT/STM32CubeCLT_1.16.0/GNU-tools-for-STM32/bin/../lib/gcc/arm-none-eabi/12.3.1/../../../../arm-none-eabi/lib/thumb/v7e-m/nofp\libg.a(libc_a-reent.o) (_impure_ptr)
C:/RMdiankong/STM32CubeCLT/STM32CubeCLT_1.16.0/GNU-tools-for-STM32/bin/../lib/gcc/arm-none-eabi/12.3.1/../../../../arm-none-eabi/lib/thumb/v7e-m/nofp\libg.a(libc_a-lseekr.o)
                              C:/RMdiankong/STM32CubeCLT/STM32CubeCLT_1.16.0/GNU-tools-for-STM32/bin/../lib/gcc/arm-none-eabi/12.3.1/../../../../arm-none-eabi/lib/thumb/v7e-m/nofp\libg.a(libc_a-stdio.o) (_lseek_r)
[...]
Memory Configuration

Name             Origin             Length             Attributes
CCMRAM           0x10000000         0x00010000         xrw
RAM              0x20000000         0x00030000         xrw
FLASH            0x08000000         0x00200000         xr
*default*        0x00000000         0xffffffff

Linker script and memory map

LOAD C:/RMdiankong/STM32CubeCLT/STM32CubeCLT_1.16.0/GNU-tools-for-STM32/bin/../lib/gcc/arm-none-eabi/12.3.1/thumb/v7e-m/nofp/crti.o
LOAD C:/RMdiankong/STM32CubeCLT/STM32CubeCLT_1.16.0/GNU-tools-for-STM32/bin/../lib/gcc/arm-none-eabi/12.3.1/thumb/v7e-m/nofp/crtbegin.o
LOAD C:/RMdiankong/STM32CubeCLT/STM32CubeCLT_1.16.0/GNU-tools-for-STM32/bin/../lib/gcc/arm-none-eabi/12.3.1/../../../../arm-none-eabi/lib/thumb/v7e-m/nofp/crt0.o
LOAD CMakeFiles/homework1.elf.dir/Core/Src/callback.c.obj
LOAD CMakeFiles/homework1.elf.dir/Core/Src/can.c.obj
LOAD CMakeFiles/homework1.elf.dir/Core/Src/dma.c.obj
LOAD CMakeFiles/homework1.elf.dir/Core/Src/gpio.c.obj
LOAD CMakeFiles/homework1.elf.dir/Core/Src/main.c.obj
LOAD CMakeFiles/homework1.elf.dir/Core/Src/stm32f4xx_hal_msp.c.obj
LOAD CMakeFiles/homework1.elf.dir/Core/Src/stm32f4xx_it.c.obj
LOAD CMakeFiles/homework1.elf.dir/Core/Src/syscalls.c.obj
LOAD CMakeFiles/homework1.elf.dir/Core/Src/sysmem.c.obj
LOAD CMakeFiles/homework1.elf.dir/Core/Src/system_stm32f4xx.c.obj
LOAD CMakeFiles/homework1.elf.dir/Core/Src/tim.c.obj
LOAD CMakeFiles/homework1.elf.dir/Core/Src/usart.c.obj
LOAD CMakeFiles/homework1.elf.dir/Core/Startup/startup_stm32f427iihx.s.obj
LOAD CMakeFiles/homework1.elf.dir/Drivers/STM32F4xx_HAL_Driver/Src/stm32f4xx_hal.c.obj
LOAD CMakeFiles/homework1.elf.dir/Drivers/STM32F4xx_HAL_Driver/Src/stm32f4xx_hal_can.c.obj
LOAD CMakeFiles/homework1.elf.dir/Drivers/STM32F4xx_HAL_Driver/Src/stm32f4xx_hal_cortex.c.obj
LOAD CMakeFiles/homework1.elf.dir/Drivers/STM32F4xx_HAL_Driver/Src/stm32f4xx_hal_dma.c.obj
LOAD CMakeFiles/homework1.elf.dir/Drivers/STM32F4xx_HAL_Driver/Src/stm32f4xx_hal_dma_ex.c.obj
LOAD CMakeFiles/homework1.elf.dir/Drivers/STM32F4xx_HAL_Driver/Src/stm32f4xx_hal_exti.c.obj
LOAD CMakeFiles/homework1.elf.dir/Drivers/STM32F4xx_HAL_Driver/Src/stm32f4xx_hal_flash.c.obj
LOAD CMakeFiles/homework1.elf.dir/Drivers/STM32F4xx_HAL_Driver/Src/stm32f4xx_hal_flash_ex.c.obj
LOAD CMakeFiles/homework1.elf.dir/Drivers/STM32F4xx_HAL_Driver/Src/stm32f4xx_hal_flash_ramfunc.c.obj
LOAD CMakeFiles/homework1.elf.dir/Drivers/STM32F4xx_HAL_Driver/Src/stm32f4xx_hal_gpio.c.obj
LOAD CMakeFiles/homework1.elf.dir/Drivers/STM32F4xx_HAL_Driver/Src/stm32f4xx_hal_pwr.c.obj
LOAD CMakeFiles/homework1.elf.dir/Drivers/STM32F4xx_HAL_Driver/Src/stm32f4xx_hal_pwr_ex.c.obj
LOAD CMakeFiles/homework1.elf.dir/Drivers/STM32F4xx_HAL_Driver/Src/stm32f4xx_hal_rcc.c.obj
LOAD CMakeFiles/homework1.elf.dir/Drivers/STM32F4xx_HAL_Driver/Src/stm32f4xx_hal_rcc_ex.c.obj
LOAD CMakeFiles/homework1.elf.dir/Drivers/STM32F4xx_HAL_Driver/Src/stm32f4xx_hal_tim.c.obj
LOAD CMakeFiles/homework1.elf.dir/Drivers/STM32F4xx_HAL_Driver/Src/stm32f4xx_hal_tim_ex.c.obj
LOAD CMakeFiles/homework1.elf.dir/Drivers/STM32F4xx_HAL_Driver/Src/stm32f4xx_hal_uart.c.obj
START GROUP
LOAD C:/RMdiankong/STM32CubeCLT/STM32CubeCLT_1.16.0/GNU-tools-for-STM32/bin/../lib/gcc/arm-none-eabi/12.3.1/thumb/v7e-m/nofp\libgcc.a
LOAD C:/RMdiankong/STM32CubeCLT/STM32CubeCLT_1.16.0/GNU-tools-for-STM32/bin/../lib/gcc/arm-none-eabi/12.3.1/../../../../arm-none-eabi/lib/thumb/v7e-m/nofp\libg.a
LOAD C:/RMdiankong/STM32CubeCLT/STM32CubeCLT_1.16.0/GNU-tools-for-STM32/bin/../lib/gcc/arm-none-eabi/12.3.1/../../../../arm-none-eabi/lib/thumb/v7e-m/nofp\libc.a
END GROUP
LOAD C:/RMdiankong/STM32CubeCLT/STM32CubeCLT_1.16.0/GNU-tools-for-STM32/bin/../lib/gcc/arm-none-eabi/12.3.1/thumb/v7e-m/nofp/crtend.o
LOAD C:/RMdiankong/STM32CubeCLT/STM32CubeCLT_1.16.0/GNU-tools-for-STM32/bin/../lib/gcc/arm-none-eabi/12.3.1/thumb/v7e-m/nofp/crtn.o
                0x20030000                        _estack = (ORIGIN (RAM) + LENGTH (RAM))
                0x00000200                        _Min_Heap_Size = 0x200
                0x00000400                        _Min_Stack_Size = 0x400

.isr_vector     0x08000000      0x1ac
                0x08000000                        . = ALIGN (0x4)
 *(.isr_vector)
 .isr_vector    0x08000000      0x1ac CMakeFiles/homework1.elf.dir/Core/Startup/startup_stm32f427iihx.s.obj
                0x08000000                g_pfnVectors
                0x080001ac                        . = ALIGN (0x4)

.text           0x080001ac     0x3804
                0x080001ac                        . = ALIGN (0x4)
 *(.text)
 .text          0x080001ac       0x40 C:/RMdiankong/STM32CubeCLT/STM32CubeCLT_1.16.0/GNU-tools-for-STM32/bin/../lib/gcc/arm-none-eabi/12.3.1/thumb/v7e-m/nofp/crtbegin.o
 .text          0x080001ec      0x168 C:/RMdiankong/STM32CubeCLT/STM32CubeCLT_1.16.0/GNU-tools-for-STM32/bin/../lib/gcc/arm-none-eabi/12.3.1/thumb/v7e-m/nofp\libgcc.a(_arm_mulsf3.o)
                0x080001ec                __aeabi_fmul
                0x080001ec                __mulsf3
 .text          0x08000354      0x21c C:/RMdiankong/STM32CubeCLT/STM32CubeCLT_1.16.0/GNU-tools-for-STM32/bin/../lib/gcc/arm-none-eabi/12.3.1/thumb/v7e-m/nofp\libgcc.a(_arm_addsubsf3.o)
                0x08000354                __aeabi_frsub
                0x0800035c                __subsf3
                0x0800035c                __aeabi_fsub
                0x08000360                __aeabi_fadd
                0x08000360                __addsf3
                0x080004c0                __aeabi_ui2f
                0x080004c0                __floatunsisf
                0x080004c8                __aeabi_i2f
                0x080004c8                __floatsisf
                0x080004e4                __aeabi_ul2f
                0x080004e4                __floatundisf
                0x080004f4                __aeabi_l2f
                0x080004f4                __floatdisf
 .text          0x08000570       0x30 C:/RMdiankong/STM32CubeCLT/STM32CubeCLT_1.16.0/GNU-tools-for-STM32/bin/../lib/gcc/arm-none-eabi/12.3.1/thumb/v7e-m/nofp\libgcc.a(_aeabi_uldivmod.o)
                0x08000570                __aeabi_uldivmod
 .text          0x080005a0      0x2bc C:/RMdiankong/STM32CubeCLT/STM32CubeCLT_1.16.0/GNU-tools-for-STM32/bin/../lib/gcc/arm-none-eabi/12.3.1/thumb/v7e-m/nofp\libgcc.a(_udivmoddi4.o)
                0x080005a0                __udivmoddi4
 .text          0x0800085c        0x4 C:/RMdiankong/STM32CubeCLT/STM32CubeCLT_1.16.0/GNU-tools-for-STM32/bin/../lib/gcc/arm-none-eabi/12.3.1/thumb/v7e-m/nofp\libgcc.a(_dvmd_tls.o)
                0x0800085c                __aeabi_idiv0
                0x0800085c                __aeabi_ldiv0
 *(.text*)
 .text.linear   0x08000860       0x28 CMakeFiles/homework1.elf.dir/Core/Src/callback.c.obj
                0x08000860                linear
 .text.explain_data
                0x08000888       0x78 CMakeFiles/homework1.elf.dir/Core/Src/callback.c.obj
                0x08000888                explain_data
 .text.HAL_UART_RxCpltCallback
                0x08000900       0x60 CMakeFiles/homework1.elf.dir/Core/Src/callback.c.obj
                0x08000900                HAL_UART_RxCpltCallback
 .text.MX_CAN1_Init
                0x08000960       0x40 CMakeFiles/homework1.elf.dir/Core/Src/can.c.obj
                0x08000960                MX_CAN1_Init
 .text.HAL_CAN_MspInit
                0x080009a0       0x7c CMakeFiles/homework1.elf.dir/Core/Src/can.c.obj
                0x080009a0                HAL_CAN_MspInit
 .text.MX_DMA_Init
                0x08000a1c       0x34 CMakeFiles/homework1.elf.dir/Core/Src/dma.c.obj
                0x08000a1c                MX_DMA_Init
 .text.MX_GPIO_Init
                0x08000a50       0xd0 CMakeFiles/homework1.elf.dir/Core/Src/gpio.c.obj
                0x08000a50                MX_GPIO_Init
 .text.Error_Handler
                0x08000b20        0x4 CMakeFiles/homework1.elf.dir/Core/Src/main.c.obj
                0x08000b20                Error_Handler
 .text.SystemClock_Config
                0x08000b24       0xb4 CMakeFiles/homework1.elf.dir/Core/Src/main.c.obj
                0x08000b24                SystemClock_Config
 .text.main     0x08000bd8       0xa4 CMakeFiles/homework1.elf.dir/Core/Src/main.c.obj
                0x08000bd8                main
 .text.HAL_MspInit
                0x08000c7c       0x38 CMakeFiles/homework1.elf.dir/Core/Src/stm32f4xx_hal_msp.c.obj
                0x08000c7c                HAL_MspInit
 .text.NMI_Handler
                0x08000cb4        0x2 CMakeFiles/homework1.elf.dir/Core/Src/stm32f4xx_it.c.obj
                0x08000cb4                NMI_Handler
 .text.HardFault_Handler
                0x08000cb6        0x2 CMakeFiles/homework1.elf.dir/Core/Src/stm32f4xx_it.c.obj
                0x08000cb6                HardFault_Handler
 .text.MemManage_Handler
                0x08000cb8        0x2 CMakeFiles/homework1.elf.dir/Core/Src/stm32f4xx_it.c.obj
                0x08000cb8                MemManage_Handler
 .text.BusFault_Handler
                0x08000cba        0x2 CMakeFiles/homework1.elf.dir/Core/Src/stm32f4xx_it.c.obj
                0x08000cba                BusFault_Handler
 .text.UsageFault_Handler
                0x08000cbc        0x2 CMakeFiles/homework1.elf.dir/Core/Src/stm32f4xx_it.c.obj
                0x08000cbc                UsageFault_Handler
 .text.SVC_Handler
                0x08000cbe        0x2 CMakeFiles/homework1.elf.dir/Core/Src/stm32f4xx_it.c.obj
                0x08000cbe                SVC_Handler
 .text.DebugMon_Handler
                0x08000cc0        0x2 CMakeFiles/homework1.elf.dir/Core/Src/stm32f4xx_it.c.obj
                0x08000cc0                DebugMon_Handler
 .text.PendSV_Handler
                0x08000cc2        0x2 CMakeFiles/homework1.elf.dir/Core/Src/stm32f4xx_it.c.obj
                0x08000cc2                PendSV_Handler
 .text.SysTick_Handler
                0x08000cc4        0x8 CMakeFiles/homework1.elf.dir/Core/Src/stm32f4xx_it.c.obj
                0x08000cc4                SysTick_Handler
 .text.CAN1_RX0_IRQHandler
                0x08000ccc       0x10 CMakeFiles/homework1.elf.dir/Core/Src/stm32f4xx_it.c.obj
                0x08000ccc                CAN1_RX0_IRQHandler
 .text.TIM1_BRK_TIM9_IRQHandler
                0x08000cdc       0x10 CMakeFiles/homework1.elf.dir/Core/Src/stm32f4xx_it.c.obj
                0x08000cdc                TIM1_BRK_TIM9_IRQHandler
 .text.TIM1_UP_TIM10_IRQHandler
                0x08000cec       0x10 CMakeFiles/homework1.elf.dir/Core/Src/stm32f4xx_it.c.obj
                0x08000cec                TIM1_UP_TIM10_IRQHandler
 .text.TIM1_TRG_COM_TIM11_IRQHandler
                0x08000cfc       0x10 CMakeFiles/homework1.elf.dir/Core/Src/stm32f4xx_it.c.obj
                0x08000cfc                TIM1_TRG_COM_TIM11_IRQHandler
 .text.TIM1_CC_IRQHandler
                0x08000d0c       0x10 CMakeFiles/homework1.elf.dir/Core/Src/stm32f4xx_it.c.obj
                0x08000d0c                TIM1_CC_IRQHandler
 .text.USART1_IRQHandler
                0x08000d1c       0x10 CMakeFiles/homework1.elf.dir/Core/Src/stm32f4xx_it.c.obj
                0x08000d1c                USART1_IRQHandler
 .text.TIM6_DAC_IRQHandler
                0x08000d2c       0x10 CMakeFiles/homework1.elf.dir/Core/Src/stm32f4xx_it.c.obj
                0x08000d2c                TIM6_DAC_IRQHandler
 .text.DMA2_Stream2_IRQHandler
                0x08000d3c       0x10 CMakeFiles/homework1.elf.dir/Core/Src/stm32f4xx_it.c.obj
                0x08000d3c                DMA2_Stream2_IRQHandler
 .text.USART6_IRQHandler
                0x08000d4c       0x10 CMakeFiles/homework1.elf.dir/Core/Src/stm32f4xx_it.c.obj
                0x08000d4c                USART6_IRQHandler
 .text.SystemInit
                0x08000d5c        0x2 CMakeFiles/homework1.elf.dir/Core/Src/system_stm32f4xx.c.obj
                0x08000d5c                SystemInit
 *fill*         0x08000d5e        0x2 
 .text.MX_TIM6_Init
                0x08000d60       0x50 CMakeFiles/homework1.elf.dir/Core/Src/tim.c.obj
                0x08000d60                MX_TIM6_Init
 .text.HAL_TIM_Base_MspInit
                0x08000db0       0xa4 CMakeFiles/homework1.elf.dir/Core/Src/tim.c.obj
                0x08000db0                HAL_TIM_Base_MspInit
 .text.HAL_TIM_MspPostInit
                0x08000e54       0x5c CMakeFiles/homework1.elf.dir/Core/Src/tim.c.obj
                0x08000e54                HAL_TIM_MspPostInit
 .text.MX_TIM1_Init
                0x08000eb0       0xec CMakeFiles/homework1.elf.dir/Core/Src/tim.c.obj
                0x08000eb0                MX_TIM1_Init
 .text.MX_USART1_UART_Init
                0x08000f9c       0x40 CMakeFiles/homework1.elf.dir/Core/Src/usart.c.obj
                0x08000f9c                MX_USART1_UART_Init
 .text.MX_USART6_UART_Init
                0x08000fdc       0x38 CMakeFiles/homework1.elf.dir/Core/Src/usart.c.obj
                0x08000fdc                MX_USART6_UART_Init
 .text.HAL_UART_MspInit
                0x08001014      0x124 CMakeFiles/homework1.elf.dir/Core/Src/usart.c.obj
                0x08001014                HAL_UART_MspInit
 .text.Reset_Handler
                0x08001138       0x50 CMakeFiles/homework1.elf.dir/Core/Startup/startup_stm32f427iihx.s.obj
                0x08001138                Reset_Handler
 .text.Default_Handler
                0x08001188        0x2 CMakeFiles/homework1.elf.dir/Core/Startup/startup_stm32f427iihx.s.obj
                0x08001188                RTC_Alarm_IRQHandler
                0x08001188                HASH_RNG_IRQHandler
                0x08001188                EXTI2_IRQHandler
                0x08001188                TIM8_CC_IRQHandler
                0x08001188                UART8_IRQHandler
                0x08001188                SPI4_IRQHandler
                0x08001188                DMA2_Stream5_IRQHandler
                0x08001188                DMA1_Stream5_IRQHandler
                0x08001188                PVD_IRQHandler
                0x08001188                SDIO_IRQHandler
                0x08001188                TAMP_STAMP_IRQHandler
                0x08001188                CAN2_RX1_IRQHandler
                0x08001188                EXTI3_IRQHandler
                0x08001188                TIM8_TRG_COM_TIM14_IRQHandler
                0x08001188                TIM8_UP_TIM13_IRQHandler
                0x08001188                I2C3_ER_IRQHandler
                0x08001188                EXTI0_IRQHandler
                0x08001188                I2C2_EV_IRQHandler
                0x08001188                DMA1_Stream2_IRQHandler
                0x08001188                FPU_IRQHandler
                0x08001188                OTG_HS_WKUP_IRQHandler
                0x08001188                CAN2_SCE_IRQHandler
                0x08001188                SPI1_IRQHandler
                0x08001188                DCMI_IRQHandler
                0x08001188                CAN2_RX0_IRQHandler
                0x08001188                DMA2_Stream3_IRQHandler
                0x08001188                USART3_IRQHandler
                0x08001188                CAN1_RX1_IRQHandler
                0x08001188                UART5_IRQHandler
                0x08001188                DMA2_Stream0_IRQHandler
                0x08001188                TIM4_IRQHandler
                0x08001188                I2C1_EV_IRQHandler
                0x08001188                DMA1_Stream6_IRQHandler
                0x08001188                DMA1_Stream1_IRQHandler
                0x08001188                UART4_IRQHandler
                0x08001188                TIM3_IRQHandler
                0x08001188                RCC_IRQHandler
                0x08001188                TIM8_BRK_TIM12_IRQHandler
                0x08001188                Default_Handler
                0x08001188                EXTI15_10_IRQHandler
                0x08001188                ADC_IRQHandler
                0x08001188                DMA1_Stream7_IRQHandler
                0x08001188                SPI5_IRQHandler
                0x08001188                TIM7_IRQHandler
                0x08001188                CAN2_TX_IRQHandler
                0x08001188                TIM5_IRQHandler
                0x08001188                DMA2_Stream7_IRQHandler
                0x08001188                I2C3_EV_IRQHandler
                0x08001188                EXTI9_5_IRQHandler
                0x08001188                RTC_WKUP_IRQHandler
                0x08001188                ETH_WKUP_IRQHandler
                0x08001188                SPI2_IRQHandler
                0x08001188                OTG_HS_EP1_IN_IRQHandler
                0x08001188                DMA1_Stream0_IRQHandler
                0x08001188                CAN1_TX_IRQHandler
                0x08001188                EXTI4_IRQHandler
                0x08001188                ETH_IRQHandler
                0x08001188                OTG_HS_EP1_OUT_IRQHandler
                0x08001188                WWDG_IRQHandler
                0x08001188                SPI6_IRQHandler
                0x08001188                TIM2_IRQHandler
                0x08001188                OTG_FS_WKUP_IRQHandler
                0x08001188                OTG_HS_IRQHandler
                0x08001188                DMA2D_IRQHandler
                0x08001188                EXTI1_IRQHandler
                0x08001188                UART7_IRQHandler
                0x08001188                USART2_IRQHandler
                0x08001188                I2C2_ER_IRQHandler
                0x08001188                DMA2_Stream1_IRQHandler
                0x08001188                CAN1_SCE_IRQHandler
                0x08001188                FLASH_IRQHandler
                0x08001188                DMA2_Stream4_IRQHandler
                0x08001188                OTG_FS_IRQHandler
                0x08001188                SPI3_IRQHandler
                0x08001188                DMA1_Stream4_IRQHandler
                0x08001188                I2C1_ER_IRQHandler
                0x08001188                FMC_IRQHandler
                0x08001188                DMA2_Stream6_IRQHandler
                0x08001188                SAI1_IRQHandler
                0x08001188                DMA1_Stream3_IRQHandler
 *fill*         0x0800118a        0x2 
 .text.HAL_InitTick
                0x0800118c       0x4c CMakeFiles/homework1.elf.dir/Drivers/STM32F4xx_HAL_Driver/Src/stm32f4xx_hal.c.obj
                0x0800118c                HAL_InitTick
 .text.HAL_Init
                0x080011d8       0x34 CMakeFiles/homework1.elf.dir/Drivers/STM32F4xx_HAL_Driver/Src/stm32f4xx_hal.c.obj
                0x080011d8                HAL_Init
 .text.HAL_IncTick
                0x0800120c       0x18 CMakeFiles/homework1.elf.dir/Drivers/STM32F4xx_HAL_Driver/Src/stm32f4xx_hal.c.obj
                0x0800120c                HAL_IncTick
 .text.HAL_GetTick
                0x08001224        0xc CMakeFiles/homework1.elf.dir/Drivers/STM32F4xx_HAL_Driver/Src/stm32f4xx_hal.c.obj
                0x08001224                HAL_GetTick
 .text.HAL_CAN_Init
                0x08001230      0x14c CMakeFiles/homework1.elf.dir/Drivers/STM32F4xx_HAL_Driver/Src/stm32f4xx_hal_can.c.obj
                0x08001230                HAL_CAN_Init
 .text.HAL_CAN_ConfigFilter
                0x0800137c      0x13c CMakeFiles/homework1.elf.dir/Drivers/STM32F4xx_HAL_Driver/Src/stm32f4xx_hal_can.c.obj
                0x0800137c                HAL_CAN_ConfigFilter
 .text.HAL_CAN_Start
                0x080014b8       0x5c CMakeFiles/homework1.elf.dir/Drivers/STM32F4xx_HAL_Driver/Src/stm32f4xx_hal_can.c.obj
                0x080014b8                HAL_CAN_Start
 .text.HAL_CAN_ActivateNotification
                0x08001514       0x24 CMakeFiles/homework1.elf.dir/Drivers/STM32F4xx_HAL_Driver/Src/stm32f4xx_hal_can.c.obj
                0x08001514                HAL_CAN_ActivateNotification
 .text.HAL_CAN_TxMailbox0CompleteCallback
                0x08001538        0x2 CMakeFiles/homework1.elf.dir/Drivers/STM32F4xx_HAL_Driver/Src/stm32f4xx_hal_can.c.obj
                0x08001538                HAL_CAN_TxMailbox0CompleteCallback
 .text.HAL_CAN_TxMailbox1CompleteCallback
                0x0800153a        0x2 CMakeFiles/homework1.elf.dir/Drivers/STM32F4xx_HAL_Driver/Src/stm32f4xx_hal_can.c.obj
                0x0800153a                HAL_CAN_TxMailbox1CompleteCallback
 .text.HAL_CAN_TxMailbox2CompleteCallback
                0x0800153c        0x2 CMakeFiles/homework1.elf.dir/Drivers/STM32F4xx_HAL_Driver/Src/stm32f4xx_hal_can.c.obj
                0x0800153c                HAL_CAN_TxMailbox2CompleteCallback
 .text.HAL_CAN_TxMailbox0AbortCallback
                0x0800153e        0x2 CMakeFiles/homework1.elf.dir/Drivers/STM32F4xx_HAL_Driver/Src/stm32f4xx_hal_can.c.obj
                0x0800153e                HAL_CAN_TxMailbox0AbortCallback
 .text.HAL_CAN_TxMailbox1AbortCallback
                0x08001540        0x2 CMakeFiles/homework1.elf.dir/Drivers/STM32F4xx_HAL_Driver/Src/stm32f4xx_hal_can.c.obj
                0x08001540                HAL_CAN_TxMailbox1AbortCallback
 .text.HAL_CAN_TxMailbox2AbortCallback
                0x08001542        0x2 CMakeFiles/homework1.elf.dir/Drivers/STM32F4xx_HAL_Driver/Src/stm32f4xx_hal_can.c.obj
                0x08001542                HAL_CAN_TxMailbox2AbortCallback
 .text.HAL_CAN_RxFifo0MsgPendingCallback
                0x08001544        0x2 CMakeFiles/homework1.elf.dir/Drivers/STM32F4xx_HAL_Driver/Src/stm32f4xx_hal_can.c.obj
                0x08001544                HAL_CAN_RxFifo0MsgPendingCallback
 .text.HAL_CAN_RxFifo0FullCallback
                0x08001546        0x2 CMakeFiles/homework1.elf.dir/Drivers/STM32F4xx_HAL_Driver/Src/stm32f4xx_hal_can.c.obj
                0x08001546                HAL_CAN_RxFifo0FullCallback
 .text.HAL_CAN_RxFifo1MsgPendingCallback
                0x08001548        0x2 CMakeFiles/homework1.elf.dir/Drivers/STM32F4xx_HAL_Driver/Src/stm32f4xx_hal_can.c.obj
                0x08001548                HAL_CAN_RxFifo1MsgPendingCallback
 .text.HAL_CAN_RxFifo1FullCallback
                0x0800154a        0x2 CMakeFiles/homework1.elf.dir/Drivers/STM32F4xx_HAL_Driver/Src/stm32f4xx_hal_can.c.obj
                0x0800154a                HAL_CAN_RxFifo1FullCallback
 .text.HAL_CAN_SleepCallback
                0x0800154c        0x2 CMakeFiles/homework1.elf.dir/Drivers/STM32F4xx_HAL_Driver/Src/stm32f4xx_hal_can.c.obj
                0x0800154c                HAL_CAN_SleepCallback
 .text.HAL_CAN_WakeUpFromRxMsgCallback
                0x0800154e        0x2 CMakeFiles/homework1.elf.dir/Drivers/STM32F4xx_HAL_Driver/Src/stm32f4xx_hal_can.c.obj
                0x0800154e                HAL_CAN_WakeUpFromRxMsgCallback
 .text.HAL_CAN_ErrorCallback
                0x08001550        0x2 CMakeFiles/homework1.elf.dir/Drivers/STM32F4xx_HAL_Driver/Src/stm32f4xx_hal_can.c.obj
                0x08001550                HAL_CAN_ErrorCallback
 .text.HAL_CAN_IRQHandler
                0x08001552      0x24a CMakeFiles/homework1.elf.dir/Drivers/STM32F4xx_HAL_Driver/Src/stm32f4xx_hal_can.c.obj
                0x08001552                HAL_CAN_IRQHandler
 .text.__NVIC_EnableIRQ
                0x0800179c       0x1c CMakeFiles/homework1.elf.dir/Drivers/STM32F4xx_HAL_Driver/Src/stm32f4xx_hal_cortex.c.obj
 .text.__NVIC_SetPriority
                0x080017b8       0x28 CMakeFiles/homework1.elf.dir/Drivers/STM32F4xx_HAL_Driver/Src/stm32f4xx_hal_cortex.c.obj
 .text.NVIC_EncodePriority
                0x080017e0       0x3e CMakeFiles/homework1.elf.dir/Drivers/STM32F4xx_HAL_Driver/Src/stm32f4xx_hal_cortex.c.obj
 *fill*         0x0800181e        0x2 
 .text.HAL_NVIC_SetPriorityGrouping
                0x08001820       0x24 CMakeFiles/homework1.elf.dir/Drivers/STM32F4xx_HAL_Driver/Src/stm32f4xx_hal_cortex.c.obj
                0x08001820                HAL_NVIC_SetPriorityGrouping
 .text.HAL_NVIC_SetPriority
                0x08001844       0x20 CMakeFiles/homework1.elf.dir/Drivers/STM32F4xx_HAL_Driver/Src/stm32f4xx_hal_cortex.c.obj
                0x08001844                HAL_NVIC_SetPriority
 .text.HAL_NVIC_EnableIRQ
                0x08001864        0x8 CMakeFiles/homework1.elf.dir/Drivers/STM32F4xx_HAL_Driver/Src/stm32f4xx_hal_cortex.c.obj
                0x08001864                HAL_NVIC_EnableIRQ
 .text.HAL_SYSTICK_Config
                0x0800186c       0x28 CMakeFiles/homework1.elf.dir/Drivers/STM32F4xx_HAL_Driver/Src/stm32f4xx_hal_cortex.c.obj
                0x0800186c                HAL_SYSTICK_Config
 .text.DMA_SetConfig
                0x08001894       0x2c CMakeFiles/homework1.elf.dir/Drivers/STM32F4xx_HAL_Driver/Src/stm32f4xx_hal_dma.c.obj
 .text.DMA_CalcBaseAndBitshift
                0x080018c0       0x40 CMakeFiles/homework1.elf.dir/Drivers/STM32F4xx_HAL_Driver/Src/stm32f4xx_hal_dma.c.obj
 .text.DMA_CheckFifoParam
                0x08001900       0x8e CMakeFiles/homework1.elf.dir/Drivers/STM32F4xx_HAL_Driver/Src/stm32f4xx_hal_dma.c.obj
 *fill*         0x0800198e        0x2 
 .text.HAL_DMA_Init
                0x08001990       0xcc CMakeFiles/homework1.elf.dir/Drivers/STM32F4xx_HAL_Driver/Src/stm32f4xx_hal_dma.c.obj
                0x08001990                HAL_DMA_Init
 .text.HAL_DMA_Start_IT
                0x08001a5c       0x6a CMakeFiles/homework1.elf.dir/Drivers/STM32F4xx_HAL_Driver/Src/stm32f4xx_hal_dma.c.obj
                0x08001a5c                HAL_DMA_Start_IT
 .text.HAL_DMA_Abort
                0x08001ac6       0x94 CMakeFiles/homework1.elf.dir/Drivers/STM32F4xx_HAL_Driver/Src/stm32f4xx_hal_dma.c.obj
                0x08001ac6                HAL_DMA_Abort
 .text.HAL_DMA_Abort_IT
                0x08001b5a       0x26 CMakeFiles/homework1.elf.dir/Drivers/STM32F4xx_HAL_Driver/Src/stm32f4xx_hal_dma.c.obj
                0x08001b5a                HAL_DMA_Abort_IT
 .text.HAL_DMA_IRQHandler
                0x08001b80      0x1dc CMakeFiles/homework1.elf.dir/Drivers/STM32F4xx_HAL_Driver/Src/stm32f4xx_hal_dma.c.obj
                0x08001b80                HAL_DMA_IRQHandler
 .text.HAL_GPIO_Init
                0x08001d5c      0x20c CMakeFiles/homework1.elf.dir/Drivers/STM32F4xx_HAL_Driver/Src/stm32f4xx_hal_gpio.c.obj
                0x08001d5c                HAL_GPIO_Init
 .text.HAL_GPIO_WritePin
                0x08001f68        0xc CMakeFiles/homework1.elf.dir/Drivers/STM32F4xx_HAL_Driver/Src/stm32f4xx_hal_gpio.c.obj
                0x08001f68                HAL_GPIO_WritePin
 .text.HAL_PWREx_EnableOverDrive
                0x08001f74       0x7c CMakeFiles/homework1.elf.dir/Drivers/STM32F4xx_HAL_Driver/Src/stm32f4xx_hal_pwr_ex.c.obj
                0x08001f74                HAL_PWREx_EnableOverDrive
 .text.HAL_RCC_OscConfig
                0x08001ff0      0x3f8 CMakeFiles/homework1.elf.dir/Drivers/STM32F4xx_HAL_Driver/Src/stm32f4xx_hal_rcc.c.obj
                0x08001ff0                HAL_RCC_OscConfig
 .text.HAL_RCC_GetSysClockFreq
                0x080023e8       0xa8 CMakeFiles/homework1.elf.dir/Drivers/STM32F4xx_HAL_Driver/Src/stm32f4xx_hal_rcc.c.obj
                0x080023e8                HAL_RCC_GetSysClockFreq
 .text.HAL_RCC_ClockConfig
                0x08002490      0x160 CMakeFiles/homework1.elf.dir/Drivers/STM32F4xx_HAL_Driver/Src/stm32f4xx_hal_rcc.c.obj
                0x08002490                HAL_RCC_ClockConfig
 .text.HAL_RCC_GetHCLKFreq
                0x080025f0        0xc CMakeFiles/homework1.elf.dir/Drivers/STM32F4xx_HAL_Driver/Src/stm32f4xx_hal_rcc.c.obj
                0x080025f0                HAL_RCC_GetHCLKFreq
 .text.HAL_RCC_GetPCLK1Freq
                0x080025fc       0x20 CMakeFiles/homework1.elf.dir/Drivers/STM32F4xx_HAL_Driver/Src/stm32f4xx_hal_rcc.c.obj
                0x080025fc                HAL_RCC_GetPCLK1Freq
 .text.HAL_RCC_GetPCLK2Freq
                0x0800261c       0x20 CMakeFiles/homework1.elf.dir/Drivers/STM32F4xx_HAL_Driver/Src/stm32f4xx_hal_rcc.c.obj
                0x0800261c                HAL_RCC_GetPCLK2Freq
 .text.TIM_OC1_SetConfig
                0x0800263c       0x70 CMakeFiles/homework1.elf.dir/Drivers/STM32F4xx_HAL_Driver/Src/stm32f4xx_hal_tim.c.obj
 .text.TIM_OC3_SetConfig
                0x080026ac       0x70 CMakeFiles/homework1.elf.dir/Drivers/STM32F4xx_HAL_Driver/Src/stm32f4xx_hal_tim.c.obj
 .text.TIM_OC4_SetConfig
                0x0800271c       0x50 CMakeFiles/homework1.elf.dir/Drivers/STM32F4xx_HAL_Driver/Src/stm32f4xx_hal_tim.c.obj
 .text.TIM_TI1_ConfigInputStage
                0x0800276c       0x24 CMakeFiles/homework1.elf.dir/Drivers/STM32F4xx_HAL_Driver/Src/stm32f4xx_hal_tim.c.obj
 .text.TIM_TI2_ConfigInputStage
                0x08002790       0x26 CMakeFiles/homework1.elf.dir/Drivers/STM32F4xx_HAL_Driver/Src/stm32f4xx_hal_tim.c.obj
 .text.TIM_ITRx_SetConfig
                0x080027b6       0x10 CMakeFiles/homework1.elf.dir/Drivers/STM32F4xx_HAL_Driver/Src/stm32f4xx_hal_tim.c.obj
 *fill*         0x080027c6        0x2 
 .text.HAL_TIM_Base_Start_IT
                0x080027c8       0x88 CMakeFiles/homework1.elf.dir/Drivers/STM32F4xx_HAL_Driver/Src/stm32f4xx_hal_tim.c.obj
                0x080027c8                HAL_TIM_Base_Start_IT
 .text.HAL_TIM_PWM_MspInit
                0x08002850        0x2 CMakeFiles/homework1.elf.dir/Drivers/STM32F4xx_HAL_Driver/Src/stm32f4xx_hal_tim.c.obj
                0x08002850                HAL_TIM_PWM_MspInit
 .text.HAL_TIM_PeriodElapsedCallback
                0x08002852        0x2 CMakeFiles/homework1.elf.dir/Drivers/STM32F4xx_HAL_Driver/Src/stm32f4xx_hal_tim.c.obj
                0x08002852                HAL_TIM_PeriodElapsedCallback
 .text.HAL_TIM_OC_DelayElapsedCallback
                0x08002854        0x2 CMakeFiles/homework1.elf.dir/Drivers/STM32F4xx_HAL_Driver/Src/stm32f4xx_hal_tim.c.obj
                0x08002854                HAL_TIM_OC_DelayElapsedCallback
 .text.HAL_TIM_IC_CaptureCallback
                0x08002856        0x2 CMakeFiles/homework1.elf.dir/Drivers/STM32F4xx_HAL_Driver/Src/stm32f4xx_hal_tim.c.obj
                0x08002856                HAL_TIM_IC_CaptureCallback
 .text.HAL_TIM_PWM_PulseFinishedCallback
                0x08002858        0x2 CMakeFiles/homework1.elf.dir/Drivers/STM32F4xx_HAL_Driver/Src/stm32f4xx_hal_tim.c.obj
                0x08002858                HAL_TIM_PWM_PulseFinishedCallback
 .text.HAL_TIM_TriggerCallback
                0x0800285a        0x2 CMakeFiles/homework1.elf.dir/Drivers/STM32F4xx_HAL_Driver/Src/stm32f4xx_hal_tim.c.obj
                0x0800285a                HAL_TIM_TriggerCallback
 .text.HAL_TIM_IRQHandler
                0x0800285c      0x15e CMakeFiles/homework1.elf.dir/Drivers/STM32F4xx_HAL_Driver/Src/stm32f4xx_hal_tim.c.obj
                0x0800285c                HAL_TIM_IRQHandler
 *fill*         0x080029ba        0x2 
 .text.TIM_Base_SetConfig
                0x080029bc       0xd8 CMakeFiles/homework1.elf.dir/Drivers/STM32F4xx_HAL_Driver/Src/stm32f4xx_hal_tim.c.obj
                0x080029bc                TIM_Base_SetConfig
 .text.HAL_TIM_Base_Init
                0x08002a94       0x58 CMakeFiles/homework1.elf.dir/Drivers/STM32F4xx_HAL_Driver/Src/stm32f4xx_hal_tim.c.obj
                0x08002a94                HAL_TIM_Base_Init
 .text.HAL_TIM_PWM_Init
                0x08002aec       0x58 CMakeFiles/homework1.elf.dir/Drivers/STM32F4xx_HAL_Driver/Src/stm32f4xx_hal_tim.c.obj
                0x08002aec                HAL_TIM_PWM_Init
 .text.TIM_OC2_SetConfig
                0x08002b44       0x70 CMakeFiles/homework1.elf.dir/Drivers/STM32F4xx_HAL_Driver/Src/stm32f4xx_hal_tim.c.obj
                0x08002b44                TIM_OC2_SetConfig
 .text.HAL_TIM_PWM_ConfigChannel
                0x08002bb4       0xdc CMakeFiles/homework1.elf.dir/Drivers/STM32F4xx_HAL_Driver/Src/stm32f4xx_hal_tim.c.obj
                0x08002bb4                HAL_TIM_PWM_ConfigChannel
 .text.TIM_ETR_SetConfig
                0x08002c90       0x18 CMakeFiles/homework1.elf.dir/Drivers/STM32F4xx_HAL_Driver/Src/stm32f4xx_hal_tim.c.obj
                0x08002c90                TIM_ETR_SetConfig
 .text.HAL_TIM_ConfigClockSource
                0x08002ca8       0xfe CMakeFiles/homework1.elf.dir/Drivers/STM32F4xx_HAL_Driver/Src/stm32f4xx_hal_tim.c.obj
                0x08002ca8                HAL_TIM_ConfigClockSource
 .text.TIM_CCxChannelCmd
                0x08002da6       0x1e CMakeFiles/homework1.elf.dir/Drivers/STM32F4xx_HAL_Driver/Src/stm32f4xx_hal_tim.c.obj
                0x08002da6                TIM_CCxChannelCmd
 .text.HAL_TIM_PWM_Start_IT
                0x08002dc4      0x174 CMakeFiles/homework1.elf.dir/Drivers/STM32F4xx_HAL_Driver/Src/stm32f4xx_hal_tim.c.obj
                0x08002dc4                HAL_TIM_PWM_Start_IT
 .text.HAL_TIMEx_MasterConfigSynchronization
                0x08002f38       0x8c CMakeFiles/homework1.elf.dir/Drivers/STM32F4xx_HAL_Driver/Src/stm32f4xx_hal_tim_ex.c.obj
                0x08002f38                HAL_TIMEx_MasterConfigSynchronization
 .text.HAL_TIMEx_ConfigBreakDeadTime
                0x08002fc4       0x52 CMakeFiles/homework1.elf.dir/Drivers/STM32F4xx_HAL_Driver/Src/stm32f4xx_hal_tim_ex.c.obj
                0x08002fc4                HAL_TIMEx_ConfigBreakDeadTime
 .text.HAL_TIMEx_CommutCallback
                0x08003016        0x2 CMakeFiles/homework1.elf.dir/Drivers/STM32F4xx_HAL_Driver/Src/stm32f4xx_hal_tim_ex.c.obj
                0x08003016                HAL_TIMEx_CommutCallback
 .text.HAL_TIMEx_BreakCallback
                0x08003018        0x2 CMakeFiles/homework1.elf.dir/Drivers/STM32F4xx_HAL_Driver/Src/stm32f4xx_hal_tim_ex.c.obj
                0x08003018                HAL_TIMEx_BreakCallback
 .text.UART_EndTxTransfer
                0x0800301a       0x20 CMakeFiles/homework1.elf.dir/Drivers/STM32F4xx_HAL_Driver/Src/stm32f4xx_hal_uart.c.obj
 .text.UART_EndRxTransfer
                0x0800303a       0x5c CMakeFiles/homework1.elf.dir/Drivers/STM32F4xx_HAL_Driver/Src/stm32f4xx_hal_uart.c.obj
 .text.UART_Transmit_IT
                0x08003096       0x60 CMakeFiles/homework1.elf.dir/Drivers/STM32F4xx_HAL_Driver/Src/stm32f4xx_hal_uart.c.obj
 *fill*         0x080030f6        0x2 
 .text.UART_SetConfig
                0x080030f8      0x110 CMakeFiles/homework1.elf.dir/Drivers/STM32F4xx_HAL_Driver/Src/stm32f4xx_hal_uart.c.obj
 .text.HAL_UART_Init
                0x08003208       0x60 CMakeFiles/homework1.elf.dir/Drivers/STM32F4xx_HAL_Driver/Src/stm32f4xx_hal_uart.c.obj
                0x08003208                HAL_UART_Init
 .text.HAL_UART_Transmit_IT
                0x08003268       0x38 CMakeFiles/homework1.elf.dir/Drivers/STM32F4xx_HAL_Driver/Src/stm32f4xx_hal_uart.c.obj
                0x08003268                HAL_UART_Transmit_IT
 .text.HAL_UART_TxCpltCallback
                0x080032a0        0x2 CMakeFiles/homework1.elf.dir/Drivers/STM32F4xx_HAL_Driver/Src/stm32f4xx_hal_uart.c.obj
                0x080032a0                HAL_UART_TxCpltCallback
 .text.UART_EndTransmit_IT
                0x080032a2       0x1a CMakeFiles/homework1.elf.dir/Drivers/STM32F4xx_HAL_Driver/Src/stm32f4xx_hal_uart.c.obj
 .text.HAL_UART_RxHalfCpltCallback
                0x080032bc        0x2 CMakeFiles/homework1.elf.dir/Drivers/STM32F4xx_HAL_Driver/Src/stm32f4xx_hal_uart.c.obj
                0x080032bc                HAL_UART_RxHalfCpltCallback
 .text.HAL_UART_ErrorCallback
                0x080032be        0x2 CMakeFiles/homework1.elf.dir/Drivers/STM32F4xx_HAL_Driver/Src/stm32f4xx_hal_uart.c.obj
                0x080032be                HAL_UART_ErrorCallback
 .text.UART_DMAError
                0x080032c0       0x58 CMakeFiles/homework1.elf.dir/Drivers/STM32F4xx_HAL_Driver/Src/stm32f4xx_hal_uart.c.obj
 .text.UART_DMAAbortOnError
                0x08003318       0x10 CMakeFiles/homework1.elf.dir/Drivers/STM32F4xx_HAL_Driver/Src/stm32f4xx_hal_uart.c.obj
 .text.HAL_UARTEx_RxEventCallback
                0x08003328        0x2 CMakeFiles/homework1.elf.dir/Drivers/STM32F4xx_HAL_Driver/Src/stm32f4xx_hal_uart.c.obj
                0x08003328                HAL_UARTEx_RxEventCallback
 .text.UART_Receive_IT
                0x0800332a       0xe6 CMakeFiles/homework1.elf.dir/Drivers/STM32F4xx_HAL_Driver/Src/stm32f4xx_hal_uart.c.obj
 .text.HAL_UART_IRQHandler
                0x08003410      0x284 CMakeFiles/homework1.elf.dir/Drivers/STM32F4xx_HAL_Driver/Src/stm32f4xx_hal_uart.c.obj
                0x08003410                HAL_UART_IRQHandler
 .text.UART_DMARxHalfCplt
                0x08003694       0x1e CMakeFiles/homework1.elf.dir/Drivers/STM32F4xx_HAL_Driver/Src/stm32f4xx_hal_uart.c.obj
 .text.UART_DMAReceiveCplt
                0x080036b2       0x9a CMakeFiles/homework1.elf.dir/Drivers/STM32F4xx_HAL_Driver/Src/stm32f4xx_hal_uart.c.obj
 .text.UART_Start_Receive_IT
                0x0800374c       0x36 CMakeFiles/homework1.elf.dir/Drivers/STM32F4xx_HAL_Driver/Src/stm32f4xx_hal_uart.c.obj
                0x0800374c                UART_Start_Receive_IT
 .text.HAL_UART_Receive_IT
                0x08003782       0x26 CMakeFiles/homework1.elf.dir/Drivers/STM32F4xx_HAL_Driver/Src/stm32f4xx_hal_uart.c.obj
                0x08003782                HAL_UART_Receive_IT
 .text.UART_Start_Receive_DMA
                0x080037a8       0xa4 CMakeFiles/homework1.elf.dir/Drivers/STM32F4xx_HAL_Driver/Src/stm32f4xx_hal_uart.c.obj
                0x080037a8                UART_Start_Receive_DMA
 .text.HAL_UART_Receive_DMA
                0x0800384c       0x26 CMakeFiles/homework1.elf.dir/Drivers/STM32F4xx_HAL_Driver/Src/stm32f4xx_hal_uart.c.obj
                0x0800384c                HAL_UART_Receive_DMA
 .text.memset   0x08003872       0x10 C:/RMdiankong/STM32CubeCLT/STM32CubeCLT_1.16.0/GNU-tools-for-STM32/bin/../lib/gcc/arm-none-eabi/12.3.1/../../../../arm-none-eabi/lib/thumb/v7e-m/nofp\libg.a(libc_a-memset.o)
                0x08003872                memset
 *fill*         0x08003882        0x2 
 .text.__libc_init_array
                0x08003884       0x48 C:/RMdiankong/STM32CubeCLT/STM32CubeCLT_1.16.0/GNU-tools-for-STM32/bin/../lib/gcc/arm-none-eabi/12.3.1/../../../../arm-none-eabi/lib/thumb/v7e-m/nofp\libg.a(libc_a-init.o)
                0x08003884                __libc_init_array
 .text.__retarget_lock_acquire_recursive
                0x080038cc        0x2 C:/RMdiankong/STM32CubeCLT/STM32CubeCLT_1.16.0/GNU-tools-for-STM32/bin/../lib/gcc/arm-none-eabi/12.3.1/../../../../arm-none-eabi/lib/thumb/v7e-m/nofp\libg.a(libc_a-lock.o)
                0x080038cc                __retarget_lock_acquire_recursive
 .text.__retarget_lock_release_recursive
                0x080038ce        0x2 C:/RMdiankong/STM32CubeCLT/STM32CubeCLT_1.16.0/GNU-tools-for-STM32/bin/../lib/gcc/arm-none-eabi/12.3.1/../../../../arm-none-eabi/lib/thumb/v7e-m/nofp\libg.a(libc_a-lock.o)
                0x080038ce                __retarget_lock_release_recursive
 .text.startup.register_fini
                0x080038d0       0x14 C:/RMdiankong/STM32CubeCLT/STM32CubeCLT_1.16.0/GNU-tools-for-STM32/bin/../lib/gcc/arm-none-eabi/12.3.1/../../../../arm-none-eabi/lib/thumb/v7e-m/nofp\libg.a(libc_a-__call_atexit.o)
 .text.atexit   0x080038e4        0xc C:/RMdiankong/STM32CubeCLT/STM32CubeCLT_1.16.0/GNU-tools-for-STM32/bin/../lib/gcc/arm-none-eabi/12.3.1/../../../../arm-none-eabi/lib/thumb/v7e-m/nofp\libg.a(libc_a-atexit.o)
                0x080038e4                atexit
 .text.__libc_fini_array
                0x080038f0       0x28 C:/RMdiankong/STM32CubeCLT/STM32CubeCLT_1.16.0/GNU-tools-for-STM32/bin/../lib/gcc/arm-none-eabi/12.3.1/../../../../arm-none-eabi/lib/thumb/v7e-m/nofp\libg.a(libc_a-fini.o)
                0x080038f0                __libc_fini_array
 .text.__register_exitproc
                0x08003918       0x80 C:/RMdiankong/STM32CubeCLT/STM32CubeCLT_1.16.0/GNU-tools-for-STM32/bin/../lib/gcc/arm-none-eabi/12.3.1/../../../../arm-none-eabi/lib/thumb/v7e-m/nofp\libg.a(libc_a-__atexit.o)
                0x08003918                __register_exitproc
 *(.glue_7)
 .glue_7        0x08003998        0x0 linker stubs
 *(.glue_7t)
 .glue_7t       0x08003998        0x0 linker stubs
 *(.eh_frame)
 .eh_frame      0x08003998        0x0 C:/RMdiankong/STM32CubeCLT/STM32CubeCLT_1.16.0/GNU-tools-for-STM32/bin/../lib/gcc/arm-none-eabi/12.3.1/thumb/v7e-m/nofp/crtbegin.o
 *(.init)
 .init          0x08003998        0x4 C:/RMdiankong/STM32CubeCLT/STM32CubeCLT_1.16.0/GNU-tools-for-STM32/bin/../lib/gcc/arm-none-eabi/12.3.1/thumb/v7e-m/nofp/crti.o
                0x08003998                _init
 .init          0x0800399c        0x8 C:/RMdiankong/STM32CubeCLT/STM32CubeCLT_1.16.0/GNU-tools-for-STM32/bin/../lib/gcc/arm-none-eabi/12.3.1/thumb/v7e-m/nofp/crtn.o
 *(.fini)
 .fini          0x080039a4        0x4 C:/RMdiankong/STM32CubeCLT/STM32CubeCLT_1.16.0/GNU-tools-for-STM32/bin/../lib/gcc/arm-none-eabi/12.3.1/thumb/v7e-m/nofp/crti.o
                0x080039a4                _fini
 .fini          0x080039a8        0x8 C:/RMdiankong/STM32CubeCLT/STM32CubeCLT_1.16.0/GNU-tools-for-STM32/bin/../lib/gcc/arm-none-eabi/12.3.1/thumb/v7e-m/nofp/crtn.o
                0x080039b0                        . = ALIGN (0x4)
                0x080039b0                        _etext = .

.vfp11_veneer   0x080039b0        0x0
 .vfp11_veneer  0x080039b0        0x0 linker stubs

.v4_bx          0x080039b0        0x0
 .v4_bx         0x080039b0        0x0 linker stubs

.iplt           0x080039b0        0x0
 .iplt          0x080039b0        0x0 C:/RMdiankong/STM32CubeCLT/STM32CubeCLT_1.16.0/GNU-tools-for-STM32/bin/../lib/gcc/arm-none-eabi/12.3.1/thumb/v7e-m/nofp/crtbegin.o

.rodata         0x080039b0       0x58
                0x080039b0                        . = ALIGN (0x4)
 *(.rodata)
 .rodata        0x080039b0       0x28 CMakeFiles/homework1.elf.dir/Core/Src/main.c.obj
 *(.rodata*)
 .rodata.main.str1.4
                0x080039d8        0xd CMakeFiles/homework1.elf.dir/Core/Src/main.c.obj
 *fill*         0x080039e5        0x3 
 .rodata.APBPrescTable
                0x080039e8        0x8 CMakeFiles/homework1.elf.dir/Core/Src/system_stm32f4xx.c.obj
                0x080039e8                APBPrescTable
 .rodata.AHBPrescTable
                0x080039f0       0x10 CMakeFiles/homework1.elf.dir/Core/Src/system_stm32f4xx.c.obj
                0x080039f0                AHBPrescTable
 .rodata.flagBitshiftOffset.0
                0x08003a00        0x8 CMakeFiles/homework1.elf.dir/Drivers/STM32F4xx_HAL_Driver/Src/stm32f4xx_hal_dma.c.obj
                0x08003a08                        . = ALIGN (0x4)

.ARM.extab      0x08003a08        0x0
                0x08003a08                        . = ALIGN (0x4)
 *(.ARM.extab* .gnu.linkonce.armextab.*)
                0x08003a08                        . = ALIGN (0x4)

.ARM            0x08003a08        0x8
                0x08003a08                        . = ALIGN (0x4)
                0x08003a08                        __exidx_start = .
 *(.ARM.exidx*)
 .ARM.exidx     0x08003a08        0x8 C:/RMdiankong/STM32CubeCLT/STM32CubeCLT_1.16.0/GNU-tools-for-STM32/bin/../lib/gcc/arm-none-eabi/12.3.1/thumb/v7e-m/nofp\libgcc.a(_udivmoddi4.o)
                0x08003a10                        __exidx_end = .
                0x08003a10                        . = ALIGN (0x4)

.preinit_array  0x08003a10        0x0
                0x08003a10                        . = ALIGN (0x4)
                0x08003a10                        PROVIDE (__preinit_array_start = .)
 *(.preinit_array*)
                0x08003a10                        PROVIDE (__preinit_array_end = .)
                0x08003a10                        . = ALIGN (0x4)

.init_array     0x08003a10        0x8
                0x08003a10                        . = ALIGN (0x4)
                0x08003a10                        PROVIDE (__init_array_start = .)
 *(SORT_BY_NAME(.init_array.*))
 .init_array.00000
                0x08003a10        0x4 C:/RMdiankong/STM32CubeCLT/STM32CubeCLT_1.16.0/GNU-tools-for-STM32/bin/../lib/gcc/arm-none-eabi/12.3.1/../../../../arm-none-eabi/lib/thumb/v7e-m/nofp\libg.a(libc_a-__call_atexit.o)
 *(.init_array*)
 .init_array    0x08003a14        0x4 C:/RMdiankong/STM32CubeCLT/STM32CubeCLT_1.16.0/GNU-tools-for-STM32/bin/../lib/gcc/arm-none-eabi/12.3.1/thumb/v7e-m/nofp/crtbegin.o
                0x08003a18                        PROVIDE (__init_array_end = .)
                0x08003a18                        . = ALIGN (0x4)

.fini_array     0x08003a18        0x4
                0x08003a18                        . = ALIGN (0x4)
                0x08003a18                        PROVIDE (__fini_array_start = .)
 *(SORT_BY_NAME(.fini_array.*))
 *(.fini_array*)
 .fini_array    0x08003a18        0x4 C:/RMdiankong/STM32CubeCLT/STM32CubeCLT_1.16.0/GNU-tools-for-STM32/bin/../lib/gcc/arm-none-eabi/12.3.1/thumb/v7e-m/nofp/crtbegin.o
                0x08003a1c                        PROVIDE (__fini_array_end = .)
                0x08003a1c                        . = ALIGN (0x4)
                0x08003a1c                        _sidata = LOADADDR (.data)

.rel.dyn        0x08003a1c        0x0
 .rel.iplt      0x08003a1c        0x0 C:/RMdiankong/STM32CubeCLT/STM32CubeCLT_1.16.0/GNU-tools-for-STM32/bin/../lib/gcc/arm-none-eabi/12.3.1/thumb/v7e-m/nofp/crtbegin.o

.data           0x20000000       0x10 load address 0x08003a1c
                0x20000000                        . = ALIGN (0x4)
                0x20000000                        _sdata = .
 *(.data)
 *(.data*)
 .data.SystemCoreClock
                0x20000000        0x4 CMakeFiles/homework1.elf.dir/Core/Src/system_stm32f4xx.c.obj
                0x20000000                SystemCoreClock
 .data.uwTickFreq
                0x20000004        0x1 CMakeFiles/homework1.elf.dir/Drivers/STM32F4xx_HAL_Driver/Src/stm32f4xx_hal.c.obj
                0x20000004                uwTickFreq
 *fill*         0x20000005        0x3 
 .data.uwTickPrio
                0x20000008        0x4 CMakeFiles/homework1.elf.dir/Drivers/STM32F4xx_HAL_Driver/Src/stm32f4xx_hal.c.obj
                0x20000008                uwTickPrio
 .data.__atexit_recursive_mutex
                0x2000000c        0x4 C:/RMdiankong/STM32CubeCLT/STM32CubeCLT_1.16.0/GNU-tools-for-STM32/bin/../lib/gcc/arm-none-eabi/12.3.1/../../../../arm-none-eabi/lib/thumb/v7e-m/nofp\libg.a(libc_a-__call_atexit.o)
                0x2000000c                __atexit_recursive_mutex
 *(.RamFunc)
 *(.RamFunc*)
                0x20000010                        . = ALIGN (0x4)
                0x20000010                        _edata = .
                0x08003a2c                        _siccmram = LOADADDR (.ccmram)

.igot.plt       0x20000010        0x0 load address 0x08003a2c
 .igot.plt      0x20000010        0x0 C:/RMdiankong/STM32CubeCLT/STM32CubeCLT_1.16.0/GNU-tools-for-STM32/bin/../lib/gcc/arm-none-eabi/12.3.1/thumb/v7e-m/nofp/crtbegin.o

.ccmram         0x10000000        0x0 load address 0x08003a2c
                0x10000000                        . = ALIGN (0x4)
                0x10000000                        _sccmram = .
 *(.ccmram)
 *(.ccmram*)
                0x10000000                        . = ALIGN (0x4)
                0x10000000                        _eccmram = .
                0x10000000                        . = ALIGN (0x4)

.bss            0x20000010      0x3b4
                0x20000010                        _sbss = .
                0x20000010                        __bss_start__ = _sbss
 *(.bss)
 .bss           0x20000010       0x1c C:/RMdiankong/STM32CubeCLT/STM32CubeCLT_1.16.0/GNU-tools-for-STM32/bin/../lib/gcc/arm-none-eabi/12.3.1/thumb/v7e-m/nofp/crtbegin.o
 *(.bss*)
 .bss.temp      0x2000002c       0x10 CMakeFiles/homework1.elf.dir/Core/Src/callback.c.obj
                0x2000002c                temp
 .bss.k         0x2000003c        0x4 CMakeFiles/homework1.elf.dir/Core/Src/callback.c.obj
                0x2000003c                k
 .bss.ans       0x20000040        0x4 CMakeFiles/homework1.elf.dir/Core/Src/callback.c.obj
                0x20000040                ans
 .bss.dbus_rx_data
                0x20000044       0x3c CMakeFiles/homework1.elf.dir/Core/Src/callback.c.obj
                0x20000044                dbus_rx_data
 .bss.hcan1     0x20000080       0x28 CMakeFiles/homework1.elf.dir/Core/Src/can.c.obj
                0x20000080                hcan1
 .bss.htim6     0x200000a8       0x48 CMakeFiles/homework1.elf.dir/Core/Src/tim.c.obj
                0x200000a8                htim6
 .bss.htim1     0x200000f0       0x48 CMakeFiles/homework1.elf.dir/Core/Src/tim.c.obj
                0x200000f0                htim1
 .bss.hdma_usart1_rx
                0x20000138       0x60 CMakeFiles/homework1.elf.dir/Core/Src/usart.c.obj
                0x20000138                hdma_usart1_rx
 .bss.huart6    0x20000198       0x48 CMakeFiles/homework1.elf.dir/Core/Src/usart.c.obj
                0x20000198                huart6
 .bss.huart1    0x200001e0       0x48 CMakeFiles/homework1.elf.dir/Core/Src/usart.c.obj
                0x200001e0                huart1
 .bss.uwTick    0x20000228        0x4 CMakeFiles/homework1.elf.dir/Drivers/STM32F4xx_HAL_Driver/Src/stm32f4xx_hal.c.obj
                0x20000228                uwTick
 .bss.__lock___atexit_recursive_mutex
                0x2000022c        0x1 C:/RMdiankong/STM32CubeCLT/STM32CubeCLT_1.16.0/GNU-tools-for-STM32/bin/../lib/gcc/arm-none-eabi/12.3.1/../../../../arm-none-eabi/lib/thumb/v7e-m/nofp\libg.a(libc_a-lock.o)
                0x2000022c                __lock___atexit_recursive_mutex
 *fill*         0x2000022d        0x3 
 .bss.__atexit  0x20000230        0x4 C:/RMdiankong/STM32CubeCLT/STM32CubeCLT_1.16.0/GNU-tools-for-STM32/bin/../lib/gcc/arm-none-eabi/12.3.1/../../../../arm-none-eabi/lib/thumb/v7e-m/nofp\libg.a(libc_a-__call_atexit.o)
                0x20000230                __atexit
 .bss.__atexit0
                0x20000234      0x190 C:/RMdiankong/STM32CubeCLT/STM32CubeCLT_1.16.0/GNU-tools-for-STM32/bin/../lib/gcc/arm-none-eabi/12.3.1/../../../../arm-none-eabi/lib/thumb/v7e-m/nofp\libg.a(libc_a-__atexit.o)
                0x20000234                __atexit0
 *(COMMON)
                0x200003c4                        . = ALIGN (0x4)
                0x200003c4                        _ebss = .
                0x200003c4                        __bss_end__ = _ebss

._user_heap_stack
                0x200003c4      0x604
                0x200003c8                        . = ALIGN (0x8)
 *fill*         0x200003c4        0x4 
                [!provide]                        PROVIDE (end = .)
                0x200003c8                        PROVIDE (_end = .)
                0x200005c8                        . = (. + _Min_Heap_Size)
 *fill*         0x200003c8      0x200 
                0x200009c8                        . = (. + _Min_Stack_Size)
 *fill*         0x200005c8      0x400 
                0x200009c8                        . = ALIGN (0x8)

/DISCARD/
 libc.a(*)
 libm.a(*)
 libgcc.a(*)

.ARM.attributes
                0x00000000       0x2a
 *(.ARM.attributes)
 .ARM.attributes
                0x00000000       0x1e C:/RMdiankong/STM32CubeCLT/STM32CubeCLT_1.16.0/GNU-tools-for-STM32/bin/../lib/gcc/arm-none-eabi/12.3.1/thumb/v7e-m/nofp/crti.o
 .ARM.attributes
                0x0000001e       0x2e C:/RMdiankong/STM32CubeCLT/STM32CubeCLT_1.16.0/GNU-tools-for-STM32/bin/../lib/gcc/arm-none-eabi/12.3.1/thumb/v7e-m/nofp/crtbegin.o
 .ARM.attributes
                0x0000004c       0x2e CMakeFiles/homework1.elf.dir/Core/Src/callback.c.obj
 .ARM.attributes
                0x0000007a       0x2e CMakeFiles/homework1.elf.dir/Core/Src/can.c.obj
 .ARM.attributes
                0x000000a8       0x2e CMakeFiles/homework1.elf.dir/Core/Src/dma.c.obj
 .ARM.attributes
                0x000000d6       0x2e CMakeFiles/homework1.elf.dir/Core/Src/gpio.c.obj
 .ARM.attributes
                0x00000104       0x2e CMakeFiles/homework1.elf.dir/Core/Src/main.c.obj
 .ARM.attributes
                0x00000132       0x2e CMakeFiles/homework1.elf.dir/Core/Src/stm32f4xx_hal_msp.c.obj
 .ARM.attributes
                0x00000160       0x2e CMakeFiles/homework1.elf.dir/Core/Src/stm32f4xx_it.c.obj
 .ARM.attributes
                0x0000018e       0x2e CMakeFiles/homework1.elf.dir/Core/Src/system_stm32f4xx.c.obj
 .ARM.attributes
                0x000001bc       0x2e CMakeFiles/homework1.elf.dir/Core/Src/tim.c.obj
 .ARM.attributes
                0x000001ea       0x2e CMakeFiles/homework1.elf.dir/Core/Src/usart.c.obj
 .ARM.attributes
                0x00000218       0x21 CMakeFiles/homework1.elf.dir/Core/Startup/startup_stm32f427iihx.s.obj
 .ARM.attributes
                0x00000239       0x2e CMakeFiles/homework1.elf.dir/Drivers/STM32F4xx_HAL_Driver/Src/stm32f4xx_hal.c.obj
 .ARM.attributes
                0x00000267       0x2e CMakeFiles/homework1.elf.dir/Drivers/STM32F4xx_HAL_Driver/Src/stm32f4xx_hal_can.c.obj
 .ARM.attributes
                0x00000295       0x2e CMakeFiles/homework1.elf.dir/Drivers/STM32F4xx_HAL_Driver/Src/stm32f4xx_hal_cortex.c.obj
 .ARM.attributes
                0x000002c3       0x2e CMakeFiles/homework1.elf.dir/Drivers/STM32F4xx_HAL_Driver/Src/stm32f4xx_hal_dma.c.obj
 .ARM.attributes
                0x000002f1       0x2e CMakeFiles/homework1.elf.dir/Drivers/STM32F4xx_HAL_Driver/Src/stm32f4xx_hal_gpio.c.obj
 .ARM.attributes
                0x0000031f       0x2e CMakeFiles/homework1.elf.dir/Drivers/STM32F4xx_HAL_Driver/Src/stm32f4xx_hal_pwr_ex.c.obj
 .ARM.attributes
                0x0000034d       0x2e CMakeFiles/homework1.elf.dir/Drivers/STM32F4xx_HAL_Driver/Src/stm32f4xx_hal_rcc.c.obj
 .ARM.attributes
                0x0000037b       0x2e CMakeFiles/homework1.elf.dir/Drivers/STM32F4xx_HAL_Driver/Src/stm32f4xx_hal_tim.c.obj
 .ARM.attributes
                0x000003a9       0x2e CMakeFiles/homework1.elf.dir/Drivers/STM32F4xx_HAL_Driver/Src/stm32f4xx_hal_tim_ex.c.obj
 .ARM.attributes
                0x000003d7       0x2e CMakeFiles/homework1.elf.dir/Drivers/STM32F4xx_HAL_Driver/Src/stm32f4xx_hal_uart.c.obj
 .ARM.attributes
                0x00000405       0x1e C:/RMdiankong/STM32CubeCLT/STM32CubeCLT_1.16.0/GNU-tools-for-STM32/bin/../lib/gcc/arm-none-eabi/12.3.1/thumb/v7e-m/nofp\libgcc.a(_arm_mulsf3.o)
 .ARM.attributes
                0x00000423       0x1e C:/RMdiankong/STM32CubeCLT/STM32CubeCLT_1.16.0/GNU-tools-for-STM32/bin/../lib/gcc/arm-none-eabi/12.3.1/thumb/v7e-m/nofp\libgcc.a(_arm_addsubsf3.o)
 .ARM.attributes
                0x00000441       0x1e C:/RMdiankong/STM32CubeCLT/STM32CubeCLT_1.16.0/GNU-tools-for-STM32/bin/../lib/gcc/arm-none-eabi/12.3.1/thumb/v7e-m/nofp\libgcc.a(_aeabi_uldivmod.o)
 .ARM.attributes
                0x0000045f       0x2e C:/RMdiankong/STM32CubeCLT/STM32CubeCLT_1.16.0/GNU-tools-for-STM32/bin/../lib/gcc/arm-none-eabi/12.3.1/thumb/v7e-m/nofp\libgcc.a(_udivmoddi4.o)
 .ARM.attributes
                0x0000048d       0x1e C:/RMdiankong/STM32CubeCLT/STM32CubeCLT_1.16.0/GNU-tools-for-STM32/bin/../lib/gcc/arm-none-eabi/12.3.1/thumb/v7e-m/nofp\libgcc.a(_dvmd_tls.o)
 .ARM.attributes
                0x000004ab       0x2e C:/RMdiankong/STM32CubeCLT/STM32CubeCLT_1.16.0/GNU-tools-for-STM32/bin/../lib/gcc/arm-none-eabi/12.3.1/../../../../arm-none-eabi/lib/thumb/v7e-m/nofp\libg.a(libc_a-memset.o)
 .ARM.attributes
                0x000004d9       0x2e C:/RMdiankong/STM32CubeCLT/STM32CubeCLT_1.16.0/GNU-tools-for-STM32/bin/../lib/gcc/arm-none-eabi/12.3.1/../../../../arm-none-eabi/lib/thumb/v7e-m/nofp\libg.a(libc_a-init.o)
 .ARM.attributes
                0x00000507       0x2e C:/RMdiankong/STM32CubeCLT/STM32CubeCLT_1.16.0/GNU-tools-for-STM32/bin/../lib/gcc/arm-none-eabi/12.3.1/../../../../arm-none-eabi/lib/thumb/v7e-m/nofp\libg.a(libc_a-lock.o)
 .ARM.attributes
                0x00000535       0x2e C:/RMdiankong/STM32CubeCLT/STM32CubeCLT_1.16.0/GNU-tools-for-STM32/bin/../lib/gcc/arm-none-eabi/12.3.1/../../../../arm-none-eabi/lib/thumb/v7e-m/nofp\libg.a(libc_a-__call_atexit.o)
 .ARM.attributes
                0x00000563       0x2e C:/RMdiankong/STM32CubeCLT/STM32CubeCLT_1.16.0/GNU-tools-for-STM32/bin/../lib/gcc/arm-none-eabi/12.3.1/../../../../arm-none-eabi/lib/thumb/v7e-m/nofp\libg.a(libc_a-atexit.o)
 .ARM.attributes
                0x00000591       0x2e C:/RMdiankong/STM32CubeCLT/STM32CubeCLT_1.16.0/GNU-tools-for-STM32/bin/../lib/gcc/arm-none-eabi/12.3.1/../../../../arm-none-eabi/lib/thumb/v7e-m/nofp\libg.a(libc_a-fini.o)
 .ARM.attributes
                0x000005bf       0x2e C:/RMdiankong/STM32CubeCLT/STM32CubeCLT_1.16.0/GNU-tools-for-STM32/bin/../lib/gcc/arm-none-eabi/12.3.1/../../../../arm-none-eabi/lib/thumb/v7e-m/nofp\libg.a(libc_a-__atexit.o)
 .ARM.attributes
                0x000005ed       0x1e C:/RMdiankong/STM32CubeCLT/STM32CubeCLT_1.16.0/GNU-tools-for-STM32/bin/../lib/gcc/arm-none-eabi/12.3.1/thumb/v7e-m/nofp/crtn.o
OUTPUT(homework1.elf elf32-littlearm)
LOAD linker stubs
LOAD C:/RMdiankong/STM32CubeCLT/STM32CubeCLT_1.16.0/GNU-tools-for-STM32/bin/../lib/gcc/arm-none-eabi/12.3.1/../../../../arm-none-eabi/lib/thumb/v7e-m/nofp\libc.a
LOAD C:/RMdiankong/STM32CubeCLT/STM32CubeCLT_1.16.0/GNU-tools-for-STM32/bin/../lib/gcc/arm-none-eabi/12.3.1/../../../../arm-none-eabi/lib/thumb/v7e-m/nofp\libm.a
LOAD C:/RMdiankong/STM32CubeCLT/STM32CubeCLT_1.16.0/GNU-tools-for-STM32/bin/../lib/gcc/arm-none-eabi/12.3.1/thumb/v7e-m/nofp\libgcc.a

.debug_info     0x00000000    0x158c7
 .debug_info    0x00000000      0x84f CMakeFiles/homework1.elf.dir/Core/Src/callback.c.obj
 .debug_info    0x0000084f      0xba0 CMakeFiles/homework1.elf.dir/Core/Src/can.c.obj
 .debug_info    0x000013ef      0x524 CMakeFiles/homework1.elf.dir/Core/Src/dma.c.obj
 .debug_info    0x00001913      0x4ac CMakeFiles/homework1.elf.dir/Core/Src/gpio.c.obj
 .debug_info    0x00001dbf     0x142d CMakeFiles/homework1.elf.dir/Core/Src/main.c.obj
 .debug_info    0x000031ec      0x27d CMakeFiles/homework1.elf.dir/Core/Src/stm32f4xx_hal_msp.c.obj
 .debug_info    0x00003469      0xe9e CMakeFiles/homework1.elf.dir/Core/Src/stm32f4xx_it.c.obj
 .debug_info    0x00004307      0x34c CMakeFiles/homework1.elf.dir/Core/Src/system_stm32f4xx.c.obj
 .debug_info    0x00004653     0x128c CMakeFiles/homework1.elf.dir/Core/Src/tim.c.obj
 .debug_info    0x000058df      0xddc CMakeFiles/homework1.elf.dir/Core/Src/usart.c.obj
 .debug_info    0x000066bb       0x30 CMakeFiles/homework1.elf.dir/Core/Startup/startup_stm32f427iihx.s.obj
 .debug_info    0x000066eb      0xa4c CMakeFiles/homework1.elf.dir/Drivers/STM32F4xx_HAL_Driver/Src/stm32f4xx_hal.c.obj
 .debug_info    0x00007137     0x11f0 CMakeFiles/homework1.elf.dir/Drivers/STM32F4xx_HAL_Driver/Src/stm32f4xx_hal_can.c.obj
 .debug_info    0x00008327      0xfe5 CMakeFiles/homework1.elf.dir/Drivers/STM32F4xx_HAL_Driver/Src/stm32f4xx_hal_cortex.c.obj
 .debug_info    0x0000930c      0xad9 CMakeFiles/homework1.elf.dir/Drivers/STM32F4xx_HAL_Driver/Src/stm32f4xx_hal_dma.c.obj
 .debug_info    0x00009de5      0x71c CMakeFiles/homework1.elf.dir/Drivers/STM32F4xx_HAL_Driver/Src/stm32f4xx_hal_gpio.c.obj
 .debug_info    0x0000a501      0x78a CMakeFiles/homework1.elf.dir/Drivers/STM32F4xx_HAL_Driver/Src/stm32f4xx_hal_pwr_ex.c.obj
 .debug_info    0x0000ac8b      0xa85 CMakeFiles/homework1.elf.dir/Drivers/STM32F4xx_HAL_Driver/Src/stm32f4xx_hal_rcc.c.obj
 .debug_info    0x0000b710     0x3be0 CMakeFiles/homework1.elf.dir/Drivers/STM32F4xx_HAL_Driver/Src/stm32f4xx_hal_tim.c.obj
 .debug_info    0x0000f2f0     0x1ac8 CMakeFiles/homework1.elf.dir/Drivers/STM32F4xx_HAL_Driver/Src/stm32f4xx_hal_tim_ex.c.obj
 .debug_info    0x00010db8     0x3fcf CMakeFiles/homework1.elf.dir/Drivers/STM32F4xx_HAL_Driver/Src/stm32f4xx_hal_uart.c.obj
 .debug_info    0x00014d87       0xe0 C:/RMdiankong/STM32CubeCLT/STM32CubeCLT_1.16.0/GNU-tools-for-STM32/bin/../lib/gcc/arm-none-eabi/12.3.1/../../../../arm-none-eabi/lib/thumb/v7e-m/nofp\libg.a(libc_a-memset.o)
 .debug_info    0x00014e67      0x10b C:/RMdiankong/STM32CubeCLT/STM32CubeCLT_1.16.0/GNU-tools-for-STM32/bin/../lib/gcc/arm-none-eabi/12.3.1/../../../../arm-none-eabi/lib/thumb/v7e-m/nofp\libg.a(libc_a-init.o)
 .debug_info    0x00014f72      0x20a C:/RMdiankong/STM32CubeCLT/STM32CubeCLT_1.16.0/GNU-tools-for-STM32/bin/../lib/gcc/arm-none-eabi/12.3.1/../../../../arm-none-eabi/lib/thumb/v7e-m/nofp\libg.a(libc_a-lock.o)
 .debug_info    0x0001517c      0x2dd C:/RMdiankong/STM32CubeCLT/STM32CubeCLT_1.16.0/GNU-tools-for-STM32/bin/../lib/gcc/arm-none-eabi/12.3.1/../../../../arm-none-eabi/lib/thumb/v7e-m/nofp\libg.a(libc_a-__call_atexit.o)
 .debug_info    0x00015459      0x118 C:/RMdiankong/STM32CubeCLT/STM32CubeCLT_1.16.0/GNU-tools-for-STM32/bin/../lib/gcc/arm-none-eabi/12.3.1/../../../../arm-none-eabi/lib/thumb/v7e-m/nofp\libg.a(libc_a-atexit.o)
 .debug_info    0x00015571       0xf7 C:/RMdiankong/STM32CubeCLT/STM32CubeCLT_1.16.0/GNU-tools-for-STM32/bin/../lib/gcc/arm-none-eabi/12.3.1/../../../../arm-none-eabi/lib/thumb/v7e-m/nofp\libg.a(libc_a-fini.o)
 .debug_info    0x00015668      0x25f C:/RMdiankong/STM32CubeCLT/STM32CubeCLT_1.16.0/GNU-tools-for-STM32/bin/../lib/gcc/arm-none-eabi/12.3.1/../../../../arm-none-eabi/lib/thumb/v7e-m/nofp\libg.a(libc_a-__atexit.o)

.debug_abbrev   0x00000000     0x3399
 .debug_abbrev  0x00000000      0x22e CMakeFiles/homework1.elf.dir/Core/Src/callback.c.obj
 .debug_abbrev  0x0000022e      0x23d CMakeFiles/homework1.elf.dir/Core/Src/can.c.obj
 .debug_abbrev  0x0000046b      0x12b CMakeFiles/homework1.elf.dir/Core/Src/dma.c.obj
 .debug_abbrev  0x00000596      0x164 CMakeFiles/homework1.elf.dir/Core/Src/gpio.c.obj
 .debug_abbrev  0x000006fa      0x285 CMakeFiles/homework1.elf.dir/Core/Src/main.c.obj
 .debug_abbrev  0x0000097f       0xd6 CMakeFiles/homework1.elf.dir/Core/Src/stm32f4xx_hal_msp.c.obj
 .debug_abbrev  0x00000a55      0x206 CMakeFiles/homework1.elf.dir/Core/Src/stm32f4xx_it.c.obj
 .debug_abbrev  0x00000c5b      0x120 CMakeFiles/homework1.elf.dir/Core/Src/system_stm32f4xx.c.obj
 .debug_abbrev  0x00000d7b      0x242 CMakeFiles/homework1.elf.dir/Core/Src/tim.c.obj
 .debug_abbrev  0x00000fbd      0x24e CMakeFiles/homework1.elf.dir/Core/Src/usart.c.obj
 .debug_abbrev  0x0000120b       0x24 CMakeFiles/homework1.elf.dir/Core/Startup/startup_stm32f427iihx.s.obj
 .debug_abbrev  0x0000122f      0x240 CMakeFiles/homework1.elf.dir/Drivers/STM32F4xx_HAL_Driver/Src/stm32f4xx_hal.c.obj
 .debug_abbrev  0x0000146f      0x27d CMakeFiles/homework1.elf.dir/Drivers/STM32F4xx_HAL_Driver/Src/stm32f4xx_hal_can.c.obj
 .debug_abbrev  0x000016ec      0x391 CMakeFiles/homework1.elf.dir/Drivers/STM32F4xx_HAL_Driver/Src/stm32f4xx_hal_cortex.c.obj
 .debug_abbrev  0x00001a7d      0x2c0 CMakeFiles/homework1.elf.dir/Drivers/STM32F4xx_HAL_Driver/Src/stm32f4xx_hal_dma.c.obj
 .debug_abbrev  0x00001d3d      0x202 CMakeFiles/homework1.elf.dir/Drivers/STM32F4xx_HAL_Driver/Src/stm32f4xx_hal_gpio.c.obj
 .debug_abbrev  0x00001f3f      0x1e6 CMakeFiles/homework1.elf.dir/Drivers/STM32F4xx_HAL_Driver/Src/stm32f4xx_hal_pwr_ex.c.obj
 .debug_abbrev  0x00002125      0x2c7 CMakeFiles/homework1.elf.dir/Drivers/STM32F4xx_HAL_Driver/Src/stm32f4xx_hal_rcc.c.obj
 .debug_abbrev  0x000023ec      0x271 CMakeFiles/homework1.elf.dir/Drivers/STM32F4xx_HAL_Driver/Src/stm32f4xx_hal_tim.c.obj
 .debug_abbrev  0x0000265d      0x26f CMakeFiles/homework1.elf.dir/Drivers/STM32F4xx_HAL_Driver/Src/stm32f4xx_hal_tim_ex.c.obj
 .debug_abbrev  0x000028cc      0x32f CMakeFiles/homework1.elf.dir/Drivers/STM32F4xx_HAL_Driver/Src/stm32f4xx_hal_uart.c.obj
 .debug_abbrev  0x00002bfb       0x9e C:/RMdiankong/STM32CubeCLT/STM32CubeCLT_1.16.0/GNU-tools-for-STM32/bin/../lib/gcc/arm-none-eabi/12.3.1/../../../../arm-none-eabi/lib/thumb/v7e-m/nofp\libg.a(libc_a-memset.o)
 .debug_abbrev  0x00002c99       0xc9 C:/RMdiankong/STM32CubeCLT/STM32CubeCLT_1.16.0/GNU-tools-for-STM32/bin/../lib/gcc/arm-none-eabi/12.3.1/../../../../arm-none-eabi/lib/thumb/v7e-m/nofp\libg.a(libc_a-init.o)
 .debug_abbrev  0x00002d62      0x115 C:/RMdiankong/STM32CubeCLT/STM32CubeCLT_1.16.0/GNU-tools-for-STM32/bin/../lib/gcc/arm-none-eabi/12.3.1/../../../../arm-none-eabi/lib/thumb/v7e-m/nofp\libg.a(libc_a-lock.o)
 .debug_abbrev  0x00002e77      0x20c C:/RMdiankong/STM32CubeCLT/STM32CubeCLT_1.16.0/GNU-tools-for-STM32/bin/../lib/gcc/arm-none-eabi/12.3.1/../../../../arm-none-eabi/lib/thumb/v7e-m/nofp\libg.a(libc_a-__call_atexit.o)
 .debug_abbrev  0x00003083       0xc1 C:/RMdiankong/STM32CubeCLT/STM32CubeCLT_1.16.0/GNU-tools-for-STM32/bin/../lib/gcc/arm-none-eabi/12.3.1/../../../../arm-none-eabi/lib/thumb/v7e-m/nofp\libg.a(libc_a-atexit.o)
 .debug_abbrev  0x00003144       0xcc C:/RMdiankong/STM32CubeCLT/STM32CubeCLT_1.16.0/GNU-tools-for-STM32/bin/../lib/gcc/arm-none-eabi/12.3.1/../../../../arm-none-eabi/lib/thumb/v7e-m/nofp\libg.a(libc_a-fini.o)
 .debug_abbrev  0x00003210      0x189 C:/RMdiankong/STM32CubeCLT/STM32CubeCLT_1.16.0/GNU-tools-for-STM32/bin/../lib/gcc/arm-none-eabi/12.3.1/../../../../arm-none-eabi/lib/thumb/v7e-m/nofp\libg.a(libc_a-__atexit.o)

.debug_loclists
                0x00000000     0x920a
 .debug_loclists
                0x00000000       0x6f CMakeFiles/homework1.elf.dir/Core/Src/callback.c.obj
 .debug_loclists
                0x0000006f       0x5c CMakeFiles/homework1.elf.dir/Core/Src/can.c.obj
 .debug_loclists
                0x000000cb       0xdb CMakeFiles/homework1.elf.dir/Core/Src/system_stm32f4xx.c.obj
 .debug_loclists
                0x000001a6       0xa9 CMakeFiles/homework1.elf.dir/Core/Src/tim.c.obj
 .debug_loclists
                0x0000024f       0x7d CMakeFiles/homework1.elf.dir/Core/Src/usart.c.obj
 .debug_loclists
                0x000002cc       0xc9 CMakeFiles/homework1.elf.dir/Drivers/STM32F4xx_HAL_Driver/Src/stm32f4xx_hal.c.obj
 .debug_loclists
                0x00000395      0x85b CMakeFiles/homework1.elf.dir/Drivers/STM32F4xx_HAL_Driver/Src/stm32f4xx_hal_can.c.obj
 .debug_loclists
                0x00000bf0      0x439 CMakeFiles/homework1.elf.dir/Drivers/STM32F4xx_HAL_Driver/Src/stm32f4xx_hal_cortex.c.obj
 .debug_loclists
                0x00001029      0x763 CMakeFiles/homework1.elf.dir/Drivers/STM32F4xx_HAL_Driver/Src/stm32f4xx_hal_dma.c.obj
 .debug_loclists
                0x0000178c      0x356 CMakeFiles/homework1.elf.dir/Drivers/STM32F4xx_HAL_Driver/Src/stm32f4xx_hal_gpio.c.obj
 .debug_loclists
                0x00001ae2      0x14e CMakeFiles/homework1.elf.dir/Drivers/STM32F4xx_HAL_Driver/Src/stm32f4xx_hal_pwr_ex.c.obj
 .debug_loclists
                0x00001c30      0x3a9 CMakeFiles/homework1.elf.dir/Drivers/STM32F4xx_HAL_Driver/Src/stm32f4xx_hal_rcc.c.obj
 .debug_loclists
                0x00001fd9     0x3331 CMakeFiles/homework1.elf.dir/Drivers/STM32F4xx_HAL_Driver/Src/stm32f4xx_hal_tim.c.obj
 .debug_loclists
                0x0000530a     0x129a CMakeFiles/homework1.elf.dir/Drivers/STM32F4xx_HAL_Driver/Src/stm32f4xx_hal_tim_ex.c.obj
 .debug_loclists
                0x000065a4     0x29f1 CMakeFiles/homework1.elf.dir/Drivers/STM32F4xx_HAL_Driver/Src/stm32f4xx_hal_uart.c.obj
 .debug_loclists
                0x00008f95       0x47 C:/RMdiankong/STM32CubeCLT/STM32CubeCLT_1.16.0/GNU-tools-for-STM32/bin/../lib/gcc/arm-none-eabi/12.3.1/../../../../arm-none-eabi/lib/thumb/v7e-m/nofp\libg.a(libc_a-memset.o)
 .debug_loclists
                0x00008fdc       0x44 C:/RMdiankong/STM32CubeCLT/STM32CubeCLT_1.16.0/GNU-tools-for-STM32/bin/../lib/gcc/arm-none-eabi/12.3.1/../../../../arm-none-eabi/lib/thumb/v7e-m/nofp\libg.a(libc_a-init.o)
 .debug_loclists
                0x00009020       0x23 C:/RMdiankong/STM32CubeCLT/STM32CubeCLT_1.16.0/GNU-tools-for-STM32/bin/../lib/gcc/arm-none-eabi/12.3.1/../../../../arm-none-eabi/lib/thumb/v7e-m/nofp\libg.a(libc_a-lock.o)
 .debug_loclists
                0x00009043       0xd4 C:/RMdiankong/STM32CubeCLT/STM32CubeCLT_1.16.0/GNU-tools-for-STM32/bin/../lib/gcc/arm-none-eabi/12.3.1/../../../../arm-none-eabi/lib/thumb/v7e-m/nofp\libg.a(libc_a-__call_atexit.o)
 .debug_loclists
                0x00009117       0x2a C:/RMdiankong/STM32CubeCLT/STM32CubeCLT_1.16.0/GNU-tools-for-STM32/bin/../lib/gcc/arm-none-eabi/12.3.1/../../../../arm-none-eabi/lib/thumb/v7e-m/nofp\libg.a(libc_a-atexit.o)
 .debug_loclists
                0x00009141       0x3b C:/RMdiankong/STM32CubeCLT/STM32CubeCLT_1.16.0/GNU-tools-for-STM32/bin/../lib/gcc/arm-none-eabi/12.3.1/../../../../arm-none-eabi/lib/thumb/v7e-m/nofp\libg.a(libc_a-fini.o)
 .debug_loclists
                0x0000917c       0x8e C:/RMdiankong/STM32CubeCLT/STM32CubeCLT_1.16.0/GNU-tools-for-STM32/bin/../lib/gcc/arm-none-eabi/12.3.1/../../../../arm-none-eabi/lib/thumb/v7e-m/nofp\libg.a(libc_a-__atexit.o)

.debug_aranges  0x00000000      0xfd0
 .debug_aranges
                0x00000000       0x30 CMakeFiles/homework1.elf.dir/Core/Src/callback.c.obj
 .debug_aranges
                0x00000030       0x30 CMakeFiles/homework1.elf.dir/Core/Src/can.c.obj
 .debug_aranges
                0x00000060       0x20 CMakeFiles/homework1.elf.dir/Core/Src/dma.c.obj
 .debug_aranges
                0x00000080       0x20 CMakeFiles/homework1.elf.dir/Core/Src/gpio.c.obj
 .debug_aranges
                0x000000a0       0x30 CMakeFiles/homework1.elf.dir/Core/Src/main.c.obj
 .debug_aranges
                0x000000d0       0x20 CMakeFiles/homework1.elf.dir/Core/Src/stm32f4xx_hal_msp.c.obj
 .debug_aranges
                0x000000f0       0xa8 CMakeFiles/homework1.elf.dir/Core/Src/stm32f4xx_it.c.obj
 .debug_aranges
                0x00000198       0x28 CMakeFiles/homework1.elf.dir/Core/Src/system_stm32f4xx.c.obj
 .debug_aranges
                0x000001c0       0x40 CMakeFiles/homework1.elf.dir/Core/Src/tim.c.obj
 .debug_aranges
                0x00000200       0x38 CMakeFiles/homework1.elf.dir/Core/Src/usart.c.obj
 .debug_aranges
                0x00000238       0x28 CMakeFiles/homework1.elf.dir/Core/Startup/startup_stm32f427iihx.s.obj
 .debug_aranges
                0x00000260      0x100 CMakeFiles/homework1.elf.dir/Drivers/STM32F4xx_HAL_Driver/Src/stm32f4xx_hal.c.obj
 .debug_aranges
                0x00000360      0x138 CMakeFiles/homework1.elf.dir/Drivers/STM32F4xx_HAL_Driver/Src/stm32f4xx_hal_can.c.obj
 .debug_aranges
                0x00000498       0xf8 CMakeFiles/homework1.elf.dir/Drivers/STM32F4xx_HAL_Driver/Src/stm32f4xx_hal_cortex.c.obj
 .debug_aranges
                0x00000590       0x90 CMakeFiles/homework1.elf.dir/Drivers/STM32F4xx_HAL_Driver/Src/stm32f4xx_hal_dma.c.obj
 .debug_aranges
                0x00000620       0x58 CMakeFiles/homework1.elf.dir/Drivers/STM32F4xx_HAL_Driver/Src/stm32f4xx_hal_gpio.c.obj
 .debug_aranges
                0x00000678       0x60 CMakeFiles/homework1.elf.dir/Drivers/STM32F4xx_HAL_Driver/Src/stm32f4xx_hal_pwr_ex.c.obj
 .debug_aranges
                0x000006d8       0x88 CMakeFiles/homework1.elf.dir/Drivers/STM32F4xx_HAL_Driver/Src/stm32f4xx_hal_rcc.c.obj
 .debug_aranges
                0x00000760      0x3d0 CMakeFiles/homework1.elf.dir/Drivers/STM32F4xx_HAL_Driver/Src/stm32f4xx_hal_tim.c.obj
 .debug_aranges
                0x00000b30      0x168 CMakeFiles/homework1.elf.dir/Drivers/STM32F4xx_HAL_Driver/Src/stm32f4xx_hal_tim_ex.c.obj
 .debug_aranges
                0x00000c98      0x208 CMakeFiles/homework1.elf.dir/Drivers/STM32F4xx_HAL_Driver/Src/stm32f4xx_hal_uart.c.obj
 .debug_aranges
                0x00000ea0       0x20 C:/RMdiankong/STM32CubeCLT/STM32CubeCLT_1.16.0/GNU-tools-for-STM32/bin/../lib/gcc/arm-none-eabi/12.3.1/../../../../arm-none-eabi/lib/thumb/v7e-m/nofp\libg.a(libc_a-memset.o)
 .debug_aranges
                0x00000ec0       0x20 C:/RMdiankong/STM32CubeCLT/STM32CubeCLT_1.16.0/GNU-tools-for-STM32/bin/../lib/gcc/arm-none-eabi/12.3.1/../../../../arm-none-eabi/lib/thumb/v7e-m/nofp\libg.a(libc_a-init.o)
 .debug_aranges
                0x00000ee0       0x68 C:/RMdiankong/STM32CubeCLT/STM32CubeCLT_1.16.0/GNU-tools-for-STM32/bin/../lib/gcc/arm-none-eabi/12.3.1/../../../../arm-none-eabi/lib/thumb/v7e-m/nofp\libg.a(libc_a-lock.o)
 .debug_aranges
                0x00000f48       0x28 C:/RMdiankong/STM32CubeCLT/STM32CubeCLT_1.16.0/GNU-tools-for-STM32/bin/../lib/gcc/arm-none-eabi/12.3.1/../../../../arm-none-eabi/lib/thumb/v7e-m/nofp\libg.a(libc_a-__call_atexit.o)
 .debug_aranges
                0x00000f70       0x20 C:/RMdiankong/STM32CubeCLT/STM32CubeCLT_1.16.0/GNU-tools-for-STM32/bin/../lib/gcc/arm-none-eabi/12.3.1/../../../../arm-none-eabi/lib/thumb/v7e-m/nofp\libg.a(libc_a-atexit.o)
 .debug_aranges
                0x00000f90       0x20 C:/RMdiankong/STM32CubeCLT/STM32CubeCLT_1.16.0/GNU-tools-for-STM32/bin/../lib/gcc/arm-none-eabi/12.3.1/../../../../arm-none-eabi/lib/thumb/v7e-m/nofp\libg.a(libc_a-fini.o)
 .debug_aranges
                0x00000fb0       0x20 C:/RMdiankong/STM32CubeCLT/STM32CubeCLT_1.16.0/GNU-tools-for-STM32/bin/../lib/gcc/arm-none-eabi/12.3.1/../../../../arm-none-eabi/lib/thumb/v7e-m/nofp\libg.a(libc_a-__atexit.o)

.debug_rnglists
                0x00000000      0xbf3
 .debug_rnglists
                0x00000000       0x1f CMakeFiles/homework1.elf.dir/Core/Src/callback.c.obj
 .debug_rnglists
                0x0000001f       0x1f CMakeFiles/homework1.elf.dir/Core/Src/can.c.obj
 .debug_rnglists
                0x0000003e       0x13 CMakeFiles/homework1.elf.dir/Core/Src/dma.c.obj
 .debug_rnglists
                0x00000051       0x14 CMakeFiles/homework1.elf.dir/Core/Src/gpio.c.obj
 .debug_rnglists
                0x00000065       0x21 CMakeFiles/homework1.elf.dir/Core/Src/main.c.obj
 .debug_rnglists
                0x00000086       0x13 CMakeFiles/homework1.elf.dir/Core/Src/stm32f4xx_hal_msp.c.obj
 .debug_rnglists
                0x00000099       0x79 CMakeFiles/homework1.elf.dir/Core/Src/stm32f4xx_it.c.obj
 .debug_rnglists
                0x00000112       0x1a CMakeFiles/homework1.elf.dir/Core/Src/system_stm32f4xx.c.obj
 .debug_rnglists
                0x0000012c       0x2d CMakeFiles/homework1.elf.dir/Core/Src/tim.c.obj
 .debug_rnglists
                0x00000159       0x26 CMakeFiles/homework1.elf.dir/Core/Src/usart.c.obj
 .debug_rnglists
                0x0000017f       0x19 CMakeFiles/homework1.elf.dir/Core/Startup/startup_stm32f427iihx.s.obj
 .debug_rnglists
                0x00000198       0xbb CMakeFiles/homework1.elf.dir/Drivers/STM32F4xx_HAL_Driver/Src/stm32f4xx_hal.c.obj
 .debug_rnglists
                0x00000253       0xf6 CMakeFiles/homework1.elf.dir/Drivers/STM32F4xx_HAL_Driver/Src/stm32f4xx_hal_can.c.obj
 .debug_rnglists
                0x00000349       0xb5 CMakeFiles/homework1.elf.dir/Drivers/STM32F4xx_HAL_Driver/Src/stm32f4xx_hal_cortex.c.obj
 .debug_rnglists
                0x000003fe       0x6c CMakeFiles/homework1.elf.dir/Drivers/STM32F4xx_HAL_Driver/Src/stm32f4xx_hal_dma.c.obj
 .debug_rnglists
                0x0000046a       0x3f CMakeFiles/homework1.elf.dir/Drivers/STM32F4xx_HAL_Driver/Src/stm32f4xx_hal_gpio.c.obj
 .debug_rnglists
                0x000004a9       0x44 CMakeFiles/homework1.elf.dir/Drivers/STM32F4xx_HAL_Driver/Src/stm32f4xx_hal_pwr_ex.c.obj
 .debug_rnglists
                0x000004ed       0x75 CMakeFiles/homework1.elf.dir/Drivers/STM32F4xx_HAL_Driver/Src/stm32f4xx_hal_rcc.c.obj
 .debug_rnglists
                0x00000562      0x302 CMakeFiles/homework1.elf.dir/Drivers/STM32F4xx_HAL_Driver/Src/stm32f4xx_hal_tim.c.obj
 .debug_rnglists
                0x00000864      0x11b CMakeFiles/homework1.elf.dir/Drivers/STM32F4xx_HAL_Driver/Src/stm32f4xx_hal_tim_ex.c.obj
 .debug_rnglists
                0x0000097f      0x1a1 CMakeFiles/homework1.elf.dir/Drivers/STM32F4xx_HAL_Driver/Src/stm32f4xx_hal_uart.c.obj
 .debug_rnglists
                0x00000b20       0x13 C:/RMdiankong/STM32CubeCLT/STM32CubeCLT_1.16.0/GNU-tools-for-STM32/bin/../lib/gcc/arm-none-eabi/12.3.1/../../../../arm-none-eabi/lib/thumb/v7e-m/nofp\libg.a(libc_a-memset.o)
 .debug_rnglists
                0x00000b33       0x13 C:/RMdiankong/STM32CubeCLT/STM32CubeCLT_1.16.0/GNU-tools-for-STM32/bin/../lib/gcc/arm-none-eabi/12.3.1/../../../../arm-none-eabi/lib/thumb/v7e-m/nofp\libg.a(libc_a-init.o)
 .debug_rnglists
                0x00000b46       0x49 C:/RMdiankong/STM32CubeCLT/STM32CubeCLT_1.16.0/GNU-tools-for-STM32/bin/../lib/gcc/arm-none-eabi/12.3.1/../../../../arm-none-eabi/lib/thumb/v7e-m/nofp\libg.a(libc_a-lock.o)
 .debug_rnglists
                0x00000b8f       0x2a C:/RMdiankong/STM32CubeCLT/STM32CubeCLT_1.16.0/GNU-tools-for-STM32/bin/../lib/gcc/arm-none-eabi/12.3.1/../../../../arm-none-eabi/lib/thumb/v7e-m/nofp\libg.a(libc_a-__call_atexit.o)
 .debug_rnglists
                0x00000bb9       0x13 C:/RMdiankong/STM32CubeCLT/STM32CubeCLT_1.16.0/GNU-tools-for-STM32/bin/../lib/gcc/arm-none-eabi/12.3.1/../../../../arm-none-eabi/lib/thumb/v7e-m/nofp\libg.a(libc_a-atexit.o)
 .debug_rnglists
                0x00000bcc       0x13 C:/RMdiankong/STM32CubeCLT/STM32CubeCLT_1.16.0/GNU-tools-for-STM32/bin/../lib/gcc/arm-none-eabi/12.3.1/../../../../arm-none-eabi/lib/thumb/v7e-m/nofp\libg.a(libc_a-fini.o)
 .debug_rnglists
                0x00000bdf       0x14 C:/RMdiankong/STM32CubeCLT/STM32CubeCLT_1.16.0/GNU-tools-for-STM32/bin/../lib/gcc/arm-none-eabi/12.3.1/../../../../arm-none-eabi/lib/thumb/v7e-m/nofp\libg.a(libc_a-__atexit.o)

.debug_line     0x00000000    0x127c2
 .debug_line    0x00000000      0x3cc CMakeFiles/homework1.elf.dir/Core/Src/callback.c.obj
 .debug_line    0x000003cc      0x3d9 CMakeFiles/homework1.elf.dir/Core/Src/can.c.obj
 .debug_line    0x000007a5      0x24b CMakeFiles/homework1.elf.dir/Core/Src/dma.c.obj
 .debug_line    0x000009f0      0x296 CMakeFiles/homework1.elf.dir/Core/Src/gpio.c.obj
 .debug_line    0x00000c86      0x4d1 CMakeFiles/homework1.elf.dir/Core/Src/main.c.obj
 .debug_line    0x00001157      0x20b CMakeFiles/homework1.elf.dir/Core/Src/stm32f4xx_hal_msp.c.obj
 .debug_line    0x00001362      0x49f CMakeFiles/homework1.elf.dir/Core/Src/stm32f4xx_it.c.obj
 .debug_line    0x00001801      0x2d3 CMakeFiles/homework1.elf.dir/Core/Src/system_stm32f4xx.c.obj
 .debug_line    0x00001ad4      0x593 CMakeFiles/homework1.elf.dir/Core/Src/tim.c.obj
 .debug_line    0x00002067      0x4ec CMakeFiles/homework1.elf.dir/Core/Src/usart.c.obj
 .debug_line    0x00002553       0x7a CMakeFiles/homework1.elf.dir/Core/Startup/startup_stm32f427iihx.s.obj
 .debug_line    0x000025cd      0x683 CMakeFiles/homework1.elf.dir/Drivers/STM32F4xx_HAL_Driver/Src/stm32f4xx_hal.c.obj
 .debug_line    0x00002c50     0x120f CMakeFiles/homework1.elf.dir/Drivers/STM32F4xx_HAL_Driver/Src/stm32f4xx_hal_can.c.obj
 .debug_line    0x00003e5f      0x938 CMakeFiles/homework1.elf.dir/Drivers/STM32F4xx_HAL_Driver/Src/stm32f4xx_hal_cortex.c.obj
 .debug_line    0x00004797      0xf27 CMakeFiles/homework1.elf.dir/Drivers/STM32F4xx_HAL_Driver/Src/stm32f4xx_hal_dma.c.obj
 .debug_line    0x000056be      0x79f CMakeFiles/homework1.elf.dir/Drivers/STM32F4xx_HAL_Driver/Src/stm32f4xx_hal_gpio.c.obj
 .debug_line    0x00005e5d      0x584 CMakeFiles/homework1.elf.dir/Drivers/STM32F4xx_HAL_Driver/Src/stm32f4xx_hal_pwr_ex.c.obj
 .debug_line    0x000063e1      0xc08 CMakeFiles/homework1.elf.dir/Drivers/STM32F4xx_HAL_Driver/Src/stm32f4xx_hal_rcc.c.obj
 .debug_line    0x00006fe9     0x4b45 CMakeFiles/homework1.elf.dir/Drivers/STM32F4xx_HAL_Driver/Src/stm32f4xx_hal_tim.c.obj
 .debug_line    0x0000bb2e     0x1dde CMakeFiles/homework1.elf.dir/Drivers/STM32F4xx_HAL_Driver/Src/stm32f4xx_hal_tim_ex.c.obj
 .debug_line    0x0000d90c     0x43a4 CMakeFiles/homework1.elf.dir/Drivers/STM32F4xx_HAL_Driver/Src/stm32f4xx_hal_uart.c.obj
 .debug_line    0x00011cb0      0x17e C:/RMdiankong/STM32CubeCLT/STM32CubeCLT_1.16.0/GNU-tools-for-STM32/bin/../lib/gcc/arm-none-eabi/12.3.1/../../../../arm-none-eabi/lib/thumb/v7e-m/nofp\libg.a(libc_a-memset.o)
 .debug_line    0x00011e2e      0x188 C:/RMdiankong/STM32CubeCLT/STM32CubeCLT_1.16.0/GNU-tools-for-STM32/bin/../lib/gcc/arm-none-eabi/12.3.1/../../../../arm-none-eabi/lib/thumb/v7e-m/nofp\libg.a(libc_a-init.o)
 .debug_line    0x00011fb6      0x19b C:/RMdiankong/STM32CubeCLT/STM32CubeCLT_1.16.0/GNU-tools-for-STM32/bin/../lib/gcc/arm-none-eabi/12.3.1/../../../../arm-none-eabi/lib/thumb/v7e-m/nofp\libg.a(libc_a-lock.o)
 .debug_line    0x00012151      0x28a C:/RMdiankong/STM32CubeCLT/STM32CubeCLT_1.16.0/GNU-tools-for-STM32/bin/../lib/gcc/arm-none-eabi/12.3.1/../../../../arm-none-eabi/lib/thumb/v7e-m/nofp\libg.a(libc_a-__call_atexit.o)
 .debug_line    0x000123db      0x102 C:/RMdiankong/STM32CubeCLT/STM32CubeCLT_1.16.0/GNU-tools-for-STM32/bin/../lib/gcc/arm-none-eabi/12.3.1/../../../../arm-none-eabi/lib/thumb/v7e-m/nofp\libg.a(libc_a-atexit.o)
 .debug_line    0x000124dd      0x140 C:/RMdiankong/STM32CubeCLT/STM32CubeCLT_1.16.0/GNU-tools-for-STM32/bin/../lib/gcc/arm-none-eabi/12.3.1/../../../../arm-none-eabi/lib/thumb/v7e-m/nofp\libg.a(libc_a-fini.o)
 .debug_line    0x0001261d      0x1a5 C:/RMdiankong/STM32CubeCLT/STM32CubeCLT_1.16.0/GNU-tools-for-STM32/bin/../lib/gcc/arm-none-eabi/12.3.1/../../../../arm-none-eabi/lib/thumb/v7e-m/nofp\libg.a(libc_a-__atexit.o)

.debug_str      0x00000000     0x5033
 .debug_str     0x00000000      0x699 CMakeFiles/homework1.elf.dir/Core/Src/callback.c.obj
                                0x753 (size before relaxing)
 .debug_str     0x00000699      0x9b1 CMakeFiles/homework1.elf.dir/Core/Src/can.c.obj
                                0xbcf (size before relaxing)
 .debug_str     0x0000104a       0x33 CMakeFiles/homework1.elf.dir/Core/Src/dma.c.obj
                                0x845 (size before relaxing)
 .debug_str     0x0000107d       0x71 CMakeFiles/homework1.elf.dir/Core/Src/gpio.c.obj
                                0x39f (size before relaxing)
 .debug_str     0x000010ee      0x5db CMakeFiles/homework1.elf.dir/Core/Src/main.c.obj
                                0xfdd (size before relaxing)
 .debug_str     0x000016c9       0x41 CMakeFiles/homework1.elf.dir/Core/Src/stm32f4xx_hal_msp.c.obj
                                0x2e0 (size before relaxing)
 .debug_str     0x0000170a      0x1f6 CMakeFiles/homework1.elf.dir/Core/Src/stm32f4xx_it.c.obj
                                0xd35 (size before relaxing)
 .debug_str     0x00001900       0x9c CMakeFiles/homework1.elf.dir/Core/Src/system_stm32f4xx.c.obj
                                0x346 (size before relaxing)
 .debug_str     0x0000199c      0x2b1 CMakeFiles/homework1.elf.dir/Core/Src/tim.c.obj
                               0x1127 (size before relaxing)
 .debug_str     0x00001c4d       0x82 CMakeFiles/homework1.elf.dir/Core/Src/usart.c.obj
                                0xe22 (size before relaxing)
 .debug_str     0x00001ccf       0x59 CMakeFiles/homework1.elf.dir/Core/Startup/startup_stm32f427iihx.s.obj
                                 0x83 (size before relaxing)
 .debug_str     0x00001d28      0x390 CMakeFiles/homework1.elf.dir/Drivers/STM32F4xx_HAL_Driver/Src/stm32f4xx_hal.c.obj
                                0xc11 (size before relaxing)
 .debug_str     0x000020b8      0x486 CMakeFiles/homework1.elf.dir/Drivers/STM32F4xx_HAL_Driver/Src/stm32f4xx_hal_can.c.obj
                                0xa47 (size before relaxing)
 .debug_str     0x0000253e      0x4d4 CMakeFiles/homework1.elf.dir/Drivers/STM32F4xx_HAL_Driver/Src/stm32f4xx_hal_cortex.c.obj
                                0xcd4 (size before relaxing)
 .debug_str     0x00002a12      0x2ea CMakeFiles/homework1.elf.dir/Drivers/STM32F4xx_HAL_Driver/Src/stm32f4xx_hal_dma.c.obj
                                0x788 (size before relaxing)
 .debug_str     0x00002cfc      0x12a CMakeFiles/homework1.elf.dir/Drivers/STM32F4xx_HAL_Driver/Src/stm32f4xx_hal_gpio.c.obj
                                0x505 (size before relaxing)
 .debug_str     0x00002e26      0x153 CMakeFiles/homework1.elf.dir/Drivers/STM32F4xx_HAL_Driver/Src/stm32f4xx_hal_pwr_ex.c.obj
                                0x4f0 (size before relaxing)
 .debug_str     0x00002f79      0x1b9 CMakeFiles/homework1.elf.dir/Drivers/STM32F4xx_HAL_Driver/Src/stm32f4xx_hal_rcc.c.obj
                                0x72b (size before relaxing)
 .debug_str     0x00003132      0xdf1 CMakeFiles/homework1.elf.dir/Drivers/STM32F4xx_HAL_Driver/Src/stm32f4xx_hal_tim.c.obj
                               0x1711 (size before relaxing)
 .debug_str     0x00003f23      0x451 CMakeFiles/homework1.elf.dir/Drivers/STM32F4xx_HAL_Driver/Src/stm32f4xx_hal_tim_ex.c.obj
                                0xf1d (size before relaxing)
 .debug_str     0x00004374      0x5bb CMakeFiles/homework1.elf.dir/Drivers/STM32F4xx_HAL_Driver/Src/stm32f4xx_hal_uart.c.obj
                                0xdad (size before relaxing)
 .debug_str     0x0000492f      0x16a C:/RMdiankong/STM32CubeCLT/STM32CubeCLT_1.16.0/GNU-tools-for-STM32/bin/../lib/gcc/arm-none-eabi/12.3.1/../../../../arm-none-eabi/lib/thumb/v7e-m/nofp\libg.a(libc_a-memset.o)
                                0x206 (size before relaxing)
 .debug_str     0x00004a99       0xb6 C:/RMdiankong/STM32CubeCLT/STM32CubeCLT_1.16.0/GNU-tools-for-STM32/bin/../lib/gcc/arm-none-eabi/12.3.1/../../../../arm-none-eabi/lib/thumb/v7e-m/nofp\libg.a(libc_a-init.o)
                                0x267 (size before relaxing)
 .debug_str     0x00004b4f      0x266 C:/RMdiankong/STM32CubeCLT/STM32CubeCLT_1.16.0/GNU-tools-for-STM32/bin/../lib/gcc/arm-none-eabi/12.3.1/../../../../arm-none-eabi/lib/thumb/v7e-m/nofp\libg.a(libc_a-lock.o)
                                0x379 (size before relaxing)
 .debug_str     0x00004db5      0x100 C:/RMdiankong/STM32CubeCLT/STM32CubeCLT_1.16.0/GNU-tools-for-STM32/bin/../lib/gcc/arm-none-eabi/12.3.1/../../../../arm-none-eabi/lib/thumb/v7e-m/nofp\libg.a(libc_a-__call_atexit.o)
                                0x343 (size before relaxing)
 .debug_str     0x00004eb5       0x9e C:/RMdiankong/STM32CubeCLT/STM32CubeCLT_1.16.0/GNU-tools-for-STM32/bin/../lib/gcc/arm-none-eabi/12.3.1/../../../../arm-none-eabi/lib/thumb/v7e-m/nofp\libg.a(libc_a-atexit.o)
                                0x243 (size before relaxing)
 .debug_str     0x00004f53       0x7a C:/RMdiankong/STM32CubeCLT/STM32CubeCLT_1.16.0/GNU-tools-for-STM32/bin/../lib/gcc/arm-none-eabi/12.3.1/../../../../arm-none-eabi/lib/thumb/v7e-m/nofp\libg.a(libc_a-fini.o)
                                0x23d (size before relaxing)
 .debug_str     0x00004fcd       0x66 C:/RMdiankong/STM32CubeCLT/STM32CubeCLT_1.16.0/GNU-tools-for-STM32/bin/../lib/gcc/arm-none-eabi/12.3.1/../../../../arm-none-eabi/lib/thumb/v7e-m/nofp\libg.a(libc_a-__atexit.o)
                                0x31a (size before relaxing)

.comment        0x00000000       0x43
 .comment       0x00000000       0x43 CMakeFiles/homework1.elf.dir/Core/Src/callback.c.obj
                                 0x44 (size before relaxing)
 .comment       0x00000043       0x44 CMakeFiles/homework1.elf.dir/Core/Src/can.c.obj
 .comment       0x00000043       0x44 CMakeFiles/homework1.elf.dir/Core/Src/dma.c.obj
 .comment       0x00000043       0x44 CMakeFiles/homework1.elf.dir/Core/Src/gpio.c.obj
 .comment       0x00000043       0x44 CMakeFiles/homework1.elf.dir/Core/Src/main.c.obj
 .comment       0x00000043       0x44 CMakeFiles/homework1.elf.dir/Core/Src/stm32f4xx_hal_msp.c.obj
 .comment       0x00000043       0x44 CMakeFiles/homework1.elf.dir/Core/Src/stm32f4xx_it.c.obj
 .comment       0x00000043       0x44 CMakeFiles/homework1.elf.dir/Core/Src/system_stm32f4xx.c.obj
 .comment       0x00000043       0x44 CMakeFiles/homework1.elf.dir/Core/Src/tim.c.obj
 .comment       0x00000043       0x44 CMakeFiles/homework1.elf.dir/Core/Src/usart.c.obj
 .comment       0x00000043       0x44 CMakeFiles/homework1.elf.dir/Drivers/STM32F4xx_HAL_Driver/Src/stm32f4xx_hal.c.obj
 .comment       0x00000043       0x44 CMakeFiles/homework1.elf.dir/Drivers/STM32F4xx_HAL_Driver/Src/stm32f4xx_hal_can.c.obj
 .comment       0x00000043       0x44 CMakeFiles/homework1.elf.dir/Drivers/STM32F4xx_HAL_Driver/Src/stm32f4xx_hal_cortex.c.obj
 .comment       0x00000043       0x44 CMakeFiles/homework1.elf.dir/Drivers/STM32F4xx_HAL_Driver/Src/stm32f4xx_hal_dma.c.obj
 .comment       0x00000043       0x44 CMakeFiles/homework1.elf.dir/Drivers/STM32F4xx_HAL_Driver/Src/stm32f4xx_hal_gpio.c.obj
 .comment       0x00000043       0x44 CMakeFiles/homework1.elf.dir/Drivers/STM32F4xx_HAL_Driver/Src/stm32f4xx_hal_pwr_ex.c.obj
 .comment       0x00000043       0x44 CMakeFiles/homework1.elf.dir/Drivers/STM32F4xx_HAL_Driver/Src/stm32f4xx_hal_rcc.c.obj
 .comment       0x00000043       0x44 CMakeFiles/homework1.elf.dir/Drivers/STM32F4xx_HAL_Driver/Src/stm32f4xx_hal_tim.c.obj
 .comment       0x00000043       0x44 CMakeFiles/homework1.elf.dir/Drivers/STM32F4xx_HAL_Driver/Src/stm32f4xx_hal_tim_ex.c.obj
 .comment       0x00000043       0x44 CMakeFiles/homework1.elf.dir/Drivers/STM32F4xx_HAL_Driver/Src/stm32f4xx_hal_uart.c.obj
 .comment       0x00000043       0x44 C:/RMdiankong/STM32CubeCLT/STM32CubeCLT_1.16.0/GNU-tools-for-STM32/bin/../lib/gcc/arm-none-eabi/12.3.1/../../../../arm-none-eabi/lib/thumb/v7e-m/nofp\libg.a(libc_a-memset.o)
 .comment       0x00000043       0x44 C:/RMdiankong/STM32CubeCLT/STM32CubeCLT_1.16.0/GNU-tools-for-STM32/bin/../lib/gcc/arm-none-eabi/12.3.1/../../../../arm-none-eabi/lib/thumb/v7e-m/nofp\libg.a(libc_a-init.o)
 .comment       0x00000043       0x44 C:/RMdiankong/STM32CubeCLT/STM32CubeCLT_1.16.0/GNU-tools-for-STM32/bin/../lib/gcc/arm-none-eabi/12.3.1/../../../../arm-none-eabi/lib/thumb/v7e-m/nofp\libg.a(libc_a-lock.o)
 .comment       0x00000043       0x44 C:/RMdiankong/STM32CubeCLT/STM32CubeCLT_1.16.0/GNU-tools-for-STM32/bin/../lib/gcc/arm-none-eabi/12.3.1/../../../../arm-none-eabi/lib/thumb/v7e-m/nofp\libg.a(libc_a-__call_atexit.o)
 .comment       0x00000043       0x44 C:/RMdiankong/STM32CubeCLT/STM32CubeCLT_1.16.0/GNU-tools-for-STM32/bin/../lib/gcc/arm-none-eabi/12.3.1/../../../../arm-none-eabi/lib/thumb/v7e-m/nofp\libg.a(libc_a-atexit.o)
 .comment       0x00000043       0x44 C:/RMdiankong/STM32CubeCLT/STM32CubeCLT_1.16.0/GNU-tools-for-STM32/bin/../lib/gcc/arm-none-eabi/12.3.1/../../../../arm-none-eabi/lib/thumb/v7e-m/nofp\libg.a(libc_a-fini.o)
 .comment       0x00000043       0x44 C:/RMdiankong/STM32CubeCLT/STM32CubeCLT_1.16.0/GNU-tools-for-STM32/bin/../lib/gcc/arm-none-eabi/12.3.1/../../../../arm-none-eabi/lib/thumb/v7e-m/nofp\libg.a(libc_a-__atexit.o)

.debug_frame    0x00000000     0x27c0
 .debug_frame   0x00000000       0x64 CMakeFiles/homework1.elf.dir/Core/Src/callback.c.obj
 .debug_frame   0x00000064       0x60 CMakeFiles/homework1.elf.dir/Core/Src/can.c.obj
 .debug_frame   0x000000c4       0x2c CMakeFiles/homework1.elf.dir/Core/Src/dma.c.obj
 .debug_frame   0x000000f0       0x30 CMakeFiles/homework1.elf.dir/Core/Src/gpio.c.obj
 .debug_frame   0x00000120       0x58 CMakeFiles/homework1.elf.dir/Core/Src/main.c.obj
 .debug_frame   0x00000178       0x28 CMakeFiles/homework1.elf.dir/Core/Src/stm32f4xx_hal_msp.c.obj
 .debug_frame   0x000001a0      0x180 CMakeFiles/homework1.elf.dir/Core/Src/stm32f4xx_it.c.obj
 .debug_frame   0x00000320       0x30 CMakeFiles/homework1.elf.dir/Core/Src/system_stm32f4xx.c.obj
 .debug_frame   0x00000350       0xac CMakeFiles/homework1.elf.dir/Core/Src/tim.c.obj
 .debug_frame   0x000003fc       0x7c CMakeFiles/homework1.elf.dir/Core/Src/usart.c.obj
 .debug_frame   0x00000478      0x20c CMakeFiles/homework1.elf.dir/Drivers/STM32F4xx_HAL_Driver/Src/stm32f4xx_hal.c.obj
 .debug_frame   0x00000684      0x2d4 CMakeFiles/homework1.elf.dir/Drivers/STM32F4xx_HAL_Driver/Src/stm32f4xx_hal_can.c.obj
 .debug_frame   0x00000958      0x214 CMakeFiles/homework1.elf.dir/Drivers/STM32F4xx_HAL_Driver/Src/stm32f4xx_hal_cortex.c.obj
 .debug_frame   0x00000b6c      0x188 CMakeFiles/homework1.elf.dir/Drivers/STM32F4xx_HAL_Driver/Src/stm32f4xx_hal_dma.c.obj
 .debug_frame   0x00000cf4       0xd4 CMakeFiles/homework1.elf.dir/Drivers/STM32F4xx_HAL_Driver/Src/stm32f4xx_hal_gpio.c.obj
 .debug_frame   0x00000dc8       0xec CMakeFiles/homework1.elf.dir/Drivers/STM32F4xx_HAL_Driver/Src/stm32f4xx_hal_pwr_ex.c.obj
 .debug_frame   0x00000eb4      0x16c CMakeFiles/homework1.elf.dir/Drivers/STM32F4xx_HAL_Driver/Src/stm32f4xx_hal_rcc.c.obj
 .debug_frame   0x00001020      0xb08 CMakeFiles/homework1.elf.dir/Drivers/STM32F4xx_HAL_Driver/Src/stm32f4xx_hal_tim.c.obj
 .debug_frame   0x00001b28      0x40c CMakeFiles/homework1.elf.dir/Drivers/STM32F4xx_HAL_Driver/Src/stm32f4xx_hal_tim_ex.c.obj
 .debug_frame   0x00001f34      0x5dc CMakeFiles/homework1.elf.dir/Drivers/STM32F4xx_HAL_Driver/Src/stm32f4xx_hal_uart.c.obj
 .debug_frame   0x00002510       0x24 C:/RMdiankong/STM32CubeCLT/STM32CubeCLT_1.16.0/GNU-tools-for-STM32/bin/../lib/gcc/arm-none-eabi/12.3.1/thumb/v7e-m/nofp\libgcc.a(_arm_mulsf3.o)
 .debug_frame   0x00002534       0x4c C:/RMdiankong/STM32CubeCLT/STM32CubeCLT_1.16.0/GNU-tools-for-STM32/bin/../lib/gcc/arm-none-eabi/12.3.1/thumb/v7e-m/nofp\libgcc.a(_arm_addsubsf3.o)
 .debug_frame   0x00002580       0x2c C:/RMdiankong/STM32CubeCLT/STM32CubeCLT_1.16.0/GNU-tools-for-STM32/bin/../lib/gcc/arm-none-eabi/12.3.1/thumb/v7e-m/nofp\libgcc.a(_aeabi_uldivmod.o)
 .debug_frame   0x000025ac       0x34 C:/RMdiankong/STM32CubeCLT/STM32CubeCLT_1.16.0/GNU-tools-for-STM32/bin/../lib/gcc/arm-none-eabi/12.3.1/thumb/v7e-m/nofp\libgcc.a(_udivmoddi4.o)
 .debug_frame   0x000025e0       0x20 C:/RMdiankong/STM32CubeCLT/STM32CubeCLT_1.16.0/GNU-tools-for-STM32/bin/../lib/gcc/arm-none-eabi/12.3.1/../../../../arm-none-eabi/lib/thumb/v7e-m/nofp\libg.a(libc_a-memset.o)
 .debug_frame   0x00002600       0x2c C:/RMdiankong/STM32CubeCLT/STM32CubeCLT_1.16.0/GNU-tools-for-STM32/bin/../lib/gcc/arm-none-eabi/12.3.1/../../../../arm-none-eabi/lib/thumb/v7e-m/nofp\libg.a(libc_a-init.o)
 .debug_frame   0x0000262c       0xb0 C:/RMdiankong/STM32CubeCLT/STM32CubeCLT_1.16.0/GNU-tools-for-STM32/bin/../lib/gcc/arm-none-eabi/12.3.1/../../../../arm-none-eabi/lib/thumb/v7e-m/nofp\libg.a(libc_a-lock.o)
 .debug_frame   0x000026dc       0x58 C:/RMdiankong/STM32CubeCLT/STM32CubeCLT_1.16.0/GNU-tools-for-STM32/bin/../lib/gcc/arm-none-eabi/12.3.1/../../../../arm-none-eabi/lib/thumb/v7e-m/nofp\libg.a(libc_a-__call_atexit.o)
 .debug_frame   0x00002734       0x20 C:/RMdiankong/STM32CubeCLT/STM32CubeCLT_1.16.0/GNU-tools-for-STM32/bin/../lib/gcc/arm-none-eabi/12.3.1/../../../../arm-none-eabi/lib/thumb/v7e-m/nofp\libg.a(libc_a-atexit.o)
 .debug_frame   0x00002754       0x38 C:/RMdiankong/STM32CubeCLT/STM32CubeCLT_1.16.0/GNU-tools-for-STM32/bin/../lib/gcc/arm-none-eabi/12.3.1/../../../../arm-none-eabi/lib/thumb/v7e-m/nofp\libg.a(libc_a-fini.o)
 .debug_frame   0x0000278c       0x34 C:/RMdiankong/STM32CubeCLT/STM32CubeCLT_1.16.0/GNU-tools-for-STM32/bin/../lib/gcc/arm-none-eabi/12.3.1/../../../../arm-none-eabi/lib/thumb/v7e-m/nofp\libg.a(libc_a-__atexit.o)

.debug_line_str
                0x00000000       0x67
 .debug_line_str
                0x00000000       0x67 CMakeFiles/homework1.elf.dir/Core/Startup/startup_stm32f427iihx.s.obj